16:38:54 **** Incremental Build of configuration Debug for project Blink_LED ****
make -j4 all 
arm-none-eabi-gcc "../Src/main.c" -mcpu=cortex-m3 -std=gnu11 -g3 -DDEBUG -DSTM32 -DSTM32F1 -DSTM32F103C8Tx -c -I../Inc -I/home/ger/Documents/MicroControllers/STM32F103C8T6_Blue_pill/Chip_headers/CMSIS/Device/ST/STM32F1xx/Include -I/home/ger/Documents/MicroControllers/STM32F103C8T6_Blue_pill/Chip_headers/CMSIS/Include -O0 -ffunction-sections -fdata-sections -Wall -fstack-usage -fcyclomatic-complexity -MMD -MP -MF"Src/main.d" -MT"Src/main.o" --specs=nano.specs -mfloat-abi=soft -mthumb -o "Src/main.o"
arm-none-eabi-gcc -o "Blink_LED.elf" @"objects.list"   -mcpu=cortex-m3 -T"/home/ger/Documents/MicroControllers/STM32F103C8T6_Blue_pill/Blink_LED/STM32F103C8TX_FLASH.ld" --specs=nosys.specs -Wl,-Map="Blink_LED.map" -Wl,--gc-sections -static --specs=nano.specs -mfloat-abi=soft -mthumb -Wl,--start-group -lc -lm -Wl,--end-group
Finished building target: Blink_LED.elf
 
arm-none-eabi-size  Blink_LED.elf 
arm-none-eabi-objdump -h -S Blink_LED.elf  > "Blink_LED.list"
   text	   data	    bss	    dec	    hex	filename
    668	      0	   1568	   2236	    8bc	Blink_LED.elf
Finished building: default.size.stdout
 
Finished building: Blink_LED.list
 

16:38:55 Build Finished. 0 errors, 0 warnings. (took 1s.11ms)

