Archive member included to satisfy reference by file (symbol)

C:/ST/STM32CubeIDE_1.10.1/STM32CubeIDE/plugins/com.st.stm32cube.ide.mcu.externaltools.gnu-tools-for-stm32.12.3.rel1.win32_1.0.200.202406191623/tools/bin/../lib/gcc/arm-none-eabi/12.3.1/../../../../arm-none-eabi/lib/thumb/v7e-m+fp/hard\libc_nano.a(libc_a-exit.o)
                              C:/ST/STM32CubeIDE_1.10.1/STM32CubeIDE/plugins/com.st.stm32cube.ide.mcu.externaltools.gnu-tools-for-stm32.12.3.rel1.win32_1.0.200.202406191623/tools/bin/../lib/gcc/arm-none-eabi/12.3.1/../../../../arm-none-eabi/lib/thumb/v7e-m+fp/hard/crt0.o (exit)
C:/ST/STM32CubeIDE_1.10.1/STM32CubeIDE/plugins/com.st.stm32cube.ide.mcu.externaltools.gnu-tools-for-stm32.12.3.rel1.win32_1.0.200.202406191623/tools/bin/../lib/gcc/arm-none-eabi/12.3.1/../../../../arm-none-eabi/lib/thumb/v7e-m+fp/hard\libc_nano.a(libc_a-findfp.o)
                              C:/ST/STM32CubeIDE_1.10.1/STM32CubeIDE/plugins/com.st.stm32cube.ide.mcu.externaltools.gnu-tools-for-stm32.12.3.rel1.win32_1.0.200.202406191623/tools/bin/../lib/gcc/arm-none-eabi/12.3.1/../../../../arm-none-eabi/lib/thumb/v7e-m+fp/hard\libc_nano.a(libc_a-exit.o) (__stdio_exit_handler)
C:/ST/STM32CubeIDE_1.10.1/STM32CubeIDE/plugins/com.st.stm32cube.ide.mcu.externaltools.gnu-tools-for-stm32.12.3.rel1.win32_1.0.200.202406191623/tools/bin/../lib/gcc/arm-none-eabi/12.3.1/../../../../arm-none-eabi/lib/thumb/v7e-m+fp/hard\libc_nano.a(libc_a-fwalk.o)
                              C:/ST/STM32CubeIDE_1.10.1/STM32CubeIDE/plugins/com.st.stm32cube.ide.mcu.externaltools.gnu-tools-for-stm32.12.3.rel1.win32_1.0.200.202406191623/tools/bin/../lib/gcc/arm-none-eabi/12.3.1/../../../../arm-none-eabi/lib/thumb/v7e-m+fp/hard\libc_nano.a(libc_a-findfp.o) (_fwalk_sglue)
C:/ST/STM32CubeIDE_1.10.1/STM32CubeIDE/plugins/com.st.stm32cube.ide.mcu.externaltools.gnu-tools-for-stm32.12.3.rel1.win32_1.0.200.202406191623/tools/bin/../lib/gcc/arm-none-eabi/12.3.1/../../../../arm-none-eabi/lib/thumb/v7e-m+fp/hard\libc_nano.a(libc_a-stdio.o)
                              C:/ST/STM32CubeIDE_1.10.1/STM32CubeIDE/plugins/com.st.stm32cube.ide.mcu.externaltools.gnu-tools-for-stm32.12.3.rel1.win32_1.0.200.202406191623/tools/bin/../lib/gcc/arm-none-eabi/12.3.1/../../../../arm-none-eabi/lib/thumb/v7e-m+fp/hard\libc_nano.a(libc_a-findfp.o) (__sread)
C:/ST/STM32CubeIDE_1.10.1/STM32CubeIDE/plugins/com.st.stm32cube.ide.mcu.externaltools.gnu-tools-for-stm32.12.3.rel1.win32_1.0.200.202406191623/tools/bin/../lib/gcc/arm-none-eabi/12.3.1/../../../../arm-none-eabi/lib/thumb/v7e-m+fp/hard\libc_nano.a(libc_a-memset.o)
                              C:/ST/STM32CubeIDE_1.10.1/STM32CubeIDE/plugins/com.st.stm32cube.ide.mcu.externaltools.gnu-tools-for-stm32.12.3.rel1.win32_1.0.200.202406191623/tools/bin/../lib/gcc/arm-none-eabi/12.3.1/../../../../arm-none-eabi/lib/thumb/v7e-m+fp/hard/crt0.o (memset)
C:/ST/STM32CubeIDE_1.10.1/STM32CubeIDE/plugins/com.st.stm32cube.ide.mcu.externaltools.gnu-tools-for-stm32.12.3.rel1.win32_1.0.200.202406191623/tools/bin/../lib/gcc/arm-none-eabi/12.3.1/../../../../arm-none-eabi/lib/thumb/v7e-m+fp/hard\libc_nano.a(libc_a-closer.o)
                              C:/ST/STM32CubeIDE_1.10.1/STM32CubeIDE/plugins/com.st.stm32cube.ide.mcu.externaltools.gnu-tools-for-stm32.12.3.rel1.win32_1.0.200.202406191623/tools/bin/../lib/gcc/arm-none-eabi/12.3.1/../../../../arm-none-eabi/lib/thumb/v7e-m+fp/hard\libc_nano.a(libc_a-stdio.o) (_close_r)
C:/ST/STM32CubeIDE_1.10.1/STM32CubeIDE/plugins/com.st.stm32cube.ide.mcu.externaltools.gnu-tools-for-stm32.12.3.rel1.win32_1.0.200.202406191623/tools/bin/../lib/gcc/arm-none-eabi/12.3.1/../../../../arm-none-eabi/lib/thumb/v7e-m+fp/hard\libc_nano.a(libc_a-reent.o)
                              C:/ST/STM32CubeIDE_1.10.1/STM32CubeIDE/plugins/com.st.stm32cube.ide.mcu.externaltools.gnu-tools-for-stm32.12.3.rel1.win32_1.0.200.202406191623/tools/bin/../lib/gcc/arm-none-eabi/12.3.1/../../../../arm-none-eabi/lib/thumb/v7e-m+fp/hard\libc_nano.a(libc_a-closer.o) (errno)
C:/ST/STM32CubeIDE_1.10.1/STM32CubeIDE/plugins/com.st.stm32cube.ide.mcu.externaltools.gnu-tools-for-stm32.12.3.rel1.win32_1.0.200.202406191623/tools/bin/../lib/gcc/arm-none-eabi/12.3.1/../../../../arm-none-eabi/lib/thumb/v7e-m+fp/hard\libc_nano.a(libc_a-impure.o)
                              C:/ST/STM32CubeIDE_1.10.1/STM32CubeIDE/plugins/com.st.stm32cube.ide.mcu.externaltools.gnu-tools-for-stm32.12.3.rel1.win32_1.0.200.202406191623/tools/bin/../lib/gcc/arm-none-eabi/12.3.1/../../../../arm-none-eabi/lib/thumb/v7e-m+fp/hard\libc_nano.a(libc_a-reent.o) (_impure_ptr)
C:/ST/STM32CubeIDE_1.10.1/STM32CubeIDE/plugins/com.st.stm32cube.ide.mcu.externaltools.gnu-tools-for-stm32.12.3.rel1.win32_1.0.200.202406191623/tools/bin/../lib/gcc/arm-none-eabi/12.3.1/../../../../arm-none-eabi/lib/thumb/v7e-m+fp/hard\libc_nano.a(libc_a-lseekr.o)
[...]
Memory Configuration

Name             Origin             Length             Attributes
CCMRAM           0x10000000         0x00010000         xrw
RAM              0x20000000         0x00020000         xrw
FLASH            0x08000000         0x00100000         xr
*default*        0x00000000         0xffffffff

Linker script and memory map

LOAD C:/ST/STM32CubeIDE_1.10.1/STM32CubeIDE/plugins/com.st.stm32cube.ide.mcu.externaltools.gnu-tools-for-stm32.12.3.rel1.win32_1.0.200.202406191623/tools/bin/../lib/gcc/arm-none-eabi/12.3.1/thumb/v7e-m+fp/hard/crti.o
LOAD C:/ST/STM32CubeIDE_1.10.1/STM32CubeIDE/plugins/com.st.stm32cube.ide.mcu.externaltools.gnu-tools-for-stm32.12.3.rel1.win32_1.0.200.202406191623/tools/bin/../lib/gcc/arm-none-eabi/12.3.1/thumb/v7e-m+fp/hard/crtbegin.o
LOAD C:/ST/STM32CubeIDE_1.10.1/STM32CubeIDE/plugins/com.st.stm32cube.ide.mcu.externaltools.gnu-tools-for-stm32.12.3.rel1.win32_1.0.200.202406191623/tools/bin/../lib/gcc/arm-none-eabi/12.3.1/../../../../arm-none-eabi/lib/thumb/v7e-m+fp/hard/crt0.o
LOAD ./Src/I2C.o
LOAD ./Src/SPI.o
LOAD ./Src/adc.o
LOAD ./Src/adxl345.o
LOAD ./Src/main.o
LOAD ./Src/syscalls.o
LOAD ./Src/sysmem.o
LOAD ./Src/systick.o
LOAD ./Src/timer.o
LOAD ./Src/uart.o
LOAD ./Startup/startup_stm32f407vgtx.o
START GROUP
LOAD C:/ST/STM32CubeIDE_1.10.1/STM32CubeIDE/plugins/com.st.stm32cube.ide.mcu.externaltools.gnu-tools-for-stm32.12.3.rel1.win32_1.0.200.202406191623/tools/bin/../lib/gcc/arm-none-eabi/12.3.1/../../../../arm-none-eabi/lib/thumb/v7e-m+fp/hard\libc_nano.a
LOAD C:/ST/STM32CubeIDE_1.10.1/STM32CubeIDE/plugins/com.st.stm32cube.ide.mcu.externaltools.gnu-tools-for-stm32.12.3.rel1.win32_1.0.200.202406191623/tools/bin/../lib/gcc/arm-none-eabi/12.3.1/../../../../arm-none-eabi/lib/thumb/v7e-m+fp/hard\libm.a
END GROUP
START GROUP
LOAD C:/ST/STM32CubeIDE_1.10.1/STM32CubeIDE/plugins/com.st.stm32cube.ide.mcu.externaltools.gnu-tools-for-stm32.12.3.rel1.win32_1.0.200.202406191623/tools/bin/../lib/gcc/arm-none-eabi/12.3.1/thumb/v7e-m+fp/hard\libgcc.a
LOAD C:/ST/STM32CubeIDE_1.10.1/STM32CubeIDE/plugins/com.st.stm32cube.ide.mcu.externaltools.gnu-tools-for-stm32.12.3.rel1.win32_1.0.200.202406191623/tools/bin/../lib/gcc/arm-none-eabi/12.3.1/../../../../arm-none-eabi/lib/thumb/v7e-m+fp/hard\libc_nano.a
END GROUP
START GROUP
LOAD C:/ST/STM32CubeIDE_1.10.1/STM32CubeIDE/plugins/com.st.stm32cube.ide.mcu.externaltools.gnu-tools-for-stm32.12.3.rel1.win32_1.0.200.202406191623/tools/bin/../lib/gcc/arm-none-eabi/12.3.1/thumb/v7e-m+fp/hard\libgcc.a
LOAD C:/ST/STM32CubeIDE_1.10.1/STM32CubeIDE/plugins/com.st.stm32cube.ide.mcu.externaltools.gnu-tools-for-stm32.12.3.rel1.win32_1.0.200.202406191623/tools/bin/../lib/gcc/arm-none-eabi/12.3.1/../../../../arm-none-eabi/lib/thumb/v7e-m+fp/hard\libc_nano.a
LOAD C:/ST/STM32CubeIDE_1.10.1/STM32CubeIDE/plugins/com.st.stm32cube.ide.mcu.externaltools.gnu-tools-for-stm32.12.3.rel1.win32_1.0.200.202406191623/tools/bin/../lib/gcc/arm-none-eabi/12.3.1/../../../../arm-none-eabi/lib/thumb/v7e-m+fp/hard\libnosys.a
END GROUP
START GROUP
LOAD C:/ST/STM32CubeIDE_1.10.1/STM32CubeIDE/plugins/com.st.stm32cube.ide.mcu.externaltools.gnu-tools-for-stm32.12.3.rel1.win32_1.0.200.202406191623/tools/bin/../lib/gcc/arm-none-eabi/12.3.1/thumb/v7e-m+fp/hard\libgcc.a
LOAD C:/ST/STM32CubeIDE_1.10.1/STM32CubeIDE/plugins/com.st.stm32cube.ide.mcu.externaltools.gnu-tools-for-stm32.12.3.rel1.win32_1.0.200.202406191623/tools/bin/../lib/gcc/arm-none-eabi/12.3.1/../../../../arm-none-eabi/lib/thumb/v7e-m+fp/hard\libc_nano.a
LOAD C:/ST/STM32CubeIDE_1.10.1/STM32CubeIDE/plugins/com.st.stm32cube.ide.mcu.externaltools.gnu-tools-for-stm32.12.3.rel1.win32_1.0.200.202406191623/tools/bin/../lib/gcc/arm-none-eabi/12.3.1/../../../../arm-none-eabi/lib/thumb/v7e-m+fp/hard\libnosys.a
END GROUP
LOAD C:/ST/STM32CubeIDE_1.10.1/STM32CubeIDE/plugins/com.st.stm32cube.ide.mcu.externaltools.gnu-tools-for-stm32.12.3.rel1.win32_1.0.200.202406191623/tools/bin/../lib/gcc/arm-none-eabi/12.3.1/thumb/v7e-m+fp/hard/crtend.o
LOAD C:/ST/STM32CubeIDE_1.10.1/STM32CubeIDE/plugins/com.st.stm32cube.ide.mcu.externaltools.gnu-tools-for-stm32.12.3.rel1.win32_1.0.200.202406191623/tools/bin/../lib/gcc/arm-none-eabi/12.3.1/thumb/v7e-m+fp/hard/crtn.o
                0x20020000                        _estack = (ORIGIN (RAM) + LENGTH (RAM))
                0x00000200                        _Min_Heap_Size = 0x200
                0x00000400                        _Min_Stack_Size = 0x400

.isr_vector     0x08000000      0x188
                0x08000000                        . = ALIGN (0x4)
 *(.isr_vector)
 .isr_vector    0x08000000      0x188 ./Startup/startup_stm32f407vgtx.o
                0x08000000                g_pfnVectors
                0x08000188                        . = ALIGN (0x4)

.text           0x08000188      0x508
                0x08000188                        . = ALIGN (0x4)
 *(.text)
 .text          0x08000188       0x40 C:/ST/STM32CubeIDE_1.10.1/STM32CubeIDE/plugins/com.st.stm32cube.ide.mcu.externaltools.gnu-tools-for-stm32.12.3.rel1.win32_1.0.200.202406191623/tools/bin/../lib/gcc/arm-none-eabi/12.3.1/thumb/v7e-m+fp/hard/crtbegin.o
 *(.text*)
 .text.spi_GPIO_init
                0x080001c8      0x108 ./Src/SPI.o
                0x080001c8                spi_GPIO_init
 .text.spi1_config
                0x080002d0       0x9c ./Src/SPI.o
                0x080002d0                spi1_config
 .text.SPI1_transmit
                0x0800036c       0x74 ./Src/SPI.o
                0x0800036c                SPI1_transmit
 .text.SPI1_receive
                0x080003e0       0x4c ./Src/SPI.o
                0x080003e0                SPI1_receive
 .text.cs_enable
                0x0800042c       0x20 ./Src/SPI.o
                0x0800042c                cs_enable
 .text.cs_disable
                0x0800044c       0x20 ./Src/SPI.o
                0x0800044c                cs_disable
 .text.adxl_read
                0x0800046c       0x42 ./Src/adxl345.o
                0x0800046c                adxl_read
 .text.adxl_write
                0x080004ae       0x3a ./Src/adxl345.o
                0x080004ae                adxl_write
 .text.adxl_init
                0x080004e8       0x28 ./Src/adxl345.o
                0x080004e8                adxl_init
 .text.main     0x08000510       0xcc ./Src/main.o
                0x08000510                main
 .text.Reset_Handler
                0x080005dc       0x50 ./Startup/startup_stm32f407vgtx.o
                0x080005dc                Reset_Handler
 .text.Default_Handler
                0x0800062c        0x2 ./Startup/startup_stm32f407vgtx.o
                0x0800062c                RTC_Alarm_IRQHandler
                0x0800062c                HASH_RNG_IRQHandler
                0x0800062c                EXTI2_IRQHandler
                0x0800062c                TIM8_CC_IRQHandler
                0x0800062c                DebugMon_Handler
                0x0800062c                TIM1_CC_IRQHandler
                0x0800062c                DMA2_Stream5_IRQHandler
                0x0800062c                HardFault_Handler
                0x0800062c                DMA1_Stream5_IRQHandler
                0x0800062c                SysTick_Handler
                0x0800062c                PVD_IRQHandler
                0x0800062c                SDIO_IRQHandler
                0x0800062c                TAMP_STAMP_IRQHandler
                0x0800062c                PendSV_Handler
                0x0800062c                NMI_Handler
                0x0800062c                CAN2_RX1_IRQHandler
                0x0800062c                EXTI3_IRQHandler
                0x0800062c                TIM8_TRG_COM_TIM14_IRQHandler
                0x0800062c                TIM1_UP_TIM10_IRQHandler
                0x0800062c                TIM8_UP_TIM13_IRQHandler
                0x0800062c                I2C3_ER_IRQHandler
                0x0800062c                EXTI0_IRQHandler
                0x0800062c                I2C2_EV_IRQHandler
                0x0800062c                DMA1_Stream2_IRQHandler
                0x0800062c                CAN1_RX0_IRQHandler
                0x0800062c                FPU_IRQHandler
                0x0800062c                OTG_HS_WKUP_IRQHandler
                0x0800062c                UsageFault_Handler
                0x0800062c                CAN2_SCE_IRQHandler
                0x0800062c                DMA2_Stream2_IRQHandler
                0x0800062c                SPI1_IRQHandler
                0x0800062c                TIM6_DAC_IRQHandler
                0x0800062c                TIM1_BRK_TIM9_IRQHandler
                0x0800062c                DCMI_IRQHandler
                0x0800062c                CAN2_RX0_IRQHandler
                0x0800062c                DMA2_Stream3_IRQHandler
                0x0800062c                USART6_IRQHandler
                0x0800062c                USART3_IRQHandler
                0x0800062c                CRYP_IRQHandler
                0x0800062c                CAN1_RX1_IRQHandler
                0x0800062c                UART5_IRQHandler
                0x0800062c                DMA2_Stream0_IRQHandler
                0x0800062c                TIM4_IRQHandler
                0x0800062c                I2C1_EV_IRQHandler
                0x0800062c                DMA1_Stream6_IRQHandler
                0x0800062c                DMA1_Stream1_IRQHandler
                0x0800062c                UART4_IRQHandler
                0x0800062c                TIM3_IRQHandler
                0x0800062c                RCC_IRQHandler
                0x0800062c                TIM8_BRK_TIM12_IRQHandler
                0x0800062c                Default_Handler
                0x0800062c                EXTI15_10_IRQHandler
                0x0800062c                ADC_IRQHandler
                0x0800062c                DMA1_Stream7_IRQHandler
                0x0800062c                TIM7_IRQHandler
                0x0800062c                CAN2_TX_IRQHandler
                0x0800062c                TIM5_IRQHandler
                0x0800062c                DMA2_Stream7_IRQHandler
                0x0800062c                I2C3_EV_IRQHandler
                0x0800062c                EXTI9_5_IRQHandler
                0x0800062c                RTC_WKUP_IRQHandler
                0x0800062c                ETH_WKUP_IRQHandler
                0x0800062c                SPI2_IRQHandler
                0x0800062c                OTG_HS_EP1_IN_IRQHandler
                0x0800062c                MemManage_Handler
                0x0800062c                DMA1_Stream0_IRQHandler
                0x0800062c                CAN1_TX_IRQHandler
                0x0800062c                SVC_Handler
                0x0800062c                EXTI4_IRQHandler
                0x0800062c                FSMC_IRQHandler
                0x0800062c                ETH_IRQHandler
                0x0800062c                OTG_HS_EP1_OUT_IRQHandler
                0x0800062c                WWDG_IRQHandler
                0x0800062c                TIM2_IRQHandler
                0x0800062c                OTG_FS_WKUP_IRQHandler
                0x0800062c                TIM1_TRG_COM_TIM11_IRQHandler
                0x0800062c                OTG_HS_IRQHandler
                0x0800062c                EXTI1_IRQHandler
                0x0800062c                USART2_IRQHandler
                0x0800062c                I2C2_ER_IRQHandler
                0x0800062c                DMA2_Stream1_IRQHandler
                0x0800062c                CAN1_SCE_IRQHandler
                0x0800062c                DMA2_Stream4_IRQHandler
                0x0800062c                BusFault_Handler
                0x0800062c                USART1_IRQHandler
                0x0800062c                OTG_FS_IRQHandler
                0x0800062c                SPI3_IRQHandler
                0x0800062c                DMA1_Stream4_IRQHandler
                0x0800062c                I2C1_ER_IRQHandler
                0x0800062c                DMA2_Stream6_IRQHandler
                0x0800062c                DMA1_Stream3_IRQHandler
 *fill*         0x0800062e        0x2 
 .text.__libc_init_array
                0x08000630       0x48 C:/ST/STM32CubeIDE_1.10.1/STM32CubeIDE/plugins/com.st.stm32cube.ide.mcu.externaltools.gnu-tools-for-stm32.12.3.rel1.win32_1.0.200.202406191623/tools/bin/../lib/gcc/arm-none-eabi/12.3.1/../../../../arm-none-eabi/lib/thumb/v7e-m+fp/hard\libc_nano.a(libc_a-init.o)
                0x08000630                __libc_init_array
 *(.glue_7)
 .glue_7        0x08000678        0x0 linker stubs
 *(.glue_7t)
 .glue_7t       0x08000678        0x0 linker stubs
 *(.eh_frame)
 .eh_frame      0x08000678        0x0 C:/ST/STM32CubeIDE_1.10.1/STM32CubeIDE/plugins/com.st.stm32cube.ide.mcu.externaltools.gnu-tools-for-stm32.12.3.rel1.win32_1.0.200.202406191623/tools/bin/../lib/gcc/arm-none-eabi/12.3.1/thumb/v7e-m+fp/hard/crtbegin.o
 *(.init)
 .init          0x08000678        0x4 C:/ST/STM32CubeIDE_1.10.1/STM32CubeIDE/plugins/com.st.stm32cube.ide.mcu.externaltools.gnu-tools-for-stm32.12.3.rel1.win32_1.0.200.202406191623/tools/bin/../lib/gcc/arm-none-eabi/12.3.1/thumb/v7e-m+fp/hard/crti.o
                0x08000678                _init
 .init          0x0800067c        0x8 C:/ST/STM32CubeIDE_1.10.1/STM32CubeIDE/plugins/com.st.stm32cube.ide.mcu.externaltools.gnu-tools-for-stm32.12.3.rel1.win32_1.0.200.202406191623/tools/bin/../lib/gcc/arm-none-eabi/12.3.1/thumb/v7e-m+fp/hard/crtn.o
 *(.fini)
 .fini          0x08000684        0x4 C:/ST/STM32CubeIDE_1.10.1/STM32CubeIDE/plugins/com.st.stm32cube.ide.mcu.externaltools.gnu-tools-for-stm32.12.3.rel1.win32_1.0.200.202406191623/tools/bin/../lib/gcc/arm-none-eabi/12.3.1/thumb/v7e-m+fp/hard/crti.o
                0x08000684                _fini
 .fini          0x08000688        0x8 C:/ST/STM32CubeIDE_1.10.1/STM32CubeIDE/plugins/com.st.stm32cube.ide.mcu.externaltools.gnu-tools-for-stm32.12.3.rel1.win32_1.0.200.202406191623/tools/bin/../lib/gcc/arm-none-eabi/12.3.1/thumb/v7e-m+fp/hard/crtn.o
                0x08000690                        . = ALIGN (0x4)
                0x08000690                        _etext = .

.vfp11_veneer   0x08000690        0x0
 .vfp11_veneer  0x08000690        0x0 linker stubs

.v4_bx          0x08000690        0x0
 .v4_bx         0x08000690        0x0 linker stubs

.iplt           0x08000690        0x0
 .iplt          0x08000690        0x0 C:/ST/STM32CubeIDE_1.10.1/STM32CubeIDE/plugins/com.st.stm32cube.ide.mcu.externaltools.gnu-tools-for-stm32.12.3.rel1.win32_1.0.200.202406191623/tools/bin/../lib/gcc/arm-none-eabi/12.3.1/thumb/v7e-m+fp/hard/crtbegin.o

.rodata         0x08000690        0x0
                0x08000690                        . = ALIGN (0x4)
 *(.rodata)
 *(.rodata*)
                0x08000690                        . = ALIGN (0x4)

.ARM.extab      0x08000690        0x0
                0x08000690                        . = ALIGN (0x4)
 *(.ARM.extab* .gnu.linkonce.armextab.*)
                0x08000690                        . = ALIGN (0x4)

.ARM            0x08000690        0x0
                0x08000690                        . = ALIGN (0x4)
                0x08000690                        __exidx_start = .
 *(.ARM.exidx*)
                0x08000690                        __exidx_end = .
                0x08000690                        . = ALIGN (0x4)

.preinit_array  0x08000690        0x0
                0x08000690                        . = ALIGN (0x4)
                0x08000690                        PROVIDE (__preinit_array_start = .)
 *(.preinit_array*)
                0x08000690                        PROVIDE (__preinit_array_end = .)
                0x08000690                        . = ALIGN (0x4)

.init_array     0x08000690        0x4
                0x08000690                        . = ALIGN (0x4)
                0x08000690                        PROVIDE (__init_array_start = .)
 *(SORT_BY_NAME(.init_array.*))
 *(.init_array*)
 .init_array    0x08000690        0x4 C:/ST/STM32CubeIDE_1.10.1/STM32CubeIDE/plugins/com.st.stm32cube.ide.mcu.externaltools.gnu-tools-for-stm32.12.3.rel1.win32_1.0.200.202406191623/tools/bin/../lib/gcc/arm-none-eabi/12.3.1/thumb/v7e-m+fp/hard/crtbegin.o
                0x08000694                        PROVIDE (__init_array_end = .)
                0x08000694                        . = ALIGN (0x4)

.fini_array     0x08000694        0x4
                0x08000694                        . = ALIGN (0x4)
                [!provide]                        PROVIDE (__fini_array_start = .)
 *(SORT_BY_NAME(.fini_array.*))
 *(.fini_array*)
 .fini_array    0x08000694        0x4 C:/ST/STM32CubeIDE_1.10.1/STM32CubeIDE/plugins/com.st.stm32cube.ide.mcu.externaltools.gnu-tools-for-stm32.12.3.rel1.win32_1.0.200.202406191623/tools/bin/../lib/gcc/arm-none-eabi/12.3.1/thumb/v7e-m+fp/hard/crtbegin.o
                [!provide]                        PROVIDE (__fini_array_end = .)
                0x08000698                        . = ALIGN (0x4)
                0x08000698                        _sidata = LOADADDR (.data)

.rel.dyn        0x08000698        0x0
 .rel.iplt      0x08000698        0x0 C:/ST/STM32CubeIDE_1.10.1/STM32CubeIDE/plugins/com.st.stm32cube.ide.mcu.externaltools.gnu-tools-for-stm32.12.3.rel1.win32_1.0.200.202406191623/tools/bin/../lib/gcc/arm-none-eabi/12.3.1/thumb/v7e-m+fp/hard/crtbegin.o

.data           0x20000000        0x0 load address 0x08000698
                0x20000000                        . = ALIGN (0x4)
                0x20000000                        _sdata = .
 *(.data)
 *(.data*)
 *(.RamFunc)
 *(.RamFunc*)
                0x20000000                        . = ALIGN (0x4)
                0x20000000                        _edata = .
                0x08000698                        _siccmram = LOADADDR (.ccmram)

.igot.plt       0x20000000        0x0 load address 0x08000698
 .igot.plt      0x20000000        0x0 C:/ST/STM32CubeIDE_1.10.1/STM32CubeIDE/plugins/com.st.stm32cube.ide.mcu.externaltools.gnu-tools-for-stm32.12.3.rel1.win32_1.0.200.202406191623/tools/bin/../lib/gcc/arm-none-eabi/12.3.1/thumb/v7e-m+fp/hard/crtbegin.o

.ccmram         0x10000000        0x0 load address 0x08000698
                0x10000000                        . = ALIGN (0x4)
                0x10000000                        _sccmram = .
 *(.ccmram)
 *(.ccmram*)
                0x10000000                        . = ALIGN (0x4)
                0x10000000                        _eccmram = .
                0x10000000                        . = ALIGN (0x4)

.bss            0x20000000       0x38
                0x20000000                        _sbss = .
                0x20000000                        __bss_start__ = _sbss
 *(.bss)
 .bss           0x20000000       0x1c C:/ST/STM32CubeIDE_1.10.1/STM32CubeIDE/plugins/com.st.stm32cube.ide.mcu.externaltools.gnu-tools-for-stm32.12.3.rel1.win32_1.0.200.202406191623/tools/bin/../lib/gcc/arm-none-eabi/12.3.1/thumb/v7e-m+fp/hard/crtbegin.o
 *(.bss*)
 .bss.x         0x2000001c        0x2 ./Src/main.o
                0x2000001c                x
 .bss.y         0x2000001e        0x2 ./Src/main.o
                0x2000001e                y
 .bss.z         0x20000020        0x2 ./Src/main.o
                0x20000020                z
 *fill*         0x20000022        0x2 
 .bss.xg        0x20000024        0x4 ./Src/main.o
                0x20000024                xg
 .bss.yg        0x20000028        0x4 ./Src/main.o
                0x20000028                yg
 .bss.zg        0x2000002c        0x4 ./Src/main.o
                0x2000002c                zg
 .bss.data_rec  0x20000030        0x6 ./Src/main.o
                0x20000030                data_rec
 *(COMMON)
                0x20000038                        . = ALIGN (0x4)
 *fill*         0x20000036        0x2 
                0x20000038                        _ebss = .
                0x20000038                        __bss_end__ = _ebss

._user_heap_stack
                0x20000038      0x600
                0x20000038                        . = ALIGN (0x8)
                [!provide]                        PROVIDE (end = .)
                0x20000038                        PROVIDE (_end = .)
                0x20000238                        . = (. + _Min_Heap_Size)
 *fill*         0x20000038      0x200 
                0x20000638                        . = (. + _Min_Stack_Size)
 *fill*         0x20000238      0x400 
                0x20000638                        . = ALIGN (0x8)

/DISCARD/
 libc.a(*)
 libm.a(*)
 libgcc.a(*)

.ARM.attributes
                0x00000000       0x30
 *(.ARM.attributes)
 .ARM.attributes
                0x00000000       0x22 C:/ST/STM32CubeIDE_1.10.1/STM32CubeIDE/plugins/com.st.stm32cube.ide.mcu.externaltools.gnu-tools-for-stm32.12.3.rel1.win32_1.0.200.202406191623/tools/bin/../lib/gcc/arm-none-eabi/12.3.1/thumb/v7e-m+fp/hard/crti.o
 .ARM.attributes
                0x00000022       0x34 C:/ST/STM32CubeIDE_1.10.1/STM32CubeIDE/plugins/com.st.stm32cube.ide.mcu.externaltools.gnu-tools-for-stm32.12.3.rel1.win32_1.0.200.202406191623/tools/bin/../lib/gcc/arm-none-eabi/12.3.1/thumb/v7e-m+fp/hard/crtbegin.o
 .ARM.attributes
                0x00000056       0x34 ./Src/SPI.o
 .ARM.attributes
                0x0000008a       0x34 ./Src/adxl345.o
 .ARM.attributes
                0x000000be       0x34 ./Src/main.o
 .ARM.attributes
                0x000000f2       0x21 ./Startup/startup_stm32f407vgtx.o
 .ARM.attributes
                0x00000113       0x34 C:/ST/STM32CubeIDE_1.10.1/STM32CubeIDE/plugins/com.st.stm32cube.ide.mcu.externaltools.gnu-tools-for-stm32.12.3.rel1.win32_1.0.200.202406191623/tools/bin/../lib/gcc/arm-none-eabi/12.3.1/../../../../arm-none-eabi/lib/thumb/v7e-m+fp/hard\libc_nano.a(libc_a-init.o)
 .ARM.attributes
                0x00000147       0x22 C:/ST/STM32CubeIDE_1.10.1/STM32CubeIDE/plugins/com.st.stm32cube.ide.mcu.externaltools.gnu-tools-for-stm32.12.3.rel1.win32_1.0.200.202406191623/tools/bin/../lib/gcc/arm-none-eabi/12.3.1/thumb/v7e-m+fp/hard/crtn.o
OUTPUT(22_SPI_adxl_Accelerometer.elf elf32-littlearm)
LOAD linker stubs
LOAD C:/ST/STM32CubeIDE_1.10.1/STM32CubeIDE/plugins/com.st.stm32cube.ide.mcu.externaltools.gnu-tools-for-stm32.12.3.rel1.win32_1.0.200.202406191623/tools/bin/../lib/gcc/arm-none-eabi/12.3.1/../../../../arm-none-eabi/lib/thumb/v7e-m+fp/hard\libc.a
LOAD C:/ST/STM32CubeIDE_1.10.1/STM32CubeIDE/plugins/com.st.stm32cube.ide.mcu.externaltools.gnu-tools-for-stm32.12.3.rel1.win32_1.0.200.202406191623/tools/bin/../lib/gcc/arm-none-eabi/12.3.1/../../../../arm-none-eabi/lib/thumb/v7e-m+fp/hard\libm.a
LOAD C:/ST/STM32CubeIDE_1.10.1/STM32CubeIDE/plugins/com.st.stm32cube.ide.mcu.externaltools.gnu-tools-for-stm32.12.3.rel1.win32_1.0.200.202406191623/tools/bin/../lib/gcc/arm-none-eabi/12.3.1/thumb/v7e-m+fp/hard\libgcc.a

.debug_info     0x00000000      0x729
 .debug_info    0x00000000      0x406 ./Src/SPI.o
 .debug_info    0x00000406      0x183 ./Src/adxl345.o
 .debug_info    0x00000589      0x170 ./Src/main.o
 .debug_info    0x000006f9       0x30 ./Startup/startup_stm32f407vgtx.o

.debug_abbrev   0x00000000      0x2f6
 .debug_abbrev  0x00000000      0x112 ./Src/SPI.o
 .debug_abbrev  0x00000112       0xf9 ./Src/adxl345.o
 .debug_abbrev  0x0000020b       0xc7 ./Src/main.o
 .debug_abbrev  0x000002d2       0x24 ./Startup/startup_stm32f407vgtx.o

.debug_aranges  0x00000000       0xc0
 .debug_aranges
                0x00000000       0x48 ./Src/SPI.o
 .debug_aranges
                0x00000048       0x30 ./Src/adxl345.o
 .debug_aranges
                0x00000078       0x20 ./Src/main.o
 .debug_aranges
                0x00000098       0x28 ./Startup/startup_stm32f407vgtx.o

.debug_rnglists
                0x00000000       0x7f
 .debug_rnglists
                0x00000000       0x33 ./Src/SPI.o
 .debug_rnglists
                0x00000033       0x1f ./Src/adxl345.o
 .debug_rnglists
                0x00000052       0x14 ./Src/main.o
 .debug_rnglists
                0x00000066       0x19 ./Startup/startup_stm32f407vgtx.o

.debug_macro    0x00000000      0xf92
 .debug_macro   0x00000000       0xf6 ./Src/SPI.o
 .debug_macro   0x000000f6       0xf3 ./Src/adxl345.o
 .debug_macro   0x000001e9       0x3a ./Src/adxl345.o
 .debug_macro   0x00000223      0x1c8 ./Src/main.o
 .debug_macro   0x000003eb       0x5b ./Src/main.o
 .debug_macro   0x00000446       0x2a ./Src/main.o
 .debug_macro   0x00000470       0x94 ./Src/main.o
 .debug_macro   0x00000504       0x43 ./Src/main.o
 .debug_macro   0x00000547       0x34 ./Src/main.o
 .debug_macro   0x0000057b       0x16 ./Src/main.o
 .debug_macro   0x00000591       0x57 ./Src/main.o
 .debug_macro   0x000005e8       0x9e ./Src/main.o
 .debug_macro   0x00000686      0x369 ./Src/main.o
 .debug_macro   0x000009ef      0x10b ./Src/main.o
 .debug_macro   0x00000afa       0x10 ./Src/main.o
 .debug_macro   0x00000b0a       0x16 ./Src/main.o
 .debug_macro   0x00000b20       0x43 ./Src/main.o
 .debug_macro   0x00000b63       0x34 ./Src/main.o
 .debug_macro   0x00000b97       0x10 ./Src/main.o
 .debug_macro   0x00000ba7       0x58 ./Src/main.o
 .debug_macro   0x00000bff       0x8e ./Src/main.o
 .debug_macro   0x00000c8d       0x1c ./Src/main.o
 .debug_macro   0x00000ca9      0x177 ./Src/main.o
 .debug_macro   0x00000e20       0x16 ./Src/main.o
 .debug_macro   0x00000e36       0x16 ./Src/main.o
 .debug_macro   0x00000e4c      0x146 ./Src/main.o

.debug_line     0x00000000     0x157d
 .debug_line    0x00000000      0x790 ./Src/SPI.o
 .debug_line    0x00000790      0x5ca ./Src/adxl345.o
 .debug_line    0x00000d5a      0x7a8 ./Src/main.o
 .debug_line    0x00001502       0x7b ./Startup/startup_stm32f407vgtx.o

.debug_str      0x00000000    0x8c031
 .debug_str     0x00000000    0x8844b ./Src/SPI.o
                              0x885ce (size before relaxing)
 .debug_str     0x0008844b      0x11d ./Src/adxl345.o
                              0x88529 (size before relaxing)
 .debug_str     0x00088568     0x3a20 ./Src/main.o
                              0x8bf1e (size before relaxing)
 .debug_str     0x0008bf88       0xa9 ./Startup/startup_stm32f407vgtx.o

.comment        0x00000000       0x43
 .comment       0x00000000       0x43 ./Src/SPI.o
                                 0x44 (size before relaxing)
 .comment       0x00000043       0x44 ./Src/adxl345.o
 .comment       0x00000043       0x44 ./Src/main.o

.debug_frame    0x00000000      0x1ac
 .debug_frame   0x00000000       0xe0 ./Src/SPI.o
 .debug_frame   0x000000e0       0x74 ./Src/adxl345.o
 .debug_frame   0x00000154       0x2c ./Src/main.o
 .debug_frame   0x00000180       0x2c C:/ST/STM32CubeIDE_1.10.1/STM32CubeIDE/plugins/com.st.stm32cube.ide.mcu.externaltools.gnu-tools-for-stm32.12.3.rel1.win32_1.0.200.202406191623/tools/bin/../lib/gcc/arm-none-eabi/12.3.1/../../../../arm-none-eabi/lib/thumb/v7e-m+fp/hard\libc_nano.a(libc_a-init.o)

.debug_line_str
                0x00000000       0x8d
 .debug_line_str
                0x00000000       0x8d ./Startup/startup_stm32f407vgtx.o
