Archive member included to satisfy reference by file (symbol)

c:/tools_embedded/3rdparty/gcc_13.2.1/bin/../lib/gcc/arm-none-eabi/13.2.1\libc.a(libc_a-errno.o)
                              build/syscalls.o (__errno)
c:/tools_embedded/3rdparty/gcc_13.2.1/bin/../lib/gcc/arm-none-eabi/13.2.1\libc.a(libc_a-impure.o)
                              c:/tools_embedded/3rdparty/gcc_13.2.1/bin/../lib/gcc/arm-none-eabi/13.2.1\libc.a(libc_a-errno.o) (_impure_ptr)
c:/tools_embedded/3rdparty/gcc_13.2.1/bin/../lib/gcc/arm-none-eabi/13.2.1\libc.a(libc_a-findfp.o)
                              c:/tools_embedded/3rdparty/gcc_13.2.1/bin/../lib/gcc/arm-none-eabi/13.2.1\libc.a(libc_a-impure.o) (__sf)
c:/tools_embedded/3rdparty/gcc_13.2.1/bin/../lib/gcc/arm-none-eabi/13.2.1\libc.a(libc_a-fwalk.o)
                              c:/tools_embedded/3rdparty/gcc_13.2.1/bin/../lib/gcc/arm-none-eabi/13.2.1\libc.a(libc_a-findfp.o) (_fwalk_sglue)
c:/tools_embedded/3rdparty/gcc_13.2.1/bin/../lib/gcc/arm-none-eabi/13.2.1\libc.a(libc_a-stdio.o)
                              c:/tools_embedded/3rdparty/gcc_13.2.1/bin/../lib/gcc/arm-none-eabi/13.2.1\libc.a(libc_a-findfp.o) (__sread)
c:/tools_embedded/3rdparty/gcc_13.2.1/bin/../lib/gcc/arm-none-eabi/13.2.1\libc.a(libc_a-memset.o)
                              c:/tools_embedded/3rdparty/gcc_13.2.1/bin/../lib/gcc/arm-none-eabi/13.2.1\libc.a(libc_a-findfp.o) (memset)
c:/tools_embedded/3rdparty/gcc_13.2.1/bin/../lib/gcc/arm-none-eabi/13.2.1\libc.a(libc_a-closer.o)
                              c:/tools_embedded/3rdparty/gcc_13.2.1/bin/../lib/gcc/arm-none-eabi/13.2.1\libc.a(libc_a-stdio.o) (_close_r)
c:/tools_embedded/3rdparty/gcc_13.2.1/bin/../lib/gcc/arm-none-eabi/13.2.1\libc.a(libc_a-reent.o)
                              c:/tools_embedded/3rdparty/gcc_13.2.1/bin/../lib/gcc/arm-none-eabi/13.2.1\libc.a(libc_a-closer.o) (errno)
c:/tools_embedded/3rdparty/gcc_13.2.1/bin/../lib/gcc/arm-none-eabi/13.2.1\libc.a(libc_a-lseekr.o)
                              c:/tools_embedded/3rdparty/gcc_13.2.1/bin/../lib/gcc/arm-none-eabi/13.2.1\libc.a(libc_a-stdio.o) (_lseek_r)
c:/tools_embedded/3rdparty/gcc_13.2.1/bin/../lib/gcc/arm-none-eabi/13.2.1\libc.a(libc_a-readr.o)
                              c:/tools_embedded/3rdparty/gcc_13.2.1/bin/../lib/gcc/arm-none-eabi/13.2.1\libc.a(libc_a-stdio.o) (_read_r)
c:/tools_embedded/3rdparty/gcc_13.2.1/bin/../lib/gcc/arm-none-eabi/13.2.1\libc.a(libc_a-writer.o)
                              c:/tools_embedded/3rdparty/gcc_13.2.1/bin/../lib/gcc/arm-none-eabi/13.2.1\libc.a(libc_a-stdio.o) (_write_r)
c:/tools_embedded/3rdparty/gcc_13.2.1/bin/../lib/gcc/arm-none-eabi/13.2.1\libc.a(libc_a-lock.o)
                              c:/tools_embedded/3rdparty/gcc_13.2.1/bin/../lib/gcc/arm-none-eabi/13.2.1\libc.a(libc_a-findfp.o) (__retarget_lock_init_recursive)
c:/tools_embedded/3rdparty/gcc_13.2.1/bin/../lib/gcc/arm-none-eabi/13.2.1\libc.a(libc_a-freer.o)
                              c:/tools_embedded/3rdparty/gcc_13.2.1/bin/../lib/gcc/arm-none-eabi/13.2.1\libc.a(libc_a-reent.o) (_free_r)
c:/tools_embedded/3rdparty/gcc_13.2.1/bin/../lib/gcc/arm-none-eabi/13.2.1\libc.a(libc_a-mallocr.o)
                              c:/tools_embedded/3rdparty/gcc_13.2.1/bin/../lib/gcc/arm-none-eabi/13.2.1\libc.a(libc_a-findfp.o) (_malloc_r)
c:/tools_embedded/3rdparty/gcc_13.2.1/bin/../lib/gcc/arm-none-eabi/13.2.1\libc.a(libc_a-mlock.o)
                              c:/tools_embedded/3rdparty/gcc_13.2.1/bin/../lib/gcc/arm-none-eabi/13.2.1\libc.a(libc_a-freer.o) (__malloc_lock)
c:/tools_embedded/3rdparty/gcc_13.2.1/bin/../lib/gcc/arm-none-eabi/13.2.1\libc.a(libc_a-fclose.o)
                              c:/tools_embedded/3rdparty/gcc_13.2.1/bin/../lib/gcc/arm-none-eabi/13.2.1\libc.a(libc_a-findfp.o) (_fclose_r)
c:/tools_embedded/3rdparty/gcc_13.2.1/bin/../lib/gcc/arm-none-eabi/13.2.1\libc.a(libc_a-fflush.o)
                              c:/tools_embedded/3rdparty/gcc_13.2.1/bin/../lib/gcc/arm-none-eabi/13.2.1\libc.a(libc_a-fclose.o) (__sflush_r)
c:/tools_embedded/3rdparty/gcc_13.2.1/bin/../lib/gcc/arm-none-eabi/13.2.1\libc.a(libc_a-sbrkr.o)
                              c:/tools_embedded/3rdparty/gcc_13.2.1/bin/../lib/gcc/arm-none-eabi/13.2.1\libc.a(libc_a-freer.o) (_sbrk_r)
c:/tools_embedded/3rdparty/gcc_13.2.1/bin/../lib/gcc/arm-none-eabi/13.2.1\libc.a(libc_a-sysconf.o)
                              c:/tools_embedded/3rdparty/gcc_13.2.1/bin/../lib/gcc/arm-none-eabi/13.2.1\libc.a(libc_a-freer.o) (sysconf)
c:/tools_embedded/3rdparty/gcc_13.2.1/bin/../lib/gcc/arm-none-eabi/13.2.1\libgcc.a(_udivsi3.o)
                              c:/tools_embedded/3rdparty/gcc_13.2.1/bin/../lib/gcc/arm-none-eabi/13.2.1\libc.a(libc_a-freer.o) (__aeabi_uidiv)
c:/tools_embedded/3rdparty/gcc_13.2.1/bin/../lib/gcc/arm-none-eabi/13.2.1\libgcc.a(_dvmd_tls.o)
                              c:/tools_embedded/3rdparty/gcc_13.2.1/bin/../lib/gcc/arm-none-eabi/13.2.1\libgcc.a(_udivsi3.o) (__aeabi_idiv0)

There are no discarded input sections

Memory Configuration

Name             Origin             Length             Attributes
FLASH            0x08000000         0x00020000         xr
SRAM             0x20000000         0x00005000         xrw
*default*        0x00000000         0xffffffff

Linker script and memory map

LOAD build/main.o
LOAD build/stm32f103_startup.o
LOAD build/USART.o
LOAD build/ADC.o
LOAD build/systick.o
LOAD build/syscalls.o
START GROUP
LOAD c:/tools_embedded/3rdparty/gcc_13.2.1/bin/../lib/gcc/arm-none-eabi/13.2.1\libgcc.a
LOAD c:/tools_embedded/3rdparty/gcc_13.2.1/bin/../lib/gcc/arm-none-eabi/13.2.1\libc.a
END GROUP
                0x20005000                        _estack = (ORIGIN (SRAM) + LENGTH (SRAM))

.text           0x08000000      0x58c
                0x08000000                        . = ALIGN (0x4)
 *(.isr_vector)
 .isr_vector    0x08000000       0x44 build/stm32f103_startup.o
                0x08000000                vector_tbl
 *(.text)
 .text          0x08000044       0xf4 build/main.o
                0x08000044                __io_putchar
                0x0800005c                main
 .text          0x08000138       0x68 build/stm32f103_startup.o
                0x08000138                DebugMon_Handler
                0x08000138                HardFault_Handler
                0x08000138                SysTick_Handler
                0x08000138                PendSV_Handler
                0x08000138                NMI_Handler
                0x08000138                UsageFault_Handler
                0x08000138                SVC_Handler
                0x08000138                Default_Handler
                0x08000138                MemManage_Handler
                0x08000138                BusFault_Handler
                0x0800013e                Reset_Handler
 .text          0x080001a0       0xa4 build/USART.o
                0x080001a0                USART1_Init
                0x08000218                UART_write
 .text          0x08000244       0xe4 build/ADC.o
                0x08000244                pa1_adc_init
                0x080002d8                Start_conversion
                0x08000300                adc_read
 .text          0x08000328       0x54 build/systick.o
                0x08000328                systickDelayMs
 .text          0x0800037c       0xf8 build/syscalls.o
                0x0800037c                _sbrk
                0x080003cc                _write
                0x080003fc                _read
                0x08000414                _close
                0x0800042a                _fstat
                0x08000448                _lseek
                0x08000460                _isatty
 .text          0x08000474        0x0 c:/tools_embedded/3rdparty/gcc_13.2.1/bin/../lib/gcc/arm-none-eabi/13.2.1\libc.a(libc_a-errno.o)
 .text          0x08000474        0x0 c:/tools_embedded/3rdparty/gcc_13.2.1/bin/../lib/gcc/arm-none-eabi/13.2.1\libc.a(libc_a-impure.o)
 .text          0x08000474        0x0 c:/tools_embedded/3rdparty/gcc_13.2.1/bin/../lib/gcc/arm-none-eabi/13.2.1\libc.a(libc_a-findfp.o)
 .text          0x08000474        0x0 c:/tools_embedded/3rdparty/gcc_13.2.1/bin/../lib/gcc/arm-none-eabi/13.2.1\libc.a(libc_a-fwalk.o)
 .text          0x08000474        0x0 c:/tools_embedded/3rdparty/gcc_13.2.1/bin/../lib/gcc/arm-none-eabi/13.2.1\libc.a(libc_a-stdio.o)
 .text          0x08000474        0x0 c:/tools_embedded/3rdparty/gcc_13.2.1/bin/../lib/gcc/arm-none-eabi/13.2.1\libc.a(libc_a-memset.o)
 .text          0x08000474        0x0 c:/tools_embedded/3rdparty/gcc_13.2.1/bin/../lib/gcc/arm-none-eabi/13.2.1\libc.a(libc_a-closer.o)
 .text          0x08000474        0x0 c:/tools_embedded/3rdparty/gcc_13.2.1/bin/../lib/gcc/arm-none-eabi/13.2.1\libc.a(libc_a-reent.o)
 .text          0x08000474        0x0 c:/tools_embedded/3rdparty/gcc_13.2.1/bin/../lib/gcc/arm-none-eabi/13.2.1\libc.a(libc_a-lseekr.o)
 .text          0x08000474        0x0 c:/tools_embedded/3rdparty/gcc_13.2.1/bin/../lib/gcc/arm-none-eabi/13.2.1\libc.a(libc_a-readr.o)
 .text          0x08000474        0x0 c:/tools_embedded/3rdparty/gcc_13.2.1/bin/../lib/gcc/arm-none-eabi/13.2.1\libc.a(libc_a-writer.o)
 .text          0x08000474        0x0 c:/tools_embedded/3rdparty/gcc_13.2.1/bin/../lib/gcc/arm-none-eabi/13.2.1\libc.a(libc_a-lock.o)
 .text          0x08000474        0x0 c:/tools_embedded/3rdparty/gcc_13.2.1/bin/../lib/gcc/arm-none-eabi/13.2.1\libc.a(libc_a-freer.o)
 .text          0x08000474        0x0 c:/tools_embedded/3rdparty/gcc_13.2.1/bin/../lib/gcc/arm-none-eabi/13.2.1\libc.a(libc_a-mallocr.o)
 .text          0x08000474        0x0 c:/tools_embedded/3rdparty/gcc_13.2.1/bin/../lib/gcc/arm-none-eabi/13.2.1\libc.a(libc_a-mlock.o)
 .text          0x08000474        0x0 c:/tools_embedded/3rdparty/gcc_13.2.1/bin/../lib/gcc/arm-none-eabi/13.2.1\libc.a(libc_a-fclose.o)
 .text          0x08000474        0x0 c:/tools_embedded/3rdparty/gcc_13.2.1/bin/../lib/gcc/arm-none-eabi/13.2.1\libc.a(libc_a-fflush.o)
 .text          0x08000474        0x0 c:/tools_embedded/3rdparty/gcc_13.2.1/bin/../lib/gcc/arm-none-eabi/13.2.1\libc.a(libc_a-sbrkr.o)
 .text          0x08000474        0x0 c:/tools_embedded/3rdparty/gcc_13.2.1/bin/../lib/gcc/arm-none-eabi/13.2.1\libc.a(libc_a-sysconf.o)
 .text          0x08000474      0x114 c:/tools_embedded/3rdparty/gcc_13.2.1/bin/../lib/gcc/arm-none-eabi/13.2.1\libgcc.a(_udivsi3.o)
                0x08000474                __aeabi_uidiv
                0x08000474                __udivsi3
                0x08000568                __aeabi_uidivmod
 .text          0x08000588        0x4 c:/tools_embedded/3rdparty/gcc_13.2.1/bin/../lib/gcc/arm-none-eabi/13.2.1\libgcc.a(_dvmd_tls.o)
                0x08000588                __aeabi_idiv0
                0x08000588                __aeabi_ldiv0
 *(.rodata)
                0x0800058c                        . = ALIGN (0x4)
                0x0800058c                        _etext = .

.glue_7         0x0800058c        0x0
 .glue_7        0x0800058c        0x0 linker stubs

.glue_7t        0x0800058c        0x0
 .glue_7t       0x0800058c        0x0 linker stubs

.vfp11_veneer   0x0800058c        0x0
 .vfp11_veneer  0x0800058c        0x0 linker stubs

.v4_bx          0x0800058c        0x0
 .v4_bx         0x0800058c        0x0 linker stubs

.iplt           0x0800058c        0x0
 .iplt          0x0800058c        0x0 build/main.o

.text.__errno   0x0800058c       0x10
 .text.__errno  0x0800058c       0x10 c:/tools_embedded/3rdparty/gcc_13.2.1/bin/../lib/gcc/arm-none-eabi/13.2.1\libc.a(libc_a-errno.o)
                0x0800058c                __errno

.text.stdio_exit_handler
                0x0800059c       0x28
 .text.stdio_exit_handler
                0x0800059c       0x28 c:/tools_embedded/3rdparty/gcc_13.2.1/bin/../lib/gcc/arm-none-eabi/13.2.1\libc.a(libc_a-findfp.o)

.text.cleanup_stdio
                0x080005c4       0x54
 .text.cleanup_stdio
                0x080005c4       0x54 c:/tools_embedded/3rdparty/gcc_13.2.1/bin/../lib/gcc/arm-none-eabi/13.2.1\libc.a(libc_a-findfp.o)

.text.__fp_lock
                0x08000618       0x38
 .text.__fp_lock
                0x08000618       0x38 c:/tools_embedded/3rdparty/gcc_13.2.1/bin/../lib/gcc/arm-none-eabi/13.2.1\libc.a(libc_a-findfp.o)

.text.__fp_unlock
                0x08000650       0x38
 .text.__fp_unlock
                0x08000650       0x38 c:/tools_embedded/3rdparty/gcc_13.2.1/bin/../lib/gcc/arm-none-eabi/13.2.1\libc.a(libc_a-findfp.o)

.text.global_stdio_init.part.0
                0x08000688      0x14c
 .text.global_stdio_init.part.0
                0x08000688      0x14c c:/tools_embedded/3rdparty/gcc_13.2.1/bin/../lib/gcc/arm-none-eabi/13.2.1\libc.a(libc_a-findfp.o)

.text.__sfp     0x080007d4      0x134
 .text.__sfp    0x080007d4      0x134 c:/tools_embedded/3rdparty/gcc_13.2.1/bin/../lib/gcc/arm-none-eabi/13.2.1\libc.a(libc_a-findfp.o)
                0x080007d4                __sfp

.text.__sinit   0x08000908       0x64
 .text.__sinit  0x08000908       0x64 c:/tools_embedded/3rdparty/gcc_13.2.1/bin/../lib/gcc/arm-none-eabi/13.2.1\libc.a(libc_a-findfp.o)
                0x08000908                __sinit

.text.__sfp_lock_acquire
                0x0800096c       0x18
 .text.__sfp_lock_acquire
                0x0800096c       0x18 c:/tools_embedded/3rdparty/gcc_13.2.1/bin/../lib/gcc/arm-none-eabi/13.2.1\libc.a(libc_a-findfp.o)
                0x0800096c                __sfp_lock_acquire

.text.__sfp_lock_release
                0x08000984       0x18
 .text.__sfp_lock_release
                0x08000984       0x18 c:/tools_embedded/3rdparty/gcc_13.2.1/bin/../lib/gcc/arm-none-eabi/13.2.1\libc.a(libc_a-findfp.o)
                0x08000984                __sfp_lock_release

.text.__fp_lock_all
                0x0800099c       0x30
 .text.__fp_lock_all
                0x0800099c       0x30 c:/tools_embedded/3rdparty/gcc_13.2.1/bin/../lib/gcc/arm-none-eabi/13.2.1\libc.a(libc_a-findfp.o)
                0x0800099c                __fp_lock_all

.text.__fp_unlock_all
                0x080009cc       0x30
 .text.__fp_unlock_all
                0x080009cc       0x30 c:/tools_embedded/3rdparty/gcc_13.2.1/bin/../lib/gcc/arm-none-eabi/13.2.1\libc.a(libc_a-findfp.o)
                0x080009cc                __fp_unlock_all

.text._fwalk_sglue
                0x080009fc       0x78
 .text._fwalk_sglue
                0x080009fc       0x78 c:/tools_embedded/3rdparty/gcc_13.2.1/bin/../lib/gcc/arm-none-eabi/13.2.1\libc.a(libc_a-fwalk.o)
                0x080009fc                _fwalk_sglue

.text.__sread   0x08000a74       0x34
 .text.__sread  0x08000a74       0x34 c:/tools_embedded/3rdparty/gcc_13.2.1/bin/../lib/gcc/arm-none-eabi/13.2.1\libc.a(libc_a-stdio.o)
                0x08000a74                __sread

.text.__seofread
                0x08000aa8        0x8
 .text.__seofread
                0x08000aa8        0x8 c:/tools_embedded/3rdparty/gcc_13.2.1/bin/../lib/gcc/arm-none-eabi/13.2.1\libc.a(libc_a-stdio.o)
                0x08000aa8                __seofread

.text.__swrite  0x08000ab0       0x5c
 .text.__swrite
                0x08000ab0       0x5c c:/tools_embedded/3rdparty/gcc_13.2.1/bin/../lib/gcc/arm-none-eabi/13.2.1\libc.a(libc_a-stdio.o)
                0x08000ab0                __swrite

.text.__sseek   0x08000b0c       0x30
 .text.__sseek  0x08000b0c       0x30 c:/tools_embedded/3rdparty/gcc_13.2.1/bin/../lib/gcc/arm-none-eabi/13.2.1\libc.a(libc_a-stdio.o)
                0x08000b0c                __sseek

.text.__sclose  0x08000b3c       0x14
 .text.__sclose
                0x08000b3c       0x14 c:/tools_embedded/3rdparty/gcc_13.2.1/bin/../lib/gcc/arm-none-eabi/13.2.1\libc.a(libc_a-stdio.o)
                0x08000b3c                __sclose

.text.memset    0x08000b50       0xfc
 .text.memset   0x08000b50       0xfc c:/tools_embedded/3rdparty/gcc_13.2.1/bin/../lib/gcc/arm-none-eabi/13.2.1\libc.a(libc_a-memset.o)
                0x08000b50                memset

.text._close_r  0x08000c4c       0x3c
 .text._close_r
                0x08000c4c       0x3c c:/tools_embedded/3rdparty/gcc_13.2.1/bin/../lib/gcc/arm-none-eabi/13.2.1\libc.a(libc_a-closer.o)
                0x08000c4c                _close_r

.text._reclaim_reent
                0x08000c88       0xa4
 .text._reclaim_reent
                0x08000c88       0xa4 c:/tools_embedded/3rdparty/gcc_13.2.1/bin/../lib/gcc/arm-none-eabi/13.2.1\libc.a(libc_a-reent.o)
                0x08000c88                _reclaim_reent

.text._lseek_r  0x08000d2c       0x48
 .text._lseek_r
                0x08000d2c       0x48 c:/tools_embedded/3rdparty/gcc_13.2.1/bin/../lib/gcc/arm-none-eabi/13.2.1\libc.a(libc_a-lseekr.o)
                0x08000d2c                _lseek_r

.text._read_r   0x08000d74       0x48
 .text._read_r  0x08000d74       0x48 c:/tools_embedded/3rdparty/gcc_13.2.1/bin/../lib/gcc/arm-none-eabi/13.2.1\libc.a(libc_a-readr.o)
                0x08000d74                _read_r

.text._write_r  0x08000dbc       0x48
 .text._write_r
                0x08000dbc       0x48 c:/tools_embedded/3rdparty/gcc_13.2.1/bin/../lib/gcc/arm-none-eabi/13.2.1\libc.a(libc_a-writer.o)
                0x08000dbc                _write_r

.text.__retarget_lock_init
                0x08000e04        0x4
 .text.__retarget_lock_init
                0x08000e04        0x4 c:/tools_embedded/3rdparty/gcc_13.2.1/bin/../lib/gcc/arm-none-eabi/13.2.1\libc.a(libc_a-lock.o)
                0x08000e04                __retarget_lock_init

.text.__retarget_lock_init_recursive
                0x08000e08        0x4
 .text.__retarget_lock_init_recursive
                0x08000e08        0x4 c:/tools_embedded/3rdparty/gcc_13.2.1/bin/../lib/gcc/arm-none-eabi/13.2.1\libc.a(libc_a-lock.o)
                0x08000e08                __retarget_lock_init_recursive

.text.__retarget_lock_close
                0x08000e0c        0x4
 .text.__retarget_lock_close
                0x08000e0c        0x4 c:/tools_embedded/3rdparty/gcc_13.2.1/bin/../lib/gcc/arm-none-eabi/13.2.1\libc.a(libc_a-lock.o)
                0x08000e0c                __retarget_lock_close

.text.__retarget_lock_close_recursive
                0x08000e10        0x4
 .text.__retarget_lock_close_recursive
                0x08000e10        0x4 c:/tools_embedded/3rdparty/gcc_13.2.1/bin/../lib/gcc/arm-none-eabi/13.2.1\libc.a(libc_a-lock.o)
                0x08000e10                __retarget_lock_close_recursive

.text.__retarget_lock_acquire
                0x08000e14        0x4
 .text.__retarget_lock_acquire
                0x08000e14        0x4 c:/tools_embedded/3rdparty/gcc_13.2.1/bin/../lib/gcc/arm-none-eabi/13.2.1\libc.a(libc_a-lock.o)
                0x08000e14                __retarget_lock_acquire

.text.__retarget_lock_acquire_recursive
                0x08000e18        0x4
 .text.__retarget_lock_acquire_recursive
                0x08000e18        0x4 c:/tools_embedded/3rdparty/gcc_13.2.1/bin/../lib/gcc/arm-none-eabi/13.2.1\libc.a(libc_a-lock.o)
                0x08000e18                __retarget_lock_acquire_recursive

.text.__retarget_lock_try_acquire
                0x08000e1c        0x8
 .text.__retarget_lock_try_acquire
                0x08000e1c        0x8 c:/tools_embedded/3rdparty/gcc_13.2.1/bin/../lib/gcc/arm-none-eabi/13.2.1\libc.a(libc_a-lock.o)
                0x08000e1c                __retarget_lock_try_acquire

.text.__retarget_lock_try_acquire_recursive
                0x08000e24        0x8
 .text.__retarget_lock_try_acquire_recursive
                0x08000e24        0x8 c:/tools_embedded/3rdparty/gcc_13.2.1/bin/../lib/gcc/arm-none-eabi/13.2.1\libc.a(libc_a-lock.o)
                0x08000e24                __retarget_lock_try_acquire_recursive

.text.__retarget_lock_release
                0x08000e2c        0x4
 .text.__retarget_lock_release
                0x08000e2c        0x4 c:/tools_embedded/3rdparty/gcc_13.2.1/bin/../lib/gcc/arm-none-eabi/13.2.1\libc.a(libc_a-lock.o)
                0x08000e2c                __retarget_lock_release

.text.__retarget_lock_release_recursive
                0x08000e30        0x4
 .text.__retarget_lock_release_recursive
                0x08000e30        0x4 c:/tools_embedded/3rdparty/gcc_13.2.1/bin/../lib/gcc/arm-none-eabi/13.2.1\libc.a(libc_a-lock.o)
                0x08000e30                __retarget_lock_release_recursive

.text._malloc_trim_r
                0x08000e34      0x114
 .text._malloc_trim_r
                0x08000e34      0x114 c:/tools_embedded/3rdparty/gcc_13.2.1/bin/../lib/gcc/arm-none-eabi/13.2.1\libc.a(libc_a-freer.o)
                0x08000e34                _malloc_trim_r

.text._free_r   0x08000f48      0x2e8
 .text._free_r  0x08000f48      0x2e8 c:/tools_embedded/3rdparty/gcc_13.2.1/bin/../lib/gcc/arm-none-eabi/13.2.1\libc.a(libc_a-freer.o)
                0x08000f48                _free_r

.text._malloc_r
                0x08001230      0x7b4
 .text._malloc_r
                0x08001230      0x7b4 c:/tools_embedded/3rdparty/gcc_13.2.1/bin/../lib/gcc/arm-none-eabi/13.2.1\libc.a(libc_a-mallocr.o)
                0x08001230                _malloc_r

.text.__malloc_lock
                0x080019e4       0x18
 .text.__malloc_lock
                0x080019e4       0x18 c:/tools_embedded/3rdparty/gcc_13.2.1/bin/../lib/gcc/arm-none-eabi/13.2.1\libc.a(libc_a-mlock.o)
                0x080019e4                __malloc_lock

.text.__malloc_unlock
                0x080019fc       0x18
 .text.__malloc_unlock
                0x080019fc       0x18 c:/tools_embedded/3rdparty/gcc_13.2.1/bin/../lib/gcc/arm-none-eabi/13.2.1\libc.a(libc_a-mlock.o)
                0x080019fc                __malloc_unlock

.text._fclose_r
                0x08001a14      0x154
 .text._fclose_r
                0x08001a14      0x154 c:/tools_embedded/3rdparty/gcc_13.2.1/bin/../lib/gcc/arm-none-eabi/13.2.1\libc.a(libc_a-fclose.o)
                0x08001a14                _fclose_r

.text.fclose    0x08001b68       0x14
 .text.fclose   0x08001b68       0x14 c:/tools_embedded/3rdparty/gcc_13.2.1/bin/../lib/gcc/arm-none-eabi/13.2.1\libc.a(libc_a-fclose.o)
                0x08001b68                fclose

.text.__sflush_r
                0x08001b7c      0x210
 .text.__sflush_r
                0x08001b7c      0x210 c:/tools_embedded/3rdparty/gcc_13.2.1/bin/../lib/gcc/arm-none-eabi/13.2.1\libc.a(libc_a-fflush.o)
                0x08001b7c                __sflush_r

.text._fflush_r
                0x08001d8c       0x9c
 .text._fflush_r
                0x08001d8c       0x9c c:/tools_embedded/3rdparty/gcc_13.2.1/bin/../lib/gcc/arm-none-eabi/13.2.1\libc.a(libc_a-fflush.o)
                0x08001d8c                _fflush_r

.text.fflush    0x08001e28       0xd4
 .text.fflush   0x08001e28       0xd4 c:/tools_embedded/3rdparty/gcc_13.2.1/bin/../lib/gcc/arm-none-eabi/13.2.1\libc.a(libc_a-fflush.o)
                0x08001e28                fflush

.text._sbrk_r   0x08001efc       0x44
 .text._sbrk_r  0x08001efc       0x44 c:/tools_embedded/3rdparty/gcc_13.2.1/bin/../lib/gcc/arm-none-eabi/13.2.1\libc.a(libc_a-sbrkr.o)
                0x08001efc                _sbrk_r

.text.sysconf   0x08001f40       0x30
 .text.sysconf  0x08001f40       0x30 c:/tools_embedded/3rdparty/gcc_13.2.1/bin/../lib/gcc/arm-none-eabi/13.2.1\libc.a(libc_a-sysconf.o)
                0x08001f40                sysconf

.rel.dyn        0x08001f70        0x0
 .rel.iplt      0x08001f70        0x0 build/main.o

.data           0x20000000        0x4 load address 0x08001f70
                0x20000000                        . = ALIGN (0x4)
                0x20000000                        __sdata = .
 *(.data)
 .data          0x20000000        0x0 build/main.o
 .data          0x20000000        0x0 build/stm32f103_startup.o
 .data          0x20000000        0x0 build/USART.o
 .data          0x20000000        0x0 build/ADC.o
 .data          0x20000000        0x0 build/systick.o
 .data          0x20000000        0x4 build/syscalls.o
 .data          0x20000004        0x0 c:/tools_embedded/3rdparty/gcc_13.2.1/bin/../lib/gcc/arm-none-eabi/13.2.1\libc.a(libc_a-errno.o)
 .data          0x20000004        0x0 c:/tools_embedded/3rdparty/gcc_13.2.1/bin/../lib/gcc/arm-none-eabi/13.2.1\libc.a(libc_a-impure.o)
 .data          0x20000004        0x0 c:/tools_embedded/3rdparty/gcc_13.2.1/bin/../lib/gcc/arm-none-eabi/13.2.1\libc.a(libc_a-findfp.o)
 .data          0x20000004        0x0 c:/tools_embedded/3rdparty/gcc_13.2.1/bin/../lib/gcc/arm-none-eabi/13.2.1\libc.a(libc_a-fwalk.o)
 .data          0x20000004        0x0 c:/tools_embedded/3rdparty/gcc_13.2.1/bin/../lib/gcc/arm-none-eabi/13.2.1\libc.a(libc_a-stdio.o)
 .data          0x20000004        0x0 c:/tools_embedded/3rdparty/gcc_13.2.1/bin/../lib/gcc/arm-none-eabi/13.2.1\libc.a(libc_a-memset.o)
 .data          0x20000004        0x0 c:/tools_embedded/3rdparty/gcc_13.2.1/bin/../lib/gcc/arm-none-eabi/13.2.1\libc.a(libc_a-closer.o)
 .data          0x20000004        0x0 c:/tools_embedded/3rdparty/gcc_13.2.1/bin/../lib/gcc/arm-none-eabi/13.2.1\libc.a(libc_a-reent.o)
 .data          0x20000004        0x0 c:/tools_embedded/3rdparty/gcc_13.2.1/bin/../lib/gcc/arm-none-eabi/13.2.1\libc.a(libc_a-lseekr.o)
 .data          0x20000004        0x0 c:/tools_embedded/3rdparty/gcc_13.2.1/bin/../lib/gcc/arm-none-eabi/13.2.1\libc.a(libc_a-readr.o)
 .data          0x20000004        0x0 c:/tools_embedded/3rdparty/gcc_13.2.1/bin/../lib/gcc/arm-none-eabi/13.2.1\libc.a(libc_a-writer.o)
 .data          0x20000004        0x0 c:/tools_embedded/3rdparty/gcc_13.2.1/bin/../lib/gcc/arm-none-eabi/13.2.1\libc.a(libc_a-lock.o)
 .data          0x20000004        0x0 c:/tools_embedded/3rdparty/gcc_13.2.1/bin/../lib/gcc/arm-none-eabi/13.2.1\libc.a(libc_a-freer.o)
 .data          0x20000004        0x0 c:/tools_embedded/3rdparty/gcc_13.2.1/bin/../lib/gcc/arm-none-eabi/13.2.1\libc.a(libc_a-mallocr.o)
 .data          0x20000004        0x0 c:/tools_embedded/3rdparty/gcc_13.2.1/bin/../lib/gcc/arm-none-eabi/13.2.1\libc.a(libc_a-mlock.o)
 .data          0x20000004        0x0 c:/tools_embedded/3rdparty/gcc_13.2.1/bin/../lib/gcc/arm-none-eabi/13.2.1\libc.a(libc_a-fclose.o)
 .data          0x20000004        0x0 c:/tools_embedded/3rdparty/gcc_13.2.1/bin/../lib/gcc/arm-none-eabi/13.2.1\libc.a(libc_a-fflush.o)
 .data          0x20000004        0x0 c:/tools_embedded/3rdparty/gcc_13.2.1/bin/../lib/gcc/arm-none-eabi/13.2.1\libc.a(libc_a-sbrkr.o)
 .data          0x20000004        0x0 c:/tools_embedded/3rdparty/gcc_13.2.1/bin/../lib/gcc/arm-none-eabi/13.2.1\libc.a(libc_a-sysconf.o)
 .data          0x20000004        0x0 c:/tools_embedded/3rdparty/gcc_13.2.1/bin/../lib/gcc/arm-none-eabi/13.2.1\libgcc.a(_udivsi3.o)
 .data          0x20000004        0x0 c:/tools_embedded/3rdparty/gcc_13.2.1/bin/../lib/gcc/arm-none-eabi/13.2.1\libgcc.a(_dvmd_tls.o)
                0x20000004                        . = ALIGN (0x4)
                0x20000004                        __edata = .

.igot.plt       0x20000004        0x0 load address 0x08001f74
 .igot.plt      0x20000004        0x0 build/main.o

.data._impure_ptr
                0x20000004        0x4 load address 0x08001f74
 .data._impure_ptr
                0x20000004        0x4 c:/tools_embedded/3rdparty/gcc_13.2.1/bin/../lib/gcc/arm-none-eabi/13.2.1\libc.a(libc_a-impure.o)
                0x20000004                _impure_ptr

.data._impure_data
                0x20000008      0x120 load address 0x08001f78
 .data._impure_data
                0x20000008      0x120 c:/tools_embedded/3rdparty/gcc_13.2.1/bin/../lib/gcc/arm-none-eabi/13.2.1\libc.a(libc_a-impure.o)
                0x20000008                _impure_data

.data.__sglue   0x20000128        0xc load address 0x08002098
 .data.__sglue  0x20000128        0xc c:/tools_embedded/3rdparty/gcc_13.2.1/bin/../lib/gcc/arm-none-eabi/13.2.1\libc.a(libc_a-findfp.o)
                0x20000128                __sglue

.data.__malloc_sbrk_base
                0x20000134        0x4 load address 0x080020a4
 .data.__malloc_sbrk_base
                0x20000134        0x4 c:/tools_embedded/3rdparty/gcc_13.2.1/bin/../lib/gcc/arm-none-eabi/13.2.1\libc.a(libc_a-mallocr.o)
                0x20000134                __malloc_sbrk_base

.data.__malloc_trim_threshold
                0x20000138        0x4 load address 0x080020a8
 .data.__malloc_trim_threshold
                0x20000138        0x4 c:/tools_embedded/3rdparty/gcc_13.2.1/bin/../lib/gcc/arm-none-eabi/13.2.1\libc.a(libc_a-mallocr.o)
                0x20000138                __malloc_trim_threshold

.data.__malloc_av_
                0x20000140      0x408 load address 0x080020ac
 .data.__malloc_av_
                0x20000140      0x408 c:/tools_embedded/3rdparty/gcc_13.2.1/bin/../lib/gcc/arm-none-eabi/13.2.1\libc.a(libc_a-mallocr.o)
                0x20000140                __malloc_av_

.bss            0x20000548        0x4 load address 0x080024b4
                0x20000548                        . = ALIGN (0x4)
                0x20000548                        __bss_start__ = .
 *(.bss)
 .bss           0x20000548        0x4 build/main.o
                0x20000548                sensor_value
 .bss           0x2000054c        0x0 build/stm32f103_startup.o
 .bss           0x2000054c        0x0 build/USART.o
 .bss           0x2000054c        0x0 build/ADC.o
 .bss           0x2000054c        0x0 build/systick.o
 .bss           0x2000054c        0x0 build/syscalls.o
 .bss           0x2000054c        0x0 c:/tools_embedded/3rdparty/gcc_13.2.1/bin/../lib/gcc/arm-none-eabi/13.2.1\libc.a(libc_a-errno.o)
 .bss           0x2000054c        0x0 c:/tools_embedded/3rdparty/gcc_13.2.1/bin/../lib/gcc/arm-none-eabi/13.2.1\libc.a(libc_a-impure.o)
 .bss           0x2000054c        0x0 c:/tools_embedded/3rdparty/gcc_13.2.1/bin/../lib/gcc/arm-none-eabi/13.2.1\libc.a(libc_a-findfp.o)
 .bss           0x2000054c        0x0 c:/tools_embedded/3rdparty/gcc_13.2.1/bin/../lib/gcc/arm-none-eabi/13.2.1\libc.a(libc_a-fwalk.o)
 .bss           0x2000054c        0x0 c:/tools_embedded/3rdparty/gcc_13.2.1/bin/../lib/gcc/arm-none-eabi/13.2.1\libc.a(libc_a-stdio.o)
 .bss           0x2000054c        0x0 c:/tools_embedded/3rdparty/gcc_13.2.1/bin/../lib/gcc/arm-none-eabi/13.2.1\libc.a(libc_a-memset.o)
 .bss           0x2000054c        0x0 c:/tools_embedded/3rdparty/gcc_13.2.1/bin/../lib/gcc/arm-none-eabi/13.2.1\libc.a(libc_a-closer.o)
 .bss           0x2000054c        0x0 c:/tools_embedded/3rdparty/gcc_13.2.1/bin/../lib/gcc/arm-none-eabi/13.2.1\libc.a(libc_a-reent.o)
 .bss           0x2000054c        0x0 c:/tools_embedded/3rdparty/gcc_13.2.1/bin/../lib/gcc/arm-none-eabi/13.2.1\libc.a(libc_a-lseekr.o)
 .bss           0x2000054c        0x0 c:/tools_embedded/3rdparty/gcc_13.2.1/bin/../lib/gcc/arm-none-eabi/13.2.1\libc.a(libc_a-readr.o)
 .bss           0x2000054c        0x0 c:/tools_embedded/3rdparty/gcc_13.2.1/bin/../lib/gcc/arm-none-eabi/13.2.1\libc.a(libc_a-writer.o)
 .bss           0x2000054c        0x0 c:/tools_embedded/3rdparty/gcc_13.2.1/bin/../lib/gcc/arm-none-eabi/13.2.1\libc.a(libc_a-lock.o)
 .bss           0x2000054c        0x0 c:/tools_embedded/3rdparty/gcc_13.2.1/bin/../lib/gcc/arm-none-eabi/13.2.1\libc.a(libc_a-freer.o)
 .bss           0x2000054c        0x0 c:/tools_embedded/3rdparty/gcc_13.2.1/bin/../lib/gcc/arm-none-eabi/13.2.1\libc.a(libc_a-mallocr.o)
 .bss           0x2000054c        0x0 c:/tools_embedded/3rdparty/gcc_13.2.1/bin/../lib/gcc/arm-none-eabi/13.2.1\libc.a(libc_a-mlock.o)
 .bss           0x2000054c        0x0 c:/tools_embedded/3rdparty/gcc_13.2.1/bin/../lib/gcc/arm-none-eabi/13.2.1\libc.a(libc_a-fclose.o)
 .bss           0x2000054c        0x0 c:/tools_embedded/3rdparty/gcc_13.2.1/bin/../lib/gcc/arm-none-eabi/13.2.1\libc.a(libc_a-fflush.o)
 .bss           0x2000054c        0x0 c:/tools_embedded/3rdparty/gcc_13.2.1/bin/../lib/gcc/arm-none-eabi/13.2.1\libc.a(libc_a-sbrkr.o)
 .bss           0x2000054c        0x0 c:/tools_embedded/3rdparty/gcc_13.2.1/bin/../lib/gcc/arm-none-eabi/13.2.1\libc.a(libc_a-sysconf.o)
 .bss           0x2000054c        0x0 c:/tools_embedded/3rdparty/gcc_13.2.1/bin/../lib/gcc/arm-none-eabi/13.2.1\libgcc.a(_udivsi3.o)
 .bss           0x2000054c        0x0 c:/tools_embedded/3rdparty/gcc_13.2.1/bin/../lib/gcc/arm-none-eabi/13.2.1\libgcc.a(_dvmd_tls.o)
                0x2000054c                        . = ALIGN (0x4)
                0x2000054c                        __bss_end__ = .
                0x2000054c                        _end = .
OUTPUT(bin/systick_built_in_timer.elf elf32-littlearm)
LOAD linker stubs

.bss.__sf       0x2000054c      0x138 load address 0x080024b4
 .bss.__sf      0x2000054c      0x138 c:/tools_embedded/3rdparty/gcc_13.2.1/bin/../lib/gcc/arm-none-eabi/13.2.1\libc.a(libc_a-findfp.o)
                0x2000054c                __sf

.bss.__stdio_exit_handler
                0x20000684        0x4 load address 0x080024b4
 .bss.__stdio_exit_handler
                0x20000684        0x4 c:/tools_embedded/3rdparty/gcc_13.2.1/bin/../lib/gcc/arm-none-eabi/13.2.1\libc.a(libc_a-findfp.o)
                0x20000684                __stdio_exit_handler

.bss.errno      0x20000688        0x4 load address 0x080024b4
 .bss.errno     0x20000688        0x4 c:/tools_embedded/3rdparty/gcc_13.2.1/bin/../lib/gcc/arm-none-eabi/13.2.1\libc.a(libc_a-reent.o)
                0x20000688                errno

.bss.__lock___arc4random_mutex
                0x2000068c        0x1 load address 0x080024b4
 .bss.__lock___arc4random_mutex
                0x2000068c        0x1 c:/tools_embedded/3rdparty/gcc_13.2.1/bin/../lib/gcc/arm-none-eabi/13.2.1\libc.a(libc_a-lock.o)
                0x2000068c                __lock___arc4random_mutex

.bss.__lock___dd_hash_mutex
                0x20000690        0x1 load address 0x080024b4
 .bss.__lock___dd_hash_mutex
                0x20000690        0x1 c:/tools_embedded/3rdparty/gcc_13.2.1/bin/../lib/gcc/arm-none-eabi/13.2.1\libc.a(libc_a-lock.o)
                0x20000690                __lock___dd_hash_mutex

.bss.__lock___tz_mutex
                0x20000694        0x1 load address 0x080024b4
 .bss.__lock___tz_mutex
                0x20000694        0x1 c:/tools_embedded/3rdparty/gcc_13.2.1/bin/../lib/gcc/arm-none-eabi/13.2.1\libc.a(libc_a-lock.o)
                0x20000694                __lock___tz_mutex

.bss.__lock___env_recursive_mutex
                0x20000698        0x1 load address 0x080024b4
 .bss.__lock___env_recursive_mutex
                0x20000698        0x1 c:/tools_embedded/3rdparty/gcc_13.2.1/bin/../lib/gcc/arm-none-eabi/13.2.1\libc.a(libc_a-lock.o)
                0x20000698                __lock___env_recursive_mutex

.bss.__lock___malloc_recursive_mutex
                0x2000069c        0x1 load address 0x080024b4
 .bss.__lock___malloc_recursive_mutex
                0x2000069c        0x1 c:/tools_embedded/3rdparty/gcc_13.2.1/bin/../lib/gcc/arm-none-eabi/13.2.1\libc.a(libc_a-lock.o)
                0x2000069c                __lock___malloc_recursive_mutex

.bss.__lock___at_quick_exit_mutex
                0x200006a0        0x1 load address 0x080024b4
 .bss.__lock___at_quick_exit_mutex
                0x200006a0        0x1 c:/tools_embedded/3rdparty/gcc_13.2.1/bin/../lib/gcc/arm-none-eabi/13.2.1\libc.a(libc_a-lock.o)
                0x200006a0                __lock___at_quick_exit_mutex

.bss.__lock___atexit_recursive_mutex
                0x200006a4        0x1 load address 0x080024b4
 .bss.__lock___atexit_recursive_mutex
                0x200006a4        0x1 c:/tools_embedded/3rdparty/gcc_13.2.1/bin/../lib/gcc/arm-none-eabi/13.2.1\libc.a(libc_a-lock.o)
                0x200006a4                __lock___atexit_recursive_mutex

.bss.__lock___sfp_recursive_mutex
                0x200006a8        0x1 load address 0x080024b4
 .bss.__lock___sfp_recursive_mutex
                0x200006a8        0x1 c:/tools_embedded/3rdparty/gcc_13.2.1/bin/../lib/gcc/arm-none-eabi/13.2.1\libc.a(libc_a-lock.o)
                0x200006a8                __lock___sfp_recursive_mutex

.bss.__malloc_current_mallinfo
                0x200006ac       0x28 load address 0x080024b4
 .bss.__malloc_current_mallinfo
                0x200006ac       0x28 c:/tools_embedded/3rdparty/gcc_13.2.1/bin/../lib/gcc/arm-none-eabi/13.2.1\libc.a(libc_a-mallocr.o)
                0x200006ac                __malloc_current_mallinfo

.bss.__malloc_max_total_mem
                0x200006d4        0x4 load address 0x080024b4
 .bss.__malloc_max_total_mem
                0x200006d4        0x4 c:/tools_embedded/3rdparty/gcc_13.2.1/bin/../lib/gcc/arm-none-eabi/13.2.1\libc.a(libc_a-mallocr.o)
                0x200006d4                __malloc_max_total_mem

.bss.__malloc_max_sbrked_mem
                0x200006d8        0x4 load address 0x080024b4
 .bss.__malloc_max_sbrked_mem
                0x200006d8        0x4 c:/tools_embedded/3rdparty/gcc_13.2.1/bin/../lib/gcc/arm-none-eabi/13.2.1\libc.a(libc_a-mallocr.o)
                0x200006d8                __malloc_max_sbrked_mem

.bss.__malloc_top_pad
                0x200006dc        0x4 load address 0x080024b4
 .bss.__malloc_top_pad
                0x200006dc        0x4 c:/tools_embedded/3rdparty/gcc_13.2.1/bin/../lib/gcc/arm-none-eabi/13.2.1\libc.a(libc_a-mallocr.o)
                0x200006dc                __malloc_top_pad

.comment        0x00000000       0xc2
 .comment       0x00000000       0xc2 build/main.o
                                 0x45 (size before relaxing)
 .comment       0x000000c2       0x7f build/stm32f103_startup.o
 .comment       0x000000c2       0x45 build/USART.o
 .comment       0x000000c2       0x7f build/ADC.o
 .comment       0x000000c2       0x7f build/systick.o
 .comment       0x000000c2       0x7f build/syscalls.o

.ARM.attributes
                0x00000000       0x2f
 .ARM.attributes
                0x00000000       0x2d build/main.o
 .ARM.attributes
                0x0000002d       0x33 build/stm32f103_startup.o
 .ARM.attributes
                0x00000060       0x2d build/USART.o
 .ARM.attributes
                0x0000008d       0x33 build/ADC.o
 .ARM.attributes
                0x000000c0       0x33 build/systick.o
 .ARM.attributes
                0x000000f3       0x33 build/syscalls.o
 .ARM.attributes
                0x00000126       0x2a c:/tools_embedded/3rdparty/gcc_13.2.1/bin/../lib/gcc/arm-none-eabi/13.2.1\libc.a(libc_a-errno.o)
 .ARM.attributes
                0x00000150       0x2a c:/tools_embedded/3rdparty/gcc_13.2.1/bin/../lib/gcc/arm-none-eabi/13.2.1\libc.a(libc_a-impure.o)
 .ARM.attributes
                0x0000017a       0x2a c:/tools_embedded/3rdparty/gcc_13.2.1/bin/../lib/gcc/arm-none-eabi/13.2.1\libc.a(libc_a-findfp.o)
 .ARM.attributes
                0x000001a4       0x2a c:/tools_embedded/3rdparty/gcc_13.2.1/bin/../lib/gcc/arm-none-eabi/13.2.1\libc.a(libc_a-fwalk.o)
 .ARM.attributes
                0x000001ce       0x2a c:/tools_embedded/3rdparty/gcc_13.2.1/bin/../lib/gcc/arm-none-eabi/13.2.1\libc.a(libc_a-stdio.o)
 .ARM.attributes
                0x000001f8       0x2a c:/tools_embedded/3rdparty/gcc_13.2.1/bin/../lib/gcc/arm-none-eabi/13.2.1\libc.a(libc_a-memset.o)
 .ARM.attributes
                0x00000222       0x2a c:/tools_embedded/3rdparty/gcc_13.2.1/bin/../lib/gcc/arm-none-eabi/13.2.1\libc.a(libc_a-closer.o)
 .ARM.attributes
                0x0000024c       0x2a c:/tools_embedded/3rdparty/gcc_13.2.1/bin/../lib/gcc/arm-none-eabi/13.2.1\libc.a(libc_a-reent.o)
 .ARM.attributes
                0x00000276       0x2a c:/tools_embedded/3rdparty/gcc_13.2.1/bin/../lib/gcc/arm-none-eabi/13.2.1\libc.a(libc_a-lseekr.o)
 .ARM.attributes
                0x000002a0       0x2a c:/tools_embedded/3rdparty/gcc_13.2.1/bin/../lib/gcc/arm-none-eabi/13.2.1\libc.a(libc_a-readr.o)
 .ARM.attributes
                0x000002ca       0x2a c:/tools_embedded/3rdparty/gcc_13.2.1/bin/../lib/gcc/arm-none-eabi/13.2.1\libc.a(libc_a-writer.o)
 .ARM.attributes
                0x000002f4       0x2a c:/tools_embedded/3rdparty/gcc_13.2.1/bin/../lib/gcc/arm-none-eabi/13.2.1\libc.a(libc_a-lock.o)
 .ARM.attributes
                0x0000031e       0x2a c:/tools_embedded/3rdparty/gcc_13.2.1/bin/../lib/gcc/arm-none-eabi/13.2.1\libc.a(libc_a-freer.o)
 .ARM.attributes
                0x00000348       0x2a c:/tools_embedded/3rdparty/gcc_13.2.1/bin/../lib/gcc/arm-none-eabi/13.2.1\libc.a(libc_a-mallocr.o)
 .ARM.attributes
                0x00000372       0x2a c:/tools_embedded/3rdparty/gcc_13.2.1/bin/../lib/gcc/arm-none-eabi/13.2.1\libc.a(libc_a-mlock.o)
 .ARM.attributes
                0x0000039c       0x2a c:/tools_embedded/3rdparty/gcc_13.2.1/bin/../lib/gcc/arm-none-eabi/13.2.1\libc.a(libc_a-fclose.o)
 .ARM.attributes
                0x000003c6       0x2a c:/tools_embedded/3rdparty/gcc_13.2.1/bin/../lib/gcc/arm-none-eabi/13.2.1\libc.a(libc_a-fflush.o)
 .ARM.attributes
                0x000003f0       0x2a c:/tools_embedded/3rdparty/gcc_13.2.1/bin/../lib/gcc/arm-none-eabi/13.2.1\libc.a(libc_a-sbrkr.o)
 .ARM.attributes
                0x0000041a       0x2a c:/tools_embedded/3rdparty/gcc_13.2.1/bin/../lib/gcc/arm-none-eabi/13.2.1\libc.a(libc_a-sysconf.o)
 .ARM.attributes
                0x00000444       0x1c c:/tools_embedded/3rdparty/gcc_13.2.1/bin/../lib/gcc/arm-none-eabi/13.2.1\libgcc.a(_udivsi3.o)
 .ARM.attributes
                0x00000460       0x1c c:/tools_embedded/3rdparty/gcc_13.2.1/bin/../lib/gcc/arm-none-eabi/13.2.1\libgcc.a(_dvmd_tls.o)

.debug_frame    0x00000000      0x6f4
 .debug_frame   0x00000000       0x20 c:/tools_embedded/3rdparty/gcc_13.2.1/bin/../lib/gcc/arm-none-eabi/13.2.1\libc.a(libc_a-errno.o)
 .debug_frame   0x00000020      0x170 c:/tools_embedded/3rdparty/gcc_13.2.1/bin/../lib/gcc/arm-none-eabi/13.2.1\libc.a(libc_a-findfp.o)
 .debug_frame   0x00000190       0x40 c:/tools_embedded/3rdparty/gcc_13.2.1/bin/../lib/gcc/arm-none-eabi/13.2.1\libc.a(libc_a-fwalk.o)
 .debug_frame   0x000001d0       0xa0 c:/tools_embedded/3rdparty/gcc_13.2.1/bin/../lib/gcc/arm-none-eabi/13.2.1\libc.a(libc_a-stdio.o)
 .debug_frame   0x00000270       0x34 c:/tools_embedded/3rdparty/gcc_13.2.1/bin/../lib/gcc/arm-none-eabi/13.2.1\libc.a(libc_a-memset.o)
 .debug_frame   0x000002a4       0x34 c:/tools_embedded/3rdparty/gcc_13.2.1/bin/../lib/gcc/arm-none-eabi/13.2.1\libc.a(libc_a-closer.o)
 .debug_frame   0x000002d8       0x3c c:/tools_embedded/3rdparty/gcc_13.2.1/bin/../lib/gcc/arm-none-eabi/13.2.1\libc.a(libc_a-reent.o)
 .debug_frame   0x00000314       0x34 c:/tools_embedded/3rdparty/gcc_13.2.1/bin/../lib/gcc/arm-none-eabi/13.2.1\libc.a(libc_a-lseekr.o)
 .debug_frame   0x00000348       0x34 c:/tools_embedded/3rdparty/gcc_13.2.1/bin/../lib/gcc/arm-none-eabi/13.2.1\libc.a(libc_a-readr.o)
 .debug_frame   0x0000037c       0x34 c:/tools_embedded/3rdparty/gcc_13.2.1/bin/../lib/gcc/arm-none-eabi/13.2.1\libc.a(libc_a-writer.o)
 .debug_frame   0x000003b0       0xb0 c:/tools_embedded/3rdparty/gcc_13.2.1/bin/../lib/gcc/arm-none-eabi/13.2.1\libc.a(libc_a-lock.o)
 .debug_frame   0x00000460       0x70 c:/tools_embedded/3rdparty/gcc_13.2.1/bin/../lib/gcc/arm-none-eabi/13.2.1\libc.a(libc_a-freer.o)
 .debug_frame   0x000004d0       0x60 c:/tools_embedded/3rdparty/gcc_13.2.1/bin/../lib/gcc/arm-none-eabi/13.2.1\libc.a(libc_a-mallocr.o)
 .debug_frame   0x00000530       0x48 c:/tools_embedded/3rdparty/gcc_13.2.1/bin/../lib/gcc/arm-none-eabi/13.2.1\libc.a(libc_a-mlock.o)
 .debug_frame   0x00000578       0x50 c:/tools_embedded/3rdparty/gcc_13.2.1/bin/../lib/gcc/arm-none-eabi/13.2.1\libc.a(libc_a-fclose.o)
 .debug_frame   0x000005c8       0xa4 c:/tools_embedded/3rdparty/gcc_13.2.1/bin/../lib/gcc/arm-none-eabi/13.2.1\libc.a(libc_a-fflush.o)
 .debug_frame   0x0000066c       0x3c c:/tools_embedded/3rdparty/gcc_13.2.1/bin/../lib/gcc/arm-none-eabi/13.2.1\libc.a(libc_a-sbrkr.o)
 .debug_frame   0x000006a8       0x2c c:/tools_embedded/3rdparty/gcc_13.2.1/bin/../lib/gcc/arm-none-eabi/13.2.1\libc.a(libc_a-sysconf.o)
 .debug_frame   0x000006d4       0x20 c:/tools_embedded/3rdparty/gcc_13.2.1/bin/../lib/gcc/arm-none-eabi/13.2.1\libgcc.a(_udivsi3.o)

.debug_line_str
                0x00000000       0xb9
 .debug_line_str
                0x00000000       0xb9 c:/tools_embedded/3rdparty/gcc_13.2.1/bin/../lib/gcc/arm-none-eabi/13.2.1\libgcc.a(_udivsi3.o)
 .debug_line_str
                0x000000b9       0xb9 c:/tools_embedded/3rdparty/gcc_13.2.1/bin/../lib/gcc/arm-none-eabi/13.2.1\libgcc.a(_dvmd_tls.o)
