
There are no discarded input sections

Memory Configuration

Name             Origin             Length             Attributes
FLASH            0x08000000         0x00020000         xr
SRAM             0x20000000         0x00005000         xrw
*default*        0x00000000         0xffffffff

Linker script and memory map

LOAD build\stm32f103_startup.o
LOAD build\main.o
                0x20005000                        _estack = (ORIGIN (SRAM) + LENGTH (SRAM))
                0x00000080                        __max_heap_size = 0x80
                0x00000400                        __max_stack_size = 0x400

.text           0x08000000      0x3c4
                0x08000000                        . = ALIGN (0x4)
 *(.isr_vector_tbl)
 .isr_vector_tbl
                0x08000000      0x130 build\stm32f103_startup.o
                0x08000000                vector_tbl
 *(.text)
 .text          0x08000130       0x8c build\stm32f103_startup.o
                0x08000130                EXTI2_IRQHandler
                0x08000130                TIM8_TRG_COM_IRQHandler
                0x08000130                TIM8_CC_IRQHandler
                0x08000130                DebugMon_Handler
                0x08000130                TIM1_CC_IRQHandler
                0x08000130                HardFault_Handler
                0x08000130                TIM6_IRQHandler
                0x08000130                SysTick_Handler
                0x08000130                PVD_IRQHandler
                0x08000130                SDIO_IRQHandler
                0x08000130                PendSV_Handler
                0x08000130                NMI_Handler
                0x08000130                EXTI3_IRQHandler
                0x08000130                USB_HP_CAN_TX_IRQHandler
                0x08000130                EXTI0_IRQHandler
                0x08000130                I2C2_EV_IRQHandler
                0x08000130                UsageFault_Handler
                0x08000130                ADC1_2_IRQHandler
                0x08000130                SPI1_IRQHandler
                0x08000130                CAN_SCE_IRQHandler
                0x08000130                TAMPER_IRQHandler
                0x08000130                TIM8_UP_IRQHandler
                0x08000130                DMA2_Channel2_IRQHandler
                0x08000130                DMA1_Channel4_IRQHandler
                0x08000130                USART3_IRQHandler
                0x08000130                RTC_IRQHandler
                0x08000130                DMA1_Channel7_IRQHandler
                0x08000130                I2C1_ER_IRQHandler
                0x08000130                UART5_IRQHandler
                0x08000130                ADC3_IRQHandler
                0x08000130                USBWakeup_IRQHandler
                0x08000130                TIM4_IRQHandler
                0x08000130                CAN_RX1_IRQHandler
                0x08000130                DMA2_Channel1_IRQHandler
                0x08000130                I2C1_EV_IRQHandler
                0x08000130                DMA1_Channel6_IRQHandler
                0x08000130                UART4_IRQHandler
                0x08000130                TIM3_IRQHandler
                0x08000130                RCC_IRQHandler
                0x08000130                TIM1_TRG_COM_IRQHandler
                0x08000130                DMA1_Channel1_IRQHandler
                0x08000130                Default_Handler
                0x08000130                EXTI15_10_IRQHandler
                0x08000130                TIM7_IRQHandler
                0x08000130                TIM5_IRQHandler
                0x08000130                EXTI9_5_IRQHandler
                0x08000130                SPI2_IRQHandler
                0x08000130                USB_LP_CAN_RX0_IRQHandler
                0x08000130                MemManage_Handler
                0x08000130                SVC_Handler
                0x08000130                DMA1_Channel5_IRQHandler
                0x08000130                EXTI4_IRQHandler
                0x08000130                DMA1_Channel3_IRQHandler
                0x08000130                FSMC_IRQHandler
                0x08000130                TIM1_UP_IRQHandler
                0x08000130                WWDG_IRQHandler
                0x08000130                TIM2_IRQHandler
                0x08000130                TIM1_BRK_IRQHandler
                0x08000130                EXTI1_IRQHandler
                0x08000130                RTCAlarm_IRQHandler
                0x08000130                DMA2_Channel4_5_IRQHandler
                0x08000130                USART2_IRQHandler
                0x08000130                I2C2_ER_IRQHandler
                0x08000130                DMA1_Channel2_IRQHandler
                0x08000130                TIM8_BRK_IRQHandler
                0x08000130                FLASH_IRQHandler
                0x08000130                BusFault_Handler
                0x08000130                SPI3_IRQHandler
                0x08000130                DMA2_Channel3_IRQHandler
                0x08000136                Reset_Handler
 .text          0x080001bc      0x208 build\main.o
                0x080001f4                uart_init
                0x080002b0                uart_transmit
                0x080002dc                USART1_IRQHandler
                0x08000340                main
 *(.rodata)
                0x080003c4                        . = ALIGN (0x4)
                0x080003c4                        _etext = .

.glue_7         0x080003c4        0x0
 .glue_7        0x080003c4        0x0 linker stubs

.glue_7t        0x080003c4        0x0
 .glue_7t       0x080003c4        0x0 linker stubs

.vfp11_veneer   0x080003c4        0x0
 .vfp11_veneer  0x080003c4        0x0 linker stubs

.v4_bx          0x080003c4        0x0
 .v4_bx         0x080003c4        0x0 linker stubs

.iplt           0x080003c4        0x0
 .iplt          0x080003c4        0x0 build\stm32f103_startup.o

.rel.dyn        0x080003c4        0x0
 .rel.iplt      0x080003c4        0x0 build\stm32f103_startup.o

.data           0x20000000        0x0 load address 0x080003c4
                0x20000000                        . = ALIGN (0x4)
                0x20000000                        _sdata = .
 *(data)
                0x20000000                        . = ALIGN (0x4)
                0x20000000                        _edata = .
 .data          0x20000000        0x0 build\stm32f103_startup.o
 .data          0x20000000        0x0 build\main.o

.igot.plt       0x20000000        0x0 load address 0x080003c4
 .igot.plt      0x20000000        0x0 build\stm32f103_startup.o

.bss            0x20000000       0x14 load address 0x080003c4
                0x20000000                        . = ALIGN (0x4)
                0x20000000                        _sbss = .
 *(.bss)
 .bss           0x20000000        0x0 build\stm32f103_startup.o
 .bss           0x20000000       0x12 build\main.o
                0x20000000                Data_rec
                0x20000010                data_index
                0x20000014                        . = ALIGN (0x4)
 *fill*         0x20000012        0x2 
                0x20000014                        _ebss = .
OUTPUT(bin\uart_rx_into_buffer.elf elf32-littlearm)
LOAD linker stubs

.comment        0x00000000       0x44
 .comment       0x00000000       0x44 build\stm32f103_startup.o
                                 0x45 (size before relaxing)
 .comment       0x00000044       0x45 build\main.o

.ARM.attributes
                0x00000000       0x2d
 .ARM.attributes
                0x00000000       0x2d build\stm32f103_startup.o
 .ARM.attributes
                0x0000002d       0x2d build\main.o
