Archive member included to satisfy reference by file (symbol)

/usr/lib/gcc/arm-none-eabi/13.2.1/../../../arm-none-eabi/lib/libc.a(libc_a-errno.o)
                              build/syscalls.o (__errno)
/usr/lib/gcc/arm-none-eabi/13.2.1/../../../arm-none-eabi/lib/libc.a(libc_a-impure.o)
                              /usr/lib/gcc/arm-none-eabi/13.2.1/../../../arm-none-eabi/lib/libc.a(libc_a-errno.o) (_impure_ptr)
/usr/lib/gcc/arm-none-eabi/13.2.1/../../../arm-none-eabi/lib/libc.a(libc_a-findfp.o)
                              /usr/lib/gcc/arm-none-eabi/13.2.1/../../../arm-none-eabi/lib/libc.a(libc_a-impure.o) (__sf)
/usr/lib/gcc/arm-none-eabi/13.2.1/../../../arm-none-eabi/lib/libc.a(libc_a-printf.o)
                              build/main.o (printf)
/usr/lib/gcc/arm-none-eabi/13.2.1/../../../arm-none-eabi/lib/libc.a(libc_a-memset.o)
                              /usr/lib/gcc/arm-none-eabi/13.2.1/../../../arm-none-eabi/lib/libc.a(libc_a-findfp.o) (memset)
/usr/lib/gcc/arm-none-eabi/13.2.1/../../../arm-none-eabi/lib/libc.a(libc_a-fwalk.o)
                              /usr/lib/gcc/arm-none-eabi/13.2.1/../../../arm-none-eabi/lib/libc.a(libc_a-findfp.o) (_fwalk_sglue)
/usr/lib/gcc/arm-none-eabi/13.2.1/../../../arm-none-eabi/lib/libc.a(libc_a-vfprintf.o)
                              /usr/lib/gcc/arm-none-eabi/13.2.1/../../../arm-none-eabi/lib/libc.a(libc_a-printf.o) (_vfprintf_r)
/usr/lib/gcc/arm-none-eabi/13.2.1/../../../arm-none-eabi/lib/libc.a(libc_a-fflush.o)
                              /usr/lib/gcc/arm-none-eabi/13.2.1/../../../arm-none-eabi/lib/libc.a(libc_a-vfprintf.o) (_fflush_r)
/usr/lib/gcc/arm-none-eabi/13.2.1/../../../arm-none-eabi/lib/libc.a(libc_a-mallocr.o)
                              /usr/lib/gcc/arm-none-eabi/13.2.1/../../../arm-none-eabi/lib/libc.a(libc_a-findfp.o) (_malloc_r)
/usr/lib/gcc/arm-none-eabi/13.2.1/../../../arm-none-eabi/lib/libc.a(libc_a-dtoa.o)
                              /usr/lib/gcc/arm-none-eabi/13.2.1/../../../arm-none-eabi/lib/libc.a(libc_a-vfprintf.o) (_dtoa_r)
/usr/lib/gcc/arm-none-eabi/13.2.1/../../../arm-none-eabi/lib/libc.a(libc_a-wsetup.o)
                              /usr/lib/gcc/arm-none-eabi/13.2.1/../../../arm-none-eabi/lib/libc.a(libc_a-vfprintf.o) (__swsetup_r)
/usr/lib/gcc/arm-none-eabi/13.2.1/../../../arm-none-eabi/lib/libc.a(libc_a-freer.o)
                              /usr/lib/gcc/arm-none-eabi/13.2.1/../../../arm-none-eabi/lib/libc.a(libc_a-fflush.o) (_free_r)
/usr/lib/gcc/arm-none-eabi/13.2.1/../../../arm-none-eabi/lib/libc.a(libc_a-fclose.o)
                              /usr/lib/gcc/arm-none-eabi/13.2.1/../../../arm-none-eabi/lib/libc.a(libc_a-findfp.o) (_fclose_r)
/usr/lib/gcc/arm-none-eabi/13.2.1/../../../arm-none-eabi/lib/libc.a(libc_a-sysconf.o)
                              /usr/lib/gcc/arm-none-eabi/13.2.1/../../../arm-none-eabi/lib/libc.a(libc_a-mallocr.o) (sysconf)
/usr/lib/gcc/arm-none-eabi/13.2.1/../../../arm-none-eabi/lib/libc.a(libc_a-stdio.o)
                              /usr/lib/gcc/arm-none-eabi/13.2.1/../../../arm-none-eabi/lib/libc.a(libc_a-findfp.o) (__sread)
/usr/lib/gcc/arm-none-eabi/13.2.1/../../../arm-none-eabi/lib/libc.a(libc_a-writer.o)
                              /usr/lib/gcc/arm-none-eabi/13.2.1/../../../arm-none-eabi/lib/libc.a(libc_a-stdio.o) (_write_r)
/usr/lib/gcc/arm-none-eabi/13.2.1/../../../arm-none-eabi/lib/libc.a(libc_a-mlock.o)
                              /usr/lib/gcc/arm-none-eabi/13.2.1/../../../arm-none-eabi/lib/libc.a(libc_a-mallocr.o) (__malloc_lock)
/usr/lib/gcc/arm-none-eabi/13.2.1/../../../arm-none-eabi/lib/libc.a(libc_a-strlen-stub.o)
                              /usr/lib/gcc/arm-none-eabi/13.2.1/../../../arm-none-eabi/lib/libc.a(libc_a-vfprintf.o) (strlen)
/usr/lib/gcc/arm-none-eabi/13.2.1/../../../arm-none-eabi/lib/libc.a(libc_a-sbrkr.o)
                              /usr/lib/gcc/arm-none-eabi/13.2.1/../../../arm-none-eabi/lib/libc.a(libc_a-mallocr.o) (_sbrk_r)
/usr/lib/gcc/arm-none-eabi/13.2.1/../../../arm-none-eabi/lib/libc.a(libc_a-closer.o)
                              /usr/lib/gcc/arm-none-eabi/13.2.1/../../../arm-none-eabi/lib/libc.a(libc_a-stdio.o) (_close_r)
/usr/lib/gcc/arm-none-eabi/13.2.1/../../../arm-none-eabi/lib/libc.a(libc_a-sprint_r.o)
                              /usr/lib/gcc/arm-none-eabi/13.2.1/../../../arm-none-eabi/lib/libc.a(libc_a-vfprintf.o) (__sprint_r)
/usr/lib/gcc/arm-none-eabi/13.2.1/../../../arm-none-eabi/lib/libc.a(libc_a-assert.o)
                              /usr/lib/gcc/arm-none-eabi/13.2.1/../../../arm-none-eabi/lib/libc.a(libc_a-dtoa.o) (__assert_func)
/usr/lib/gcc/arm-none-eabi/13.2.1/../../../arm-none-eabi/lib/libc.a(libc_a-mprec.o)
                              /usr/lib/gcc/arm-none-eabi/13.2.1/../../../arm-none-eabi/lib/libc.a(libc_a-dtoa.o) (_Balloc)
/usr/lib/gcc/arm-none-eabi/13.2.1/../../../arm-none-eabi/lib/libc.a(libc_a-memchr-stub.o)
[...]
Memory Configuration

Name             Origin             Length             Attributes
FLASH            0x08000000         0x00020000         xr
SRAM             0x20000000         0x00005000         xrw
*default*        0x00000000         0xffffffff

Linker script and memory map

LOAD build/main.o
LOAD build/stm32f103_startup.o
LOAD build/USART.o
LOAD build/ADC.o
LOAD build/syscalls.o
START GROUP
LOAD /usr/lib/gcc/arm-none-eabi/13.2.1/libgcc.a
LOAD /usr/lib/gcc/arm-none-eabi/13.2.1/../../../arm-none-eabi/lib/libc.a
END GROUP
                0x20005000                        _estack = (ORIGIN (SRAM) + LENGTH (SRAM))

.text           0x08000000     0xa244
                0x08000000                        . = ALIGN (0x4)
 *(.isr_vector)
 .isr_vector    0x08000000       0x44 build/stm32f103_startup.o
                0x08000000                vector_tbl
 *(.text)
 .text          0x08000044       0x54 build/main.o
                0x08000044                __io_putchar
                0x0800005c                main
                0x0800008c                ADC_IRQHandler
 .text          0x08000098       0x68 build/stm32f103_startup.o
                0x08000098                DebugMon_Handler
                0x08000098                HardFault_Handler
                0x08000098                SysTick_Handler
                0x08000098                PendSV_Handler
                0x08000098                NMI_Handler
                0x08000098                UsageFault_Handler
                0x08000098                Default_Handler
                0x08000098                MemManage_Handler
                0x08000098                SVC_Handler
                0x08000098                BusFault_Handler
                0x0800009e                Reset_Handler
 .text          0x08000100       0xa4 build/USART.o
                0x08000100                USART1_Init
                0x08000178                UART_write
 .text          0x080001a4      0x1bc build/ADC.o
                0x080001dc                pa1_adc_Interrupt_init
                0x0800027c                pa1_adc_init
                0x08000310                Start_conversion
                0x08000338                adc_read
 .text          0x08000360       0xf8 build/syscalls.o
                0x08000360                _sbrk
                0x080003b0                _write
                0x080003e0                _read
                0x080003f8                _close
                0x0800040e                _fstat
                0x0800042c                _lseek
                0x08000444                _isatty
 .text          0x08000458       0x10 /usr/lib/gcc/arm-none-eabi/13.2.1/../../../arm-none-eabi/lib/libc.a(libc_a-errno.o)
                0x08000458                __errno
 .text          0x08000468        0x0 /usr/lib/gcc/arm-none-eabi/13.2.1/../../../arm-none-eabi/lib/libc.a(libc_a-impure.o)
 .text          0x08000468      0x348 /usr/lib/gcc/arm-none-eabi/13.2.1/../../../arm-none-eabi/lib/libc.a(libc_a-findfp.o)
                0x08000620                __sfp
                0x08000730                __sinit
                0x08000760                __sfp_lock_acquire
                0x08000764                __sfp_lock_release
                0x08000768                __fp_lock_all
                0x0800078c                __fp_unlock_all
 .text          0x080007b0       0x6c /usr/lib/gcc/arm-none-eabi/13.2.1/../../../arm-none-eabi/lib/libc.a(libc_a-printf.o)
                0x080007b0                _printf_r
                0x080007e0                printf
 .text          0x0800081c       0xfc /usr/lib/gcc/arm-none-eabi/13.2.1/../../../arm-none-eabi/lib/libc.a(libc_a-memset.o)
                0x0800081c                memset
 .text          0x08000918       0x78 /usr/lib/gcc/arm-none-eabi/13.2.1/../../../arm-none-eabi/lib/libc.a(libc_a-fwalk.o)
                0x08000918                _fwalk_sglue
 .text          0x08000990     0x1fd4 /usr/lib/gcc/arm-none-eabi/13.2.1/../../../arm-none-eabi/lib/libc.a(libc_a-vfprintf.o)
                0x08000990                _vfprintf_r
                0x08002888                vfprintf
 .text          0x08002964      0x2e8 /usr/lib/gcc/arm-none-eabi/13.2.1/../../../arm-none-eabi/lib/libc.a(libc_a-fflush.o)
                0x08002964                __sflush_r
                0x08002b74                _fflush_r
                0x08002bc8                fflush
 .text          0x08002c4c      0x784 /usr/lib/gcc/arm-none-eabi/13.2.1/../../../arm-none-eabi/lib/libc.a(libc_a-mallocr.o)
                0x08002c4c                _malloc_r
 .text          0x080033d0     0x18a4 /usr/lib/gcc/arm-none-eabi/13.2.1/../../../arm-none-eabi/lib/libc.a(libc_a-dtoa.o)
                0x080035a8                _dtoa_r
 .text          0x08004c74      0x150 /usr/lib/gcc/arm-none-eabi/13.2.1/../../../arm-none-eabi/lib/libc.a(libc_a-wsetup.o)
                0x08004c74                __swsetup_r
 .text          0x08004dc4      0x3fc /usr/lib/gcc/arm-none-eabi/13.2.1/../../../arm-none-eabi/lib/libc.a(libc_a-freer.o)
                0x08004dc4                _malloc_trim_r
                0x08004ed8                _free_r
 .text          0x080051c0      0x108 /usr/lib/gcc/arm-none-eabi/13.2.1/../../../arm-none-eabi/lib/libc.a(libc_a-fclose.o)
                0x080051c0                _fclose_r
                0x080052b4                fclose
 .text          0x080052c8       0x30 /usr/lib/gcc/arm-none-eabi/13.2.1/../../../arm-none-eabi/lib/libc.a(libc_a-sysconf.o)
                0x080052c8                sysconf
 .text          0x080052f8       0xdc /usr/lib/gcc/arm-none-eabi/13.2.1/../../../arm-none-eabi/lib/libc.a(libc_a-stdio.o)
                0x080052f8                __sread
                0x0800532c                __seofread
                0x08005334                __swrite
                0x08005390                __sseek
                0x080053c0                __sclose
 .text          0x080053d4       0x48 /usr/lib/gcc/arm-none-eabi/13.2.1/../../../arm-none-eabi/lib/libc.a(libc_a-writer.o)
                0x080053d4                _write_r
 .text          0x0800541c        0x8 /usr/lib/gcc/arm-none-eabi/13.2.1/../../../arm-none-eabi/lib/libc.a(libc_a-mlock.o)
                0x0800541c                __malloc_lock
                0x08005420                __malloc_unlock
 .text          0x08005424       0x60 /usr/lib/gcc/arm-none-eabi/13.2.1/../../../arm-none-eabi/lib/libc.a(libc_a-strlen-stub.o)
                0x08005424                strlen
 .text          0x08005484       0x44 /usr/lib/gcc/arm-none-eabi/13.2.1/../../../arm-none-eabi/lib/libc.a(libc_a-sbrkr.o)
                0x08005484                _sbrk_r
 .text          0x080054c8       0x3c /usr/lib/gcc/arm-none-eabi/13.2.1/../../../arm-none-eabi/lib/libc.a(libc_a-closer.o)
                0x080054c8                _close_r
 .text          0x08005504       0x34 /usr/lib/gcc/arm-none-eabi/13.2.1/../../../arm-none-eabi/lib/libc.a(libc_a-sprint_r.o)
                0x08005504                __sprint_r
 .text          0x08005538       0x68 /usr/lib/gcc/arm-none-eabi/13.2.1/../../../arm-none-eabi/lib/libc.a(libc_a-assert.o)
                0x08005538                __assert_func
                0x08005590                __assert
 .text          0x080055a0      0xfa0 /usr/lib/gcc/arm-none-eabi/13.2.1/../../../arm-none-eabi/lib/libc.a(libc_a-mprec.o)
                0x080055a0                _Balloc
                0x0800562c                _Bfree
                0x08005648                __multadd
                0x08005748                __s2b
                0x0800585c                __hi0bits
                0x080058bc                __lo0bits
                0x0800595c                __i2b
                0x08005a08                __multiply
                0x08005c20                __pow5mult
                0x08005d4c                __lshift
                0x08005e90                __mcmp
                0x08005ee4                __mdiff
                0x080060f8                __ulp
                0x0800615c                __b2d
                0x0800624c                __d2b
                0x08006374                __ratio
                0x080063f8                _mprec_log10
                0x08006458                __copybits
                0x080064e4                __any_on
 .text          0x08006540       0xf0 /usr/lib/gcc/arm-none-eabi/13.2.1/../../../arm-none-eabi/lib/libc.a(libc_a-memchr-stub.o)
                0x08006540                memchr
 .text          0x08006630       0x20 /usr/lib/gcc/arm-none-eabi/13.2.1/../../../arm-none-eabi/lib/libc.a(libc_a-localeconv.o)
                0x08006630                __localeconv_l
                0x08006638                _localeconv_r
                0x08006644                localeconv
 .text          0x08006650      0x1b8 /usr/lib/gcc/arm-none-eabi/13.2.1/../../../arm-none-eabi/lib/libc.a(libc_a-makebuf.o)
                0x08006650                __smakebuf_r
                0x08006788                __swhatbuf_r
 .text          0x08006808       0xe0 /usr/lib/gcc/arm-none-eabi/13.2.1/../../../arm-none-eabi/lib/libc.a(libc_a-locale.o)
                0x08006808                _setlocale_r
                0x08006870                __locale_mb_cur_max
                0x08006880                setlocale
 .text          0x080068e8      0x224 /usr/lib/gcc/arm-none-eabi/13.2.1/../../../arm-none-eabi/lib/libc.a(libc_a-strcmp.o)
                0x080068e8                strcmp
 .text          0x08006b0c       0x60 /usr/lib/gcc/arm-none-eabi/13.2.1/../../../arm-none-eabi/lib/libc.a(libc_a-mbtowc_r.o)
                0x08006b0c                _mbtowc_r
                0x08006b28                __ascii_mbtowc
 .text          0x08006b6c       0x14 /usr/lib/gcc/arm-none-eabi/13.2.1/../../../arm-none-eabi/lib/libc.a(libc_a-abort.o)
                0x08006b6c                abort
 .text          0x08006b80       0xd0 /usr/lib/gcc/arm-none-eabi/13.2.1/../../../arm-none-eabi/lib/libc.a(libc_a-callocr.o)
                0x08006b80                _calloc_r
 .text          0x08006c50       0x48 /usr/lib/gcc/arm-none-eabi/13.2.1/../../../arm-none-eabi/lib/libc.a(libc_a-readr.o)
                0x08006c50                _read_r
 .text          0x08006c98       0x68 /usr/lib/gcc/arm-none-eabi/13.2.1/../../../arm-none-eabi/lib/libc.a(libc_a-fiprintf.o)
                0x08006c98                _fiprintf_r
                0x08006cc4                fiprintf
 .text          0x08006d00      0x114 /usr/lib/gcc/arm-none-eabi/13.2.1/../../../arm-none-eabi/lib/libc.a(libc_a-memcpy-stub.o)
                0x08006d00                memcpy
 .text          0x08006e14       0x4c /usr/lib/gcc/arm-none-eabi/13.2.1/../../../arm-none-eabi/lib/libc.a(libc_a-wctomb_r.o)
                0x08006e14                _wctomb_r
                0x08006e30                __ascii_wctomb
 .text          0x08006e60       0x48 /usr/lib/gcc/arm-none-eabi/13.2.1/../../../arm-none-eabi/lib/libc.a(libc_a-lseekr.o)
                0x08006e60                _lseek_r
 .text          0x08006ea8       0xc8 /usr/lib/gcc/arm-none-eabi/13.2.1/../../../arm-none-eabi/lib/libc.a(libc_a-reent.o)
                0x08006ea8                _reclaim_reent
 .text          0x08006f70       0x40 /usr/lib/gcc/arm-none-eabi/13.2.1/../../../arm-none-eabi/lib/libc.a(libc_a-fstatr.o)
                0x08006f70                _fstat_r
 .text          0x08006fb0       0x3c /usr/lib/gcc/arm-none-eabi/13.2.1/../../../arm-none-eabi/lib/libc.a(libc_a-isattyr.o)
                0x08006fb0                _isatty_r
 .text          0x08006fec      0x4c8 /usr/lib/gcc/arm-none-eabi/13.2.1/../../../arm-none-eabi/lib/libc.a(libc_a-fvwrite.o)
                0x08006fec                __sfvwrite_r
 .text          0x080074b4        0x0 /usr/lib/gcc/arm-none-eabi/13.2.1/../../../arm-none-eabi/lib/libc.a(libc_a-ctype_.o)
 .text          0x080074b4      0x450 /usr/lib/gcc/arm-none-eabi/13.2.1/../../../arm-none-eabi/lib/libc.a(libc_a-signal.o)
                0x080074b4                _init_signal_r
                0x08007508                _signal_r
                0x0800758c                _raise_r
                0x08007620                __sigtramp_r
                0x080076d4                raise
                0x0800776c                signal
                0x080077f0                _init_signal
                0x08007850                __sigtramp
 .text          0x08007904       0x50 /usr/lib/gcc/arm-none-eabi/13.2.1/../../../arm-none-eabi/lib/libc.a(libc_a-signalr.o)
                0x08007904                _kill_r
                0x08007944                _getpid_r
 .text          0x08007954      0x154 /usr/lib/gcc/arm-none-eabi/13.2.1/../../../arm-none-eabi/lib/libc.a(libc_a-memmove.o)
                0x08007954                memmove
 .text          0x08007aa8     0x10d8 /usr/lib/gcc/arm-none-eabi/13.2.1/../../../arm-none-eabi/lib/libc.a(libc_a-vfiprintf.o)
                0x08007aa8                _vfiprintf_r
                0x08008aa4                vfiprintf
 .text          0x08008b80      0x4b8 /usr/lib/gcc/arm-none-eabi/13.2.1/../../../arm-none-eabi/lib/libc.a(libc_a-reallocr.o)
                0x08008b80                _realloc_r
 .text          0x08009038      0x290 /usr/lib/gcc/arm-none-eabi/13.2.1/libgcc.a(_arm_muldf3.o)
 .text          0x080092c8      0x114 /usr/lib/gcc/arm-none-eabi/13.2.1/libgcc.a(_udivsi3.o)
                0x080092c8                __udivsi3
                0x080092c8                __aeabi_uidiv
                0x080093bc                __aeabi_uidivmod
 .text          0x080093dc      0x148 /usr/lib/gcc/arm-none-eabi/13.2.1/libgcc.a(_divsi3.o)
                0x080093dc                __aeabi_idiv
                0x080093dc                __divsi3
                0x08009504                __aeabi_idivmod
 .text          0x08009524        0x4 /usr/lib/gcc/arm-none-eabi/13.2.1/libgcc.a(_dvmd_tls.o)
                0x08009524                __aeabi_ldiv0
                0x08009524                __aeabi_idiv0
 .text          0x08009528      0x424 /usr/lib/gcc/arm-none-eabi/13.2.1/libgcc.a(_arm_addsubdf3.o)
                0x08009528                __aeabi_drsub
                0x08009530                __aeabi_dsub
                0x08009530                __subdf3
                0x08009534                __adddf3
                0x08009534                __aeabi_dadd
                0x08009844                __aeabi_ui2d
                0x08009844                __floatunsidf
                0x08009868                __floatsidf
                0x08009868                __aeabi_i2d
                0x08009890                __extendsfdf2
                0x08009890                __aeabi_f2d
                0x080098d8                __aeabi_ul2d
                0x080098d8                __floatundidf
                0x080098ec                __floatdidf
                0x080098ec                __aeabi_l2d
 .text          0x0800994c      0x49c /usr/lib/gcc/arm-none-eabi/13.2.1/libgcc.a(_arm_muldivdf3.o)
                0x0800994c                __aeabi_dmul
                0x0800994c                __muldf3
                0x08009bdc                __aeabi_ddiv
                0x08009bdc                __divdf3
 .text          0x08009de8      0x144 /usr/lib/gcc/arm-none-eabi/13.2.1/libgcc.a(_arm_cmpdf2.o)
                0x08009de8                __gtdf2
                0x08009de8                __gedf2
                0x08009df0                __ltdf2
                0x08009df0                __ledf2
                0x08009df8                __cmpdf2
                0x08009df8                __eqdf2
                0x08009df8                __nedf2
                0x08009e80                __aeabi_cdrcmple
                0x08009e9c                __aeabi_cdcmple
                0x08009e9c                __aeabi_cdcmpeq
                0x08009eb4                __aeabi_dcmpeq
                0x08009ecc                __aeabi_dcmplt
                0x08009ee4                __aeabi_dcmple
                0x08009efc                __aeabi_dcmpge
                0x08009f14                __aeabi_dcmpgt
 .text          0x08009f2c       0x38 /usr/lib/gcc/arm-none-eabi/13.2.1/libgcc.a(_arm_unorddf2.o)
                0x08009f2c                __aeabi_dcmpun
                0x08009f2c                __unorddf2
 .text          0x08009f64       0x5c /usr/lib/gcc/arm-none-eabi/13.2.1/libgcc.a(_arm_fixdfsi.o)
                0x08009f64                __fixdfsi
                0x08009f64                __aeabi_d2iz
 *(.rodata)
 .rodata        0x08009fc0       0x14 build/main.o
 .rodata        0x08009fd4       0x20 /usr/lib/gcc/arm-none-eabi/13.2.1/../../../arm-none-eabi/lib/libc.a(libc_a-vfprintf.o)
 *fill*         0x08009ff4        0x4 
 .rodata        0x08009ff8      0x128 /usr/lib/gcc/arm-none-eabi/13.2.1/../../../arm-none-eabi/lib/libc.a(libc_a-mprec.o)
                0x0800a008                __mprec_tens
                0x0800a0d0                __mprec_tinytens
                0x0800a0f8                __mprec_bigtens
 .rodata        0x0800a120      0x101 /usr/lib/gcc/arm-none-eabi/13.2.1/../../../arm-none-eabi/lib/libc.a(libc_a-ctype_.o)
                0x0800a120                _ctype_
 *fill*         0x0800a221        0x3 
 .rodata        0x0800a224       0x20 /usr/lib/gcc/arm-none-eabi/13.2.1/../../../arm-none-eabi/lib/libc.a(libc_a-vfiprintf.o)
                0x0800a244                        . = ALIGN (0x4)
                0x0800a244                        _etext = .

.glue_7         0x0800a244        0x0
 .glue_7        0x0800a244        0x0 linker stubs

.glue_7t        0x0800a244        0x0
 .glue_7t       0x0800a244        0x0 linker stubs

.vfp11_veneer   0x0800a244        0x0
 .vfp11_veneer  0x0800a244        0x0 linker stubs

.v4_bx          0x0800a244        0x0
 .v4_bx         0x0800a244        0x0 linker stubs

.iplt           0x0800a244        0x0
 .iplt          0x0800a244        0x0 build/main.o

.rel.dyn        0x0800a244        0x0
 .rel.iplt      0x0800a244        0x0 build/main.o

.rodata.str1.4  0x0800a244       0xfe
 .rodata.str1.4
                0x0800a244       0xfe /usr/lib/gcc/arm-none-eabi/13.2.1/../../../arm-none-eabi/lib/libc.a(libc_a-vfprintf.o)
                                 0x42 (size before relaxing)
 .rodata.str1.4
                0x0800a342       0x4b /usr/lib/gcc/arm-none-eabi/13.2.1/../../../arm-none-eabi/lib/libc.a(libc_a-dtoa.o)
 .rodata.str1.4
                0x0800a342       0x43 /usr/lib/gcc/arm-none-eabi/13.2.1/../../../arm-none-eabi/lib/libc.a(libc_a-assert.o)
 .rodata.str1.4
                0x0800a342       0x38 /usr/lib/gcc/arm-none-eabi/13.2.1/../../../arm-none-eabi/lib/libc.a(libc_a-mprec.o)
 .rodata.str1.4
                0x0800a342       0x12 /usr/lib/gcc/arm-none-eabi/13.2.1/../../../arm-none-eabi/lib/libc.a(libc_a-locale.o)
 .rodata.str1.4
                0x0800a342       0x2f /usr/lib/gcc/arm-none-eabi/13.2.1/../../../arm-none-eabi/lib/libc.a(libc_a-vfiprintf.o)

.data           0x20000000      0x6bc load address 0x0800a342
                0x20000000                        . = ALIGN (0x4)
                0x20000000                        __sdata = .
 *(.data)
 .data          0x20000000        0x0 build/main.o
 .data          0x20000000        0x0 build/stm32f103_startup.o
 .data          0x20000000        0x0 build/USART.o
 .data          0x20000000        0x0 build/ADC.o
 .data          0x20000000        0x4 build/syscalls.o
 .data          0x20000004        0x0 /usr/lib/gcc/arm-none-eabi/13.2.1/../../../arm-none-eabi/lib/libc.a(libc_a-errno.o)
 *fill*         0x20000004        0x4 
 .data          0x20000008      0x128 /usr/lib/gcc/arm-none-eabi/13.2.1/../../../arm-none-eabi/lib/libc.a(libc_a-impure.o)
                0x20000008                _impure_ptr
                0x20000010                _impure_data
 .data          0x20000130        0xc /usr/lib/gcc/arm-none-eabi/13.2.1/../../../arm-none-eabi/lib/libc.a(libc_a-findfp.o)
                0x20000130                __sglue
 .data          0x2000013c        0x0 /usr/lib/gcc/arm-none-eabi/13.2.1/../../../arm-none-eabi/lib/libc.a(libc_a-printf.o)
 .data          0x2000013c        0x0 /usr/lib/gcc/arm-none-eabi/13.2.1/../../../arm-none-eabi/lib/libc.a(libc_a-memset.o)
 .data          0x2000013c        0x0 /usr/lib/gcc/arm-none-eabi/13.2.1/../../../arm-none-eabi/lib/libc.a(libc_a-fwalk.o)
 .data          0x2000013c        0x0 /usr/lib/gcc/arm-none-eabi/13.2.1/../../../arm-none-eabi/lib/libc.a(libc_a-vfprintf.o)
 .data          0x2000013c        0x0 /usr/lib/gcc/arm-none-eabi/13.2.1/../../../arm-none-eabi/lib/libc.a(libc_a-fflush.o)
 *fill*         0x2000013c        0x4 
 .data          0x20000140      0x410 /usr/lib/gcc/arm-none-eabi/13.2.1/../../../arm-none-eabi/lib/libc.a(libc_a-mallocr.o)
                0x20000140                __malloc_av_
                0x20000548                __malloc_sbrk_base
                0x2000054c                __malloc_trim_threshold
 .data          0x20000550        0x0 /usr/lib/gcc/arm-none-eabi/13.2.1/../../../arm-none-eabi/lib/libc.a(libc_a-dtoa.o)
 .data          0x20000550        0x0 /usr/lib/gcc/arm-none-eabi/13.2.1/../../../arm-none-eabi/lib/libc.a(libc_a-wsetup.o)
 .data          0x20000550        0x0 /usr/lib/gcc/arm-none-eabi/13.2.1/../../../arm-none-eabi/lib/libc.a(libc_a-freer.o)
 .data          0x20000550        0x0 /usr/lib/gcc/arm-none-eabi/13.2.1/../../../arm-none-eabi/lib/libc.a(libc_a-fclose.o)
 .data          0x20000550        0x0 /usr/lib/gcc/arm-none-eabi/13.2.1/../../../arm-none-eabi/lib/libc.a(libc_a-sysconf.o)
 .data          0x20000550        0x0 /usr/lib/gcc/arm-none-eabi/13.2.1/../../../arm-none-eabi/lib/libc.a(libc_a-stdio.o)
 .data          0x20000550        0x0 /usr/lib/gcc/arm-none-eabi/13.2.1/../../../arm-none-eabi/lib/libc.a(libc_a-writer.o)
 .data          0x20000550        0x0 /usr/lib/gcc/arm-none-eabi/13.2.1/../../../arm-none-eabi/lib/libc.a(libc_a-mlock.o)
 .data          0x20000550        0x0 /usr/lib/gcc/arm-none-eabi/13.2.1/../../../arm-none-eabi/lib/libc.a(libc_a-strlen-stub.o)
 .data          0x20000550        0x0 /usr/lib/gcc/arm-none-eabi/13.2.1/../../../arm-none-eabi/lib/libc.a(libc_a-sbrkr.o)
 .data          0x20000550        0x0 /usr/lib/gcc/arm-none-eabi/13.2.1/../../../arm-none-eabi/lib/libc.a(libc_a-closer.o)
 .data          0x20000550        0x0 /usr/lib/gcc/arm-none-eabi/13.2.1/../../../arm-none-eabi/lib/libc.a(libc_a-sprint_r.o)
 .data          0x20000550        0x0 /usr/lib/gcc/arm-none-eabi/13.2.1/../../../arm-none-eabi/lib/libc.a(libc_a-assert.o)
 .data          0x20000550        0x0 /usr/lib/gcc/arm-none-eabi/13.2.1/../../../arm-none-eabi/lib/libc.a(libc_a-mprec.o)
 .data          0x20000550        0x0 /usr/lib/gcc/arm-none-eabi/13.2.1/../../../arm-none-eabi/lib/libc.a(libc_a-memchr-stub.o)
 .data          0x20000550        0x0 /usr/lib/gcc/arm-none-eabi/13.2.1/../../../arm-none-eabi/lib/libc.a(libc_a-localeconv.o)
 .data          0x20000550        0x0 /usr/lib/gcc/arm-none-eabi/13.2.1/../../../arm-none-eabi/lib/libc.a(libc_a-makebuf.o)
 .data          0x20000550      0x16c /usr/lib/gcc/arm-none-eabi/13.2.1/../../../arm-none-eabi/lib/libc.a(libc_a-locale.o)
                0x20000550                __global_locale
 .data          0x200006bc        0x0 /usr/lib/gcc/arm-none-eabi/13.2.1/../../../arm-none-eabi/lib/libc.a(libc_a-strcmp.o)
 .data          0x200006bc        0x0 /usr/lib/gcc/arm-none-eabi/13.2.1/../../../arm-none-eabi/lib/libc.a(libc_a-mbtowc_r.o)
 .data          0x200006bc        0x0 /usr/lib/gcc/arm-none-eabi/13.2.1/../../../arm-none-eabi/lib/libc.a(libc_a-abort.o)
 .data          0x200006bc        0x0 /usr/lib/gcc/arm-none-eabi/13.2.1/../../../arm-none-eabi/lib/libc.a(libc_a-callocr.o)
 .data          0x200006bc        0x0 /usr/lib/gcc/arm-none-eabi/13.2.1/../../../arm-none-eabi/lib/libc.a(libc_a-readr.o)
 .data          0x200006bc        0x0 /usr/lib/gcc/arm-none-eabi/13.2.1/../../../arm-none-eabi/lib/libc.a(libc_a-fiprintf.o)
 .data          0x200006bc        0x0 /usr/lib/gcc/arm-none-eabi/13.2.1/../../../arm-none-eabi/lib/libc.a(libc_a-memcpy-stub.o)
 .data          0x200006bc        0x0 /usr/lib/gcc/arm-none-eabi/13.2.1/../../../arm-none-eabi/lib/libc.a(libc_a-wctomb_r.o)
 .data          0x200006bc        0x0 /usr/lib/gcc/arm-none-eabi/13.2.1/../../../arm-none-eabi/lib/libc.a(libc_a-lseekr.o)
 .data          0x200006bc        0x0 /usr/lib/gcc/arm-none-eabi/13.2.1/../../../arm-none-eabi/lib/libc.a(libc_a-reent.o)
 .data          0x200006bc        0x0 /usr/lib/gcc/arm-none-eabi/13.2.1/../../../arm-none-eabi/lib/libc.a(libc_a-fstatr.o)
 .data          0x200006bc        0x0 /usr/lib/gcc/arm-none-eabi/13.2.1/../../../arm-none-eabi/lib/libc.a(libc_a-isattyr.o)
 .data          0x200006bc        0x0 /usr/lib/gcc/arm-none-eabi/13.2.1/../../../arm-none-eabi/lib/libc.a(libc_a-fvwrite.o)
 .data          0x200006bc        0x0 /usr/lib/gcc/arm-none-eabi/13.2.1/../../../arm-none-eabi/lib/libc.a(libc_a-ctype_.o)
 .data          0x200006bc        0x0 /usr/lib/gcc/arm-none-eabi/13.2.1/../../../arm-none-eabi/lib/libc.a(libc_a-signal.o)
 .data          0x200006bc        0x0 /usr/lib/gcc/arm-none-eabi/13.2.1/../../../arm-none-eabi/lib/libc.a(libc_a-signalr.o)
 .data          0x200006bc        0x0 /usr/lib/gcc/arm-none-eabi/13.2.1/../../../arm-none-eabi/lib/libc.a(libc_a-memmove.o)
 .data          0x200006bc        0x0 /usr/lib/gcc/arm-none-eabi/13.2.1/../../../arm-none-eabi/lib/libc.a(libc_a-vfiprintf.o)
 .data          0x200006bc        0x0 /usr/lib/gcc/arm-none-eabi/13.2.1/../../../arm-none-eabi/lib/libc.a(libc_a-reallocr.o)
 .data          0x200006bc        0x0 /usr/lib/gcc/arm-none-eabi/13.2.1/libgcc.a(_arm_muldf3.o)
 .data          0x200006bc        0x0 /usr/lib/gcc/arm-none-eabi/13.2.1/libgcc.a(_udivsi3.o)
 .data          0x200006bc        0x0 /usr/lib/gcc/arm-none-eabi/13.2.1/libgcc.a(_divsi3.o)
 .data          0x200006bc        0x0 /usr/lib/gcc/arm-none-eabi/13.2.1/libgcc.a(_dvmd_tls.o)
 .data          0x200006bc        0x0 /usr/lib/gcc/arm-none-eabi/13.2.1/libgcc.a(_arm_addsubdf3.o)
 .data          0x200006bc        0x0 /usr/lib/gcc/arm-none-eabi/13.2.1/libgcc.a(_arm_muldivdf3.o)
 .data          0x200006bc        0x0 /usr/lib/gcc/arm-none-eabi/13.2.1/libgcc.a(_arm_cmpdf2.o)
 .data          0x200006bc        0x0 /usr/lib/gcc/arm-none-eabi/13.2.1/libgcc.a(_arm_unorddf2.o)
 .data          0x200006bc        0x0 /usr/lib/gcc/arm-none-eabi/13.2.1/libgcc.a(_arm_fixdfsi.o)
                0x200006bc                        . = ALIGN (0x4)
                0x200006bc                        __edata = .

.igot.plt       0x200006bc        0x0 load address 0x0800a9fe
 .igot.plt      0x200006bc        0x0 build/main.o

.bss            0x200006bc      0x17c load address 0x0800a9fe
                0x200006bc                        . = ALIGN (0x4)
                0x200006bc                        __bss_start__ = .
 *(.bss)
 .bss           0x200006bc        0x4 build/main.o
                0x200006bc                sensor_value
 .bss           0x200006c0        0x0 build/stm32f103_startup.o
 .bss           0x200006c0        0x0 build/USART.o
 .bss           0x200006c0        0x0 build/ADC.o
 .bss           0x200006c0        0x0 build/syscalls.o
 .bss           0x200006c0        0x0 /usr/lib/gcc/arm-none-eabi/13.2.1/../../../arm-none-eabi/lib/libc.a(libc_a-errno.o)
 .bss           0x200006c0        0x0 /usr/lib/gcc/arm-none-eabi/13.2.1/../../../arm-none-eabi/lib/libc.a(libc_a-impure.o)
 .bss           0x200006c0      0x13c /usr/lib/gcc/arm-none-eabi/13.2.1/../../../arm-none-eabi/lib/libc.a(libc_a-findfp.o)
                0x200006c0                __sf
                0x200007f8                __stdio_exit_handler
 .bss           0x200007fc        0x0 /usr/lib/gcc/arm-none-eabi/13.2.1/../../../arm-none-eabi/lib/libc.a(libc_a-printf.o)
 .bss           0x200007fc        0x0 /usr/lib/gcc/arm-none-eabi/13.2.1/../../../arm-none-eabi/lib/libc.a(libc_a-memset.o)
 .bss           0x200007fc        0x0 /usr/lib/gcc/arm-none-eabi/13.2.1/../../../arm-none-eabi/lib/libc.a(libc_a-fwalk.o)
 .bss           0x200007fc        0x0 /usr/lib/gcc/arm-none-eabi/13.2.1/../../../arm-none-eabi/lib/libc.a(libc_a-vfprintf.o)
 .bss           0x200007fc        0x0 /usr/lib/gcc/arm-none-eabi/13.2.1/../../../arm-none-eabi/lib/libc.a(libc_a-fflush.o)
 .bss           0x200007fc       0x34 /usr/lib/gcc/arm-none-eabi/13.2.1/../../../arm-none-eabi/lib/libc.a(libc_a-mallocr.o)
                0x200007fc                __malloc_top_pad
                0x20000800                __malloc_current_mallinfo
                0x20000828                __malloc_max_sbrked_mem
                0x2000082c                __malloc_max_total_mem
 .bss           0x20000830        0x0 /usr/lib/gcc/arm-none-eabi/13.2.1/../../../arm-none-eabi/lib/libc.a(libc_a-dtoa.o)
 .bss           0x20000830        0x0 /usr/lib/gcc/arm-none-eabi/13.2.1/../../../arm-none-eabi/lib/libc.a(libc_a-wsetup.o)
 .bss           0x20000830        0x0 /usr/lib/gcc/arm-none-eabi/13.2.1/../../../arm-none-eabi/lib/libc.a(libc_a-freer.o)
 .bss           0x20000830        0x0 /usr/lib/gcc/arm-none-eabi/13.2.1/../../../arm-none-eabi/lib/libc.a(libc_a-fclose.o)
 .bss           0x20000830        0x0 /usr/lib/gcc/arm-none-eabi/13.2.1/../../../arm-none-eabi/lib/libc.a(libc_a-sysconf.o)
 .bss           0x20000830        0x0 /usr/lib/gcc/arm-none-eabi/13.2.1/../../../arm-none-eabi/lib/libc.a(libc_a-stdio.o)
 .bss           0x20000830        0x0 /usr/lib/gcc/arm-none-eabi/13.2.1/../../../arm-none-eabi/lib/libc.a(libc_a-writer.o)
 .bss           0x20000830        0x0 /usr/lib/gcc/arm-none-eabi/13.2.1/../../../arm-none-eabi/lib/libc.a(libc_a-mlock.o)
 .bss           0x20000830        0x0 /usr/lib/gcc/arm-none-eabi/13.2.1/../../../arm-none-eabi/lib/libc.a(libc_a-strlen-stub.o)
 .bss           0x20000830        0x0 /usr/lib/gcc/arm-none-eabi/13.2.1/../../../arm-none-eabi/lib/libc.a(libc_a-sbrkr.o)
 .bss           0x20000830        0x0 /usr/lib/gcc/arm-none-eabi/13.2.1/../../../arm-none-eabi/lib/libc.a(libc_a-closer.o)
 .bss           0x20000830        0x0 /usr/lib/gcc/arm-none-eabi/13.2.1/../../../arm-none-eabi/lib/libc.a(libc_a-sprint_r.o)
 .bss           0x20000830        0x0 /usr/lib/gcc/arm-none-eabi/13.2.1/../../../arm-none-eabi/lib/libc.a(libc_a-assert.o)
 .bss           0x20000830        0x0 /usr/lib/gcc/arm-none-eabi/13.2.1/../../../arm-none-eabi/lib/libc.a(libc_a-mprec.o)
 .bss           0x20000830        0x0 /usr/lib/gcc/arm-none-eabi/13.2.1/../../../arm-none-eabi/lib/libc.a(libc_a-memchr-stub.o)
 .bss           0x20000830        0x0 /usr/lib/gcc/arm-none-eabi/13.2.1/../../../arm-none-eabi/lib/libc.a(libc_a-localeconv.o)
 .bss           0x20000830        0x0 /usr/lib/gcc/arm-none-eabi/13.2.1/../../../arm-none-eabi/lib/libc.a(libc_a-makebuf.o)
 .bss           0x20000830        0x4 /usr/lib/gcc/arm-none-eabi/13.2.1/../../../arm-none-eabi/lib/libc.a(libc_a-locale.o)
                0x20000830                _PathLocale
 .bss           0x20000834        0x0 /usr/lib/gcc/arm-none-eabi/13.2.1/../../../arm-none-eabi/lib/libc.a(libc_a-strcmp.o)
 .bss           0x20000834        0x0 /usr/lib/gcc/arm-none-eabi/13.2.1/../../../arm-none-eabi/lib/libc.a(libc_a-mbtowc_r.o)
 .bss           0x20000834        0x0 /usr/lib/gcc/arm-none-eabi/13.2.1/../../../arm-none-eabi/lib/libc.a(libc_a-abort.o)
 .bss           0x20000834        0x0 /usr/lib/gcc/arm-none-eabi/13.2.1/../../../arm-none-eabi/lib/libc.a(libc_a-callocr.o)
 .bss           0x20000834        0x0 /usr/lib/gcc/arm-none-eabi/13.2.1/../../../arm-none-eabi/lib/libc.a(libc_a-readr.o)
 .bss           0x20000834        0x0 /usr/lib/gcc/arm-none-eabi/13.2.1/../../../arm-none-eabi/lib/libc.a(libc_a-fiprintf.o)
 .bss           0x20000834        0x0 /usr/lib/gcc/arm-none-eabi/13.2.1/../../../arm-none-eabi/lib/libc.a(libc_a-memcpy-stub.o)
 .bss           0x20000834        0x0 /usr/lib/gcc/arm-none-eabi/13.2.1/../../../arm-none-eabi/lib/libc.a(libc_a-wctomb_r.o)
 .bss           0x20000834        0x0 /usr/lib/gcc/arm-none-eabi/13.2.1/../../../arm-none-eabi/lib/libc.a(libc_a-lseekr.o)
 .bss           0x20000834        0x4 /usr/lib/gcc/arm-none-eabi/13.2.1/../../../arm-none-eabi/lib/libc.a(libc_a-reent.o)
                0x20000834                errno
 .bss           0x20000838        0x0 /usr/lib/gcc/arm-none-eabi/13.2.1/../../../arm-none-eabi/lib/libc.a(libc_a-fstatr.o)
 .bss           0x20000838        0x0 /usr/lib/gcc/arm-none-eabi/13.2.1/../../../arm-none-eabi/lib/libc.a(libc_a-isattyr.o)
 .bss           0x20000838        0x0 /usr/lib/gcc/arm-none-eabi/13.2.1/../../../arm-none-eabi/lib/libc.a(libc_a-fvwrite.o)
 .bss           0x20000838        0x0 /usr/lib/gcc/arm-none-eabi/13.2.1/../../../arm-none-eabi/lib/libc.a(libc_a-ctype_.o)
 .bss           0x20000838        0x0 /usr/lib/gcc/arm-none-eabi/13.2.1/../../../arm-none-eabi/lib/libc.a(libc_a-signal.o)
 .bss           0x20000838        0x0 /usr/lib/gcc/arm-none-eabi/13.2.1/../../../arm-none-eabi/lib/libc.a(libc_a-signalr.o)
 .bss           0x20000838        0x0 /usr/lib/gcc/arm-none-eabi/13.2.1/../../../arm-none-eabi/lib/libc.a(libc_a-memmove.o)
 .bss           0x20000838        0x0 /usr/lib/gcc/arm-none-eabi/13.2.1/../../../arm-none-eabi/lib/libc.a(libc_a-vfiprintf.o)
 .bss           0x20000838        0x0 /usr/lib/gcc/arm-none-eabi/13.2.1/../../../arm-none-eabi/lib/libc.a(libc_a-reallocr.o)
 .bss           0x20000838        0x0 /usr/lib/gcc/arm-none-eabi/13.2.1/libgcc.a(_arm_muldf3.o)
 .bss           0x20000838        0x0 /usr/lib/gcc/arm-none-eabi/13.2.1/libgcc.a(_udivsi3.o)
 .bss           0x20000838        0x0 /usr/lib/gcc/arm-none-eabi/13.2.1/libgcc.a(_divsi3.o)
 .bss           0x20000838        0x0 /usr/lib/gcc/arm-none-eabi/13.2.1/libgcc.a(_dvmd_tls.o)
 .bss           0x20000838        0x0 /usr/lib/gcc/arm-none-eabi/13.2.1/libgcc.a(_arm_addsubdf3.o)
 .bss           0x20000838        0x0 /usr/lib/gcc/arm-none-eabi/13.2.1/libgcc.a(_arm_muldivdf3.o)
 .bss           0x20000838        0x0 /usr/lib/gcc/arm-none-eabi/13.2.1/libgcc.a(_arm_cmpdf2.o)
 .bss           0x20000838        0x0 /usr/lib/gcc/arm-none-eabi/13.2.1/libgcc.a(_arm_unorddf2.o)
 .bss           0x20000838        0x0 /usr/lib/gcc/arm-none-eabi/13.2.1/libgcc.a(_arm_fixdfsi.o)
                0x20000838                        . = ALIGN (0x4)
                0x20000838                        __bss_end__ = .
                0x20000838                        _end = .
OUTPUT(bin/ADC_Interrupt.elf elf32-littlearm)
LOAD linker stubs

.comment        0x00000000       0x26
 .comment       0x00000000       0x26 build/main.o
                                 0x27 (size before relaxing)
 .comment       0x00000026       0x27 build/stm32f103_startup.o
 .comment       0x00000026       0x27 build/USART.o
 .comment       0x00000026       0x27 build/ADC.o
 .comment       0x00000026       0x27 build/syscalls.o
 .comment       0x00000026       0x27 /usr/lib/gcc/arm-none-eabi/13.2.1/../../../arm-none-eabi/lib/libc.a(libc_a-errno.o)
 .comment       0x00000026       0x27 /usr/lib/gcc/arm-none-eabi/13.2.1/../../../arm-none-eabi/lib/libc.a(libc_a-impure.o)
 .comment       0x00000026       0x27 /usr/lib/gcc/arm-none-eabi/13.2.1/../../../arm-none-eabi/lib/libc.a(libc_a-findfp.o)
 .comment       0x00000026       0x27 /usr/lib/gcc/arm-none-eabi/13.2.1/../../../arm-none-eabi/lib/libc.a(libc_a-printf.o)
 .comment       0x00000026       0x27 /usr/lib/gcc/arm-none-eabi/13.2.1/../../../arm-none-eabi/lib/libc.a(libc_a-memset.o)
 .comment       0x00000026       0x27 /usr/lib/gcc/arm-none-eabi/13.2.1/../../../arm-none-eabi/lib/libc.a(libc_a-fwalk.o)
 .comment       0x00000026       0x27 /usr/lib/gcc/arm-none-eabi/13.2.1/../../../arm-none-eabi/lib/libc.a(libc_a-vfprintf.o)
 .comment       0x00000026       0x27 /usr/lib/gcc/arm-none-eabi/13.2.1/../../../arm-none-eabi/lib/libc.a(libc_a-fflush.o)
 .comment       0x00000026       0x27 /usr/lib/gcc/arm-none-eabi/13.2.1/../../../arm-none-eabi/lib/libc.a(libc_a-mallocr.o)
 .comment       0x00000026       0x27 /usr/lib/gcc/arm-none-eabi/13.2.1/../../../arm-none-eabi/lib/libc.a(libc_a-dtoa.o)
 .comment       0x00000026       0x27 /usr/lib/gcc/arm-none-eabi/13.2.1/../../../arm-none-eabi/lib/libc.a(libc_a-wsetup.o)
 .comment       0x00000026       0x27 /usr/lib/gcc/arm-none-eabi/13.2.1/../../../arm-none-eabi/lib/libc.a(libc_a-freer.o)
 .comment       0x00000026       0x27 /usr/lib/gcc/arm-none-eabi/13.2.1/../../../arm-none-eabi/lib/libc.a(libc_a-fclose.o)
 .comment       0x00000026       0x27 /usr/lib/gcc/arm-none-eabi/13.2.1/../../../arm-none-eabi/lib/libc.a(libc_a-sysconf.o)
 .comment       0x00000026       0x27 /usr/lib/gcc/arm-none-eabi/13.2.1/../../../arm-none-eabi/lib/libc.a(libc_a-stdio.o)
 .comment       0x00000026       0x27 /usr/lib/gcc/arm-none-eabi/13.2.1/../../../arm-none-eabi/lib/libc.a(libc_a-writer.o)
 .comment       0x00000026       0x27 /usr/lib/gcc/arm-none-eabi/13.2.1/../../../arm-none-eabi/lib/libc.a(libc_a-mlock.o)
 .comment       0x00000026       0x27 /usr/lib/gcc/arm-none-eabi/13.2.1/../../../arm-none-eabi/lib/libc.a(libc_a-strlen-stub.o)
 .comment       0x00000026       0x27 /usr/lib/gcc/arm-none-eabi/13.2.1/../../../arm-none-eabi/lib/libc.a(libc_a-sbrkr.o)
 .comment       0x00000026       0x27 /usr/lib/gcc/arm-none-eabi/13.2.1/../../../arm-none-eabi/lib/libc.a(libc_a-closer.o)
 .comment       0x00000026       0x27 /usr/lib/gcc/arm-none-eabi/13.2.1/../../../arm-none-eabi/lib/libc.a(libc_a-sprint_r.o)
 .comment       0x00000026       0x27 /usr/lib/gcc/arm-none-eabi/13.2.1/../../../arm-none-eabi/lib/libc.a(libc_a-assert.o)
 .comment       0x00000026       0x27 /usr/lib/gcc/arm-none-eabi/13.2.1/../../../arm-none-eabi/lib/libc.a(libc_a-mprec.o)
 .comment       0x00000026       0x27 /usr/lib/gcc/arm-none-eabi/13.2.1/../../../arm-none-eabi/lib/libc.a(libc_a-memchr-stub.o)
 .comment       0x00000026       0x27 /usr/lib/gcc/arm-none-eabi/13.2.1/../../../arm-none-eabi/lib/libc.a(libc_a-localeconv.o)
 .comment       0x00000026       0x27 /usr/lib/gcc/arm-none-eabi/13.2.1/../../../arm-none-eabi/lib/libc.a(libc_a-makebuf.o)
 .comment       0x00000026       0x27 /usr/lib/gcc/arm-none-eabi/13.2.1/../../../arm-none-eabi/lib/libc.a(libc_a-locale.o)
 .comment       0x00000026       0x27 /usr/lib/gcc/arm-none-eabi/13.2.1/../../../arm-none-eabi/lib/libc.a(libc_a-mbtowc_r.o)
 .comment       0x00000026       0x27 /usr/lib/gcc/arm-none-eabi/13.2.1/../../../arm-none-eabi/lib/libc.a(libc_a-abort.o)
 .comment       0x00000026       0x27 /usr/lib/gcc/arm-none-eabi/13.2.1/../../../arm-none-eabi/lib/libc.a(libc_a-callocr.o)
 .comment       0x00000026       0x27 /usr/lib/gcc/arm-none-eabi/13.2.1/../../../arm-none-eabi/lib/libc.a(libc_a-readr.o)
 .comment       0x00000026       0x27 /usr/lib/gcc/arm-none-eabi/13.2.1/../../../arm-none-eabi/lib/libc.a(libc_a-fiprintf.o)
 .comment       0x00000026       0x27 /usr/lib/gcc/arm-none-eabi/13.2.1/../../../arm-none-eabi/lib/libc.a(libc_a-memcpy-stub.o)
 .comment       0x00000026       0x27 /usr/lib/gcc/arm-none-eabi/13.2.1/../../../arm-none-eabi/lib/libc.a(libc_a-wctomb_r.o)
 .comment       0x00000026       0x27 /usr/lib/gcc/arm-none-eabi/13.2.1/../../../arm-none-eabi/lib/libc.a(libc_a-lseekr.o)
 .comment       0x00000026       0x27 /usr/lib/gcc/arm-none-eabi/13.2.1/../../../arm-none-eabi/lib/libc.a(libc_a-reent.o)
 .comment       0x00000026       0x27 /usr/lib/gcc/arm-none-eabi/13.2.1/../../../arm-none-eabi/lib/libc.a(libc_a-fstatr.o)
 .comment       0x00000026       0x27 /usr/lib/gcc/arm-none-eabi/13.2.1/../../../arm-none-eabi/lib/libc.a(libc_a-isattyr.o)
 .comment       0x00000026       0x27 /usr/lib/gcc/arm-none-eabi/13.2.1/../../../arm-none-eabi/lib/libc.a(libc_a-fvwrite.o)
 .comment       0x00000026       0x27 /usr/lib/gcc/arm-none-eabi/13.2.1/../../../arm-none-eabi/lib/libc.a(libc_a-ctype_.o)
 .comment       0x00000026       0x27 /usr/lib/gcc/arm-none-eabi/13.2.1/../../../arm-none-eabi/lib/libc.a(libc_a-signal.o)
 .comment       0x00000026       0x27 /usr/lib/gcc/arm-none-eabi/13.2.1/../../../arm-none-eabi/lib/libc.a(libc_a-signalr.o)
 .comment       0x00000026       0x27 /usr/lib/gcc/arm-none-eabi/13.2.1/../../../arm-none-eabi/lib/libc.a(libc_a-memmove.o)
 .comment       0x00000026       0x27 /usr/lib/gcc/arm-none-eabi/13.2.1/../../../arm-none-eabi/lib/libc.a(libc_a-vfiprintf.o)
 .comment       0x00000026       0x27 /usr/lib/gcc/arm-none-eabi/13.2.1/../../../arm-none-eabi/lib/libc.a(libc_a-reallocr.o)

.ARM.attributes
                0x00000000       0x2d
 .ARM.attributes
                0x00000000       0x2d build/main.o
 .ARM.attributes
                0x0000002d       0x2d build/stm32f103_startup.o
 .ARM.attributes
                0x0000005a       0x2d build/USART.o
 .ARM.attributes
                0x00000087       0x2d build/ADC.o
 .ARM.attributes
                0x000000b4       0x2d build/syscalls.o
 .ARM.attributes
                0x000000e1       0x2a /usr/lib/gcc/arm-none-eabi/13.2.1/../../../arm-none-eabi/lib/libc.a(libc_a-errno.o)
 .ARM.attributes
                0x0000010b       0x2a /usr/lib/gcc/arm-none-eabi/13.2.1/../../../arm-none-eabi/lib/libc.a(libc_a-impure.o)
 .ARM.attributes
                0x00000135       0x2a /usr/lib/gcc/arm-none-eabi/13.2.1/../../../arm-none-eabi/lib/libc.a(libc_a-findfp.o)
 .ARM.attributes
                0x0000015f       0x2a /usr/lib/gcc/arm-none-eabi/13.2.1/../../../arm-none-eabi/lib/libc.a(libc_a-printf.o)
 .ARM.attributes
                0x00000189       0x2a /usr/lib/gcc/arm-none-eabi/13.2.1/../../../arm-none-eabi/lib/libc.a(libc_a-memset.o)
 .ARM.attributes
                0x000001b3       0x2a /usr/lib/gcc/arm-none-eabi/13.2.1/../../../arm-none-eabi/lib/libc.a(libc_a-fwalk.o)
 .ARM.attributes
                0x000001dd       0x2a /usr/lib/gcc/arm-none-eabi/13.2.1/../../../arm-none-eabi/lib/libc.a(libc_a-vfprintf.o)
 .ARM.attributes
                0x00000207       0x2a /usr/lib/gcc/arm-none-eabi/13.2.1/../../../arm-none-eabi/lib/libc.a(libc_a-fflush.o)
 .ARM.attributes
                0x00000231       0x2a /usr/lib/gcc/arm-none-eabi/13.2.1/../../../arm-none-eabi/lib/libc.a(libc_a-mallocr.o)
 .ARM.attributes
                0x0000025b       0x2a /usr/lib/gcc/arm-none-eabi/13.2.1/../../../arm-none-eabi/lib/libc.a(libc_a-dtoa.o)
 .ARM.attributes
                0x00000285       0x2a /usr/lib/gcc/arm-none-eabi/13.2.1/../../../arm-none-eabi/lib/libc.a(libc_a-wsetup.o)
 .ARM.attributes
                0x000002af       0x2a /usr/lib/gcc/arm-none-eabi/13.2.1/../../../arm-none-eabi/lib/libc.a(libc_a-freer.o)
 .ARM.attributes
                0x000002d9       0x2a /usr/lib/gcc/arm-none-eabi/13.2.1/../../../arm-none-eabi/lib/libc.a(libc_a-fclose.o)
 .ARM.attributes
                0x00000303       0x2a /usr/lib/gcc/arm-none-eabi/13.2.1/../../../arm-none-eabi/lib/libc.a(libc_a-sysconf.o)
 .ARM.attributes
                0x0000032d       0x2a /usr/lib/gcc/arm-none-eabi/13.2.1/../../../arm-none-eabi/lib/libc.a(libc_a-stdio.o)
 .ARM.attributes
                0x00000357       0x2a /usr/lib/gcc/arm-none-eabi/13.2.1/../../../arm-none-eabi/lib/libc.a(libc_a-writer.o)
 .ARM.attributes
                0x00000381       0x2a /usr/lib/gcc/arm-none-eabi/13.2.1/../../../arm-none-eabi/lib/libc.a(libc_a-mlock.o)
 .ARM.attributes
                0x000003ab       0x2a /usr/lib/gcc/arm-none-eabi/13.2.1/../../../arm-none-eabi/lib/libc.a(libc_a-strlen-stub.o)
 .ARM.attributes
                0x000003d5       0x2a /usr/lib/gcc/arm-none-eabi/13.2.1/../../../arm-none-eabi/lib/libc.a(libc_a-sbrkr.o)
 .ARM.attributes
                0x000003ff       0x2a /usr/lib/gcc/arm-none-eabi/13.2.1/../../../arm-none-eabi/lib/libc.a(libc_a-closer.o)
 .ARM.attributes
                0x00000429       0x2a /usr/lib/gcc/arm-none-eabi/13.2.1/../../../arm-none-eabi/lib/libc.a(libc_a-sprint_r.o)
 .ARM.attributes
                0x00000453       0x2a /usr/lib/gcc/arm-none-eabi/13.2.1/../../../arm-none-eabi/lib/libc.a(libc_a-assert.o)
 .ARM.attributes
                0x0000047d       0x2a /usr/lib/gcc/arm-none-eabi/13.2.1/../../../arm-none-eabi/lib/libc.a(libc_a-mprec.o)
 .ARM.attributes
                0x000004a7       0x2a /usr/lib/gcc/arm-none-eabi/13.2.1/../../../arm-none-eabi/lib/libc.a(libc_a-memchr-stub.o)
 .ARM.attributes
                0x000004d1       0x2a /usr/lib/gcc/arm-none-eabi/13.2.1/../../../arm-none-eabi/lib/libc.a(libc_a-localeconv.o)
 .ARM.attributes
                0x000004fb       0x2a /usr/lib/gcc/arm-none-eabi/13.2.1/../../../arm-none-eabi/lib/libc.a(libc_a-makebuf.o)
 .ARM.attributes
                0x00000525       0x2a /usr/lib/gcc/arm-none-eabi/13.2.1/../../../arm-none-eabi/lib/libc.a(libc_a-locale.o)
 .ARM.attributes
                0x0000054f       0x1a /usr/lib/gcc/arm-none-eabi/13.2.1/../../../arm-none-eabi/lib/libc.a(libc_a-strcmp.o)
 .ARM.attributes
                0x00000569       0x2a /usr/lib/gcc/arm-none-eabi/13.2.1/../../../arm-none-eabi/lib/libc.a(libc_a-mbtowc_r.o)
 .ARM.attributes
                0x00000593       0x2a /usr/lib/gcc/arm-none-eabi/13.2.1/../../../arm-none-eabi/lib/libc.a(libc_a-abort.o)
 .ARM.attributes
                0x000005bd       0x2a /usr/lib/gcc/arm-none-eabi/13.2.1/../../../arm-none-eabi/lib/libc.a(libc_a-callocr.o)
 .ARM.attributes
                0x000005e7       0x2a /usr/lib/gcc/arm-none-eabi/13.2.1/../../../arm-none-eabi/lib/libc.a(libc_a-readr.o)
 .ARM.attributes
                0x00000611       0x2a /usr/lib/gcc/arm-none-eabi/13.2.1/../../../arm-none-eabi/lib/libc.a(libc_a-fiprintf.o)
 .ARM.attributes
                0x0000063b       0x2a /usr/lib/gcc/arm-none-eabi/13.2.1/../../../arm-none-eabi/lib/libc.a(libc_a-memcpy-stub.o)
 .ARM.attributes
                0x00000665       0x2a /usr/lib/gcc/arm-none-eabi/13.2.1/../../../arm-none-eabi/lib/libc.a(libc_a-wctomb_r.o)
 .ARM.attributes
                0x0000068f       0x2a /usr/lib/gcc/arm-none-eabi/13.2.1/../../../arm-none-eabi/lib/libc.a(libc_a-lseekr.o)
 .ARM.attributes
                0x000006b9       0x2a /usr/lib/gcc/arm-none-eabi/13.2.1/../../../arm-none-eabi/lib/libc.a(libc_a-reent.o)
 .ARM.attributes
                0x000006e3       0x2a /usr/lib/gcc/arm-none-eabi/13.2.1/../../../arm-none-eabi/lib/libc.a(libc_a-fstatr.o)
 .ARM.attributes
                0x0000070d       0x2a /usr/lib/gcc/arm-none-eabi/13.2.1/../../../arm-none-eabi/lib/libc.a(libc_a-isattyr.o)
 .ARM.attributes
                0x00000737       0x2a /usr/lib/gcc/arm-none-eabi/13.2.1/../../../arm-none-eabi/lib/libc.a(libc_a-fvwrite.o)
 .ARM.attributes
                0x00000761       0x2a /usr/lib/gcc/arm-none-eabi/13.2.1/../../../arm-none-eabi/lib/libc.a(libc_a-ctype_.o)
 .ARM.attributes
                0x0000078b       0x2a /usr/lib/gcc/arm-none-eabi/13.2.1/../../../arm-none-eabi/lib/libc.a(libc_a-signal.o)
 .ARM.attributes
                0x000007b5       0x2a /usr/lib/gcc/arm-none-eabi/13.2.1/../../../arm-none-eabi/lib/libc.a(libc_a-signalr.o)
 .ARM.attributes
                0x000007df       0x2a /usr/lib/gcc/arm-none-eabi/13.2.1/../../../arm-none-eabi/lib/libc.a(libc_a-memmove.o)
 .ARM.attributes
                0x00000809       0x2a /usr/lib/gcc/arm-none-eabi/13.2.1/../../../arm-none-eabi/lib/libc.a(libc_a-vfiprintf.o)
 .ARM.attributes
                0x00000833       0x2a /usr/lib/gcc/arm-none-eabi/13.2.1/../../../arm-none-eabi/lib/libc.a(libc_a-reallocr.o)
 .ARM.attributes
                0x0000085d       0x1c /usr/lib/gcc/arm-none-eabi/13.2.1/libgcc.a(_arm_muldf3.o)
 .ARM.attributes
                0x00000879       0x1c /usr/lib/gcc/arm-none-eabi/13.2.1/libgcc.a(_udivsi3.o)
 .ARM.attributes
                0x00000895       0x1c /usr/lib/gcc/arm-none-eabi/13.2.1/libgcc.a(_divsi3.o)
 .ARM.attributes
                0x000008b1       0x1c /usr/lib/gcc/arm-none-eabi/13.2.1/libgcc.a(_dvmd_tls.o)
 .ARM.attributes
                0x000008cd       0x1c /usr/lib/gcc/arm-none-eabi/13.2.1/libgcc.a(_arm_addsubdf3.o)
 .ARM.attributes
                0x000008e9       0x1c /usr/lib/gcc/arm-none-eabi/13.2.1/libgcc.a(_arm_muldivdf3.o)
 .ARM.attributes
                0x00000905       0x1c /usr/lib/gcc/arm-none-eabi/13.2.1/libgcc.a(_arm_cmpdf2.o)
 .ARM.attributes
                0x00000921       0x1c /usr/lib/gcc/arm-none-eabi/13.2.1/libgcc.a(_arm_unorddf2.o)
 .ARM.attributes
                0x0000093d       0x1c /usr/lib/gcc/arm-none-eabi/13.2.1/libgcc.a(_arm_fixdfsi.o)

.debug_info     0x00000000    0x1a493
 .debug_info    0x00000000      0x70f /usr/lib/gcc/arm-none-eabi/13.2.1/../../../arm-none-eabi/lib/libc.a(libc_a-errno.o)
 .debug_info    0x0000070f      0x729 /usr/lib/gcc/arm-none-eabi/13.2.1/../../../arm-none-eabi/lib/libc.a(libc_a-impure.o)
 .debug_info    0x00000e38      0xea7 /usr/lib/gcc/arm-none-eabi/13.2.1/../../../arm-none-eabi/lib/libc.a(libc_a-findfp.o)
 .debug_info    0x00001cdf      0x855 /usr/lib/gcc/arm-none-eabi/13.2.1/../../../arm-none-eabi/lib/libc.a(libc_a-printf.o)
 .debug_info    0x00002534      0x135 /usr/lib/gcc/arm-none-eabi/13.2.1/../../../arm-none-eabi/lib/libc.a(libc_a-memset.o)
 .debug_info    0x00002669      0x7e4 /usr/lib/gcc/arm-none-eabi/13.2.1/../../../arm-none-eabi/lib/libc.a(libc_a-fwalk.o)
 .debug_info    0x00002e4d     0x1999 /usr/lib/gcc/arm-none-eabi/13.2.1/../../../arm-none-eabi/lib/libc.a(libc_a-vfprintf.o)
 .debug_info    0x000047e6      0xa48 /usr/lib/gcc/arm-none-eabi/13.2.1/../../../arm-none-eabi/lib/libc.a(libc_a-fflush.o)
 .debug_info    0x0000522e      0xcdd /usr/lib/gcc/arm-none-eabi/13.2.1/../../../arm-none-eabi/lib/libc.a(libc_a-mallocr.o)
 .debug_info    0x00005f0b     0x18a6 /usr/lib/gcc/arm-none-eabi/13.2.1/../../../arm-none-eabi/lib/libc.a(libc_a-dtoa.o)
 .debug_info    0x000077b1      0x7cf /usr/lib/gcc/arm-none-eabi/13.2.1/../../../arm-none-eabi/lib/libc.a(libc_a-wsetup.o)
 .debug_info    0x00007f80      0xb49 /usr/lib/gcc/arm-none-eabi/13.2.1/../../../arm-none-eabi/lib/libc.a(libc_a-freer.o)
 .debug_info    0x00008ac9      0x8e6 /usr/lib/gcc/arm-none-eabi/13.2.1/../../../arm-none-eabi/lib/libc.a(libc_a-fclose.o)
 .debug_info    0x000093af       0xc1 /usr/lib/gcc/arm-none-eabi/13.2.1/../../../arm-none-eabi/lib/libc.a(libc_a-sysconf.o)
 .debug_info    0x00009470      0xa90 /usr/lib/gcc/arm-none-eabi/13.2.1/../../../arm-none-eabi/lib/libc.a(libc_a-stdio.o)
 .debug_info    0x00009f00      0x7d9 /usr/lib/gcc/arm-none-eabi/13.2.1/../../../arm-none-eabi/lib/libc.a(libc_a-writer.o)
 .debug_info    0x0000a6d9      0x73a /usr/lib/gcc/arm-none-eabi/13.2.1/../../../arm-none-eabi/lib/libc.a(libc_a-mlock.o)
 .debug_info    0x0000ae13       0xbd /usr/lib/gcc/arm-none-eabi/13.2.1/../../../arm-none-eabi/lib/libc.a(libc_a-strlen-stub.o)
 .debug_info    0x0000aed0      0x796 /usr/lib/gcc/arm-none-eabi/13.2.1/../../../arm-none-eabi/lib/libc.a(libc_a-sbrkr.o)
 .debug_info    0x0000b666      0x770 /usr/lib/gcc/arm-none-eabi/13.2.1/../../../arm-none-eabi/lib/libc.a(libc_a-closer.o)
 .debug_info    0x0000bdd6      0x813 /usr/lib/gcc/arm-none-eabi/13.2.1/../../../arm-none-eabi/lib/libc.a(libc_a-sprint_r.o)
 .debug_info    0x0000c5e9      0x8d1 /usr/lib/gcc/arm-none-eabi/13.2.1/../../../arm-none-eabi/lib/libc.a(libc_a-assert.o)
 .debug_info    0x0000ceba     0x1e22 /usr/lib/gcc/arm-none-eabi/13.2.1/../../../arm-none-eabi/lib/libc.a(libc_a-mprec.o)
 .debug_info    0x0000ecdc      0x14a /usr/lib/gcc/arm-none-eabi/13.2.1/../../../arm-none-eabi/lib/libc.a(libc_a-memchr-stub.o)
 .debug_info    0x0000ee26      0xa2c /usr/lib/gcc/arm-none-eabi/13.2.1/../../../arm-none-eabi/lib/libc.a(libc_a-localeconv.o)
 .debug_info    0x0000f852      0xbe7 /usr/lib/gcc/arm-none-eabi/13.2.1/../../../arm-none-eabi/lib/libc.a(libc_a-makebuf.o)
 .debug_info    0x00010439      0xbd7 /usr/lib/gcc/arm-none-eabi/13.2.1/../../../arm-none-eabi/lib/libc.a(libc_a-locale.o)
 .debug_info    0x00011010       0x33 /usr/lib/gcc/arm-none-eabi/13.2.1/../../../arm-none-eabi/lib/libc.a(libc_a-strcmp.o)
 .debug_info    0x00011043      0xac4 /usr/lib/gcc/arm-none-eabi/13.2.1/../../../arm-none-eabi/lib/libc.a(libc_a-mbtowc_r.o)
 .debug_info    0x00011b07       0xd8 /usr/lib/gcc/arm-none-eabi/13.2.1/../../../arm-none-eabi/lib/libc.a(libc_a-abort.o)
 .debug_info    0x00011bdf      0x8d9 /usr/lib/gcc/arm-none-eabi/13.2.1/../../../arm-none-eabi/lib/libc.a(libc_a-callocr.o)
 .debug_info    0x000124b8      0x7d3 /usr/lib/gcc/arm-none-eabi/13.2.1/../../../arm-none-eabi/lib/libc.a(libc_a-readr.o)
 .debug_info    0x00012c8b      0x872 /usr/lib/gcc/arm-none-eabi/13.2.1/../../../arm-none-eabi/lib/libc.a(libc_a-fiprintf.o)
 .debug_info    0x000134fd      0x152 /usr/lib/gcc/arm-none-eabi/13.2.1/../../../arm-none-eabi/lib/libc.a(libc_a-memcpy-stub.o)
 .debug_info    0x0001364f      0xa8e /usr/lib/gcc/arm-none-eabi/13.2.1/../../../arm-none-eabi/lib/libc.a(libc_a-wctomb_r.o)
 .debug_info    0x000140dd      0x7bc /usr/lib/gcc/arm-none-eabi/13.2.1/../../../arm-none-eabi/lib/libc.a(libc_a-lseekr.o)
 .debug_info    0x00014899      0x831 /usr/lib/gcc/arm-none-eabi/13.2.1/../../../arm-none-eabi/lib/libc.a(libc_a-reent.o)
 .debug_info    0x000150ca      0x995 /usr/lib/gcc/arm-none-eabi/13.2.1/../../../arm-none-eabi/lib/libc.a(libc_a-fstatr.o)
 .debug_info    0x00015a5f      0x770 /usr/lib/gcc/arm-none-eabi/13.2.1/../../../arm-none-eabi/lib/libc.a(libc_a-isattyr.o)
 .debug_info    0x000161cf      0xb37 /usr/lib/gcc/arm-none-eabi/13.2.1/../../../arm-none-eabi/lib/libc.a(libc_a-fvwrite.o)
 .debug_info    0x00016d06       0xb9 /usr/lib/gcc/arm-none-eabi/13.2.1/../../../arm-none-eabi/lib/libc.a(libc_a-ctype_.o)
 .debug_info    0x00016dbf      0xc3e /usr/lib/gcc/arm-none-eabi/13.2.1/../../../arm-none-eabi/lib/libc.a(libc_a-signal.o)
 .debug_info    0x000179fd      0x801 /usr/lib/gcc/arm-none-eabi/13.2.1/../../../arm-none-eabi/lib/libc.a(libc_a-signalr.o)
 .debug_info    0x000181fe      0x148 /usr/lib/gcc/arm-none-eabi/13.2.1/../../../arm-none-eabi/lib/libc.a(libc_a-memmove.o)
 .debug_info    0x00018346     0x1210 /usr/lib/gcc/arm-none-eabi/13.2.1/../../../arm-none-eabi/lib/libc.a(libc_a-vfiprintf.o)
 .debug_info    0x00019556      0xbc2 /usr/lib/gcc/arm-none-eabi/13.2.1/../../../arm-none-eabi/lib/libc.a(libc_a-reallocr.o)
 .debug_info    0x0001a118       0x3f /usr/lib/gcc/arm-none-eabi/13.2.1/libgcc.a(_arm_muldf3.o)
 .debug_info    0x0001a157       0x3e /usr/lib/gcc/arm-none-eabi/13.2.1/libgcc.a(_udivsi3.o)
 .debug_info    0x0001a195       0x3e /usr/lib/gcc/arm-none-eabi/13.2.1/libgcc.a(_divsi3.o)
 .debug_info    0x0001a1d3       0x3c /usr/lib/gcc/arm-none-eabi/13.2.1/libgcc.a(_dvmd_tls.o)
 .debug_info    0x0001a20f       0xd3 /usr/lib/gcc/arm-none-eabi/13.2.1/libgcc.a(_arm_addsubdf3.o)
 .debug_info    0x0001a2e2       0x57 /usr/lib/gcc/arm-none-eabi/13.2.1/libgcc.a(_arm_muldivdf3.o)
 .debug_info    0x0001a339       0xe2 /usr/lib/gcc/arm-none-eabi/13.2.1/libgcc.a(_arm_cmpdf2.o)
 .debug_info    0x0001a41b       0x3c /usr/lib/gcc/arm-none-eabi/13.2.1/libgcc.a(_arm_unorddf2.o)
 .debug_info    0x0001a457       0x3c /usr/lib/gcc/arm-none-eabi/13.2.1/libgcc.a(_arm_fixdfsi.o)

.debug_abbrev   0x00000000     0x64b1
 .debug_abbrev  0x00000000      0x19a /usr/lib/gcc/arm-none-eabi/13.2.1/../../../arm-none-eabi/lib/libc.a(libc_a-errno.o)
 .debug_abbrev  0x0000019a      0x185 /usr/lib/gcc/arm-none-eabi/13.2.1/../../../arm-none-eabi/lib/libc.a(libc_a-impure.o)
 .debug_abbrev  0x0000031f      0x43a /usr/lib/gcc/arm-none-eabi/13.2.1/../../../arm-none-eabi/lib/libc.a(libc_a-findfp.o)
 .debug_abbrev  0x00000759      0x256 /usr/lib/gcc/arm-none-eabi/13.2.1/../../../arm-none-eabi/lib/libc.a(libc_a-printf.o)
 .debug_abbrev  0x000009af       0xb7 /usr/lib/gcc/arm-none-eabi/13.2.1/../../../arm-none-eabi/lib/libc.a(libc_a-memset.o)
 .debug_abbrev  0x00000a66      0x1d9 /usr/lib/gcc/arm-none-eabi/13.2.1/../../../arm-none-eabi/lib/libc.a(libc_a-fwalk.o)
 .debug_abbrev  0x00000c3f      0x4e2 /usr/lib/gcc/arm-none-eabi/13.2.1/../../../arm-none-eabi/lib/libc.a(libc_a-vfprintf.o)
 .debug_abbrev  0x00001121      0x339 /usr/lib/gcc/arm-none-eabi/13.2.1/../../../arm-none-eabi/lib/libc.a(libc_a-fflush.o)
 .debug_abbrev  0x0000145a      0x2d7 /usr/lib/gcc/arm-none-eabi/13.2.1/../../../arm-none-eabi/lib/libc.a(libc_a-mallocr.o)
 .debug_abbrev  0x00001731      0x388 /usr/lib/gcc/arm-none-eabi/13.2.1/../../../arm-none-eabi/lib/libc.a(libc_a-dtoa.o)
 .debug_abbrev  0x00001ab9      0x21e /usr/lib/gcc/arm-none-eabi/13.2.1/../../../arm-none-eabi/lib/libc.a(libc_a-wsetup.o)
 .debug_abbrev  0x00001cd7      0x289 /usr/lib/gcc/arm-none-eabi/13.2.1/../../../arm-none-eabi/lib/libc.a(libc_a-freer.o)
 .debug_abbrev  0x00001f60      0x2ed /usr/lib/gcc/arm-none-eabi/13.2.1/../../../arm-none-eabi/lib/libc.a(libc_a-fclose.o)
 .debug_abbrev  0x0000224d       0x80 /usr/lib/gcc/arm-none-eabi/13.2.1/../../../arm-none-eabi/lib/libc.a(libc_a-sysconf.o)
 .debug_abbrev  0x000022cd      0x242 /usr/lib/gcc/arm-none-eabi/13.2.1/../../../arm-none-eabi/lib/libc.a(libc_a-stdio.o)
 .debug_abbrev  0x0000250f      0x1f1 /usr/lib/gcc/arm-none-eabi/13.2.1/../../../arm-none-eabi/lib/libc.a(libc_a-writer.o)
 .debug_abbrev  0x00002700      0x1ce /usr/lib/gcc/arm-none-eabi/13.2.1/../../../arm-none-eabi/lib/libc.a(libc_a-mlock.o)
 .debug_abbrev  0x000028ce       0x78 /usr/lib/gcc/arm-none-eabi/13.2.1/../../../arm-none-eabi/lib/libc.a(libc_a-strlen-stub.o)
 .debug_abbrev  0x00002946      0x216 /usr/lib/gcc/arm-none-eabi/13.2.1/../../../arm-none-eabi/lib/libc.a(libc_a-sbrkr.o)
 .debug_abbrev  0x00002b5c      0x1ec /usr/lib/gcc/arm-none-eabi/13.2.1/../../../arm-none-eabi/lib/libc.a(libc_a-closer.o)
 .debug_abbrev  0x00002d48      0x1dd /usr/lib/gcc/arm-none-eabi/13.2.1/../../../arm-none-eabi/lib/libc.a(libc_a-sprint_r.o)
 .debug_abbrev  0x00002f25      0x226 /usr/lib/gcc/arm-none-eabi/13.2.1/../../../arm-none-eabi/lib/libc.a(libc_a-assert.o)
 .debug_abbrev  0x0000314b      0x4fa /usr/lib/gcc/arm-none-eabi/13.2.1/../../../arm-none-eabi/lib/libc.a(libc_a-mprec.o)
 .debug_abbrev  0x00003645       0xc7 /usr/lib/gcc/arm-none-eabi/13.2.1/../../../arm-none-eabi/lib/libc.a(libc_a-memchr-stub.o)
 .debug_abbrev  0x0000370c      0x26a /usr/lib/gcc/arm-none-eabi/13.2.1/../../../arm-none-eabi/lib/libc.a(libc_a-localeconv.o)
 .debug_abbrev  0x00003976      0x2d9 /usr/lib/gcc/arm-none-eabi/13.2.1/../../../arm-none-eabi/lib/libc.a(libc_a-makebuf.o)
 .debug_abbrev  0x00003c4f      0x2d9 /usr/lib/gcc/arm-none-eabi/13.2.1/../../../arm-none-eabi/lib/libc.a(libc_a-locale.o)
 .debug_abbrev  0x00003f28       0x28 /usr/lib/gcc/arm-none-eabi/13.2.1/../../../arm-none-eabi/lib/libc.a(libc_a-strcmp.o)
 .debug_abbrev  0x00003f50      0x241 /usr/lib/gcc/arm-none-eabi/13.2.1/../../../arm-none-eabi/lib/libc.a(libc_a-mbtowc_r.o)
 .debug_abbrev  0x00004191       0x99 /usr/lib/gcc/arm-none-eabi/13.2.1/../../../arm-none-eabi/lib/libc.a(libc_a-abort.o)
 .debug_abbrev  0x0000422a      0x25b /usr/lib/gcc/arm-none-eabi/13.2.1/../../../arm-none-eabi/lib/libc.a(libc_a-callocr.o)
 .debug_abbrev  0x00004485      0x1ec /usr/lib/gcc/arm-none-eabi/13.2.1/../../../arm-none-eabi/lib/libc.a(libc_a-readr.o)
 .debug_abbrev  0x00004671      0x252 /usr/lib/gcc/arm-none-eabi/13.2.1/../../../arm-none-eabi/lib/libc.a(libc_a-fiprintf.o)
 .debug_abbrev  0x000048c3       0xca /usr/lib/gcc/arm-none-eabi/13.2.1/../../../arm-none-eabi/lib/libc.a(libc_a-memcpy-stub.o)
 .debug_abbrev  0x0000498d      0x23d /usr/lib/gcc/arm-none-eabi/13.2.1/../../../arm-none-eabi/lib/libc.a(libc_a-wctomb_r.o)
 .debug_abbrev  0x00004bca      0x200 /usr/lib/gcc/arm-none-eabi/13.2.1/../../../arm-none-eabi/lib/libc.a(libc_a-lseekr.o)
 .debug_abbrev  0x00004dca      0x22a /usr/lib/gcc/arm-none-eabi/13.2.1/../../../arm-none-eabi/lib/libc.a(libc_a-reent.o)
 .debug_abbrev  0x00004ff4      0x1ff /usr/lib/gcc/arm-none-eabi/13.2.1/../../../arm-none-eabi/lib/libc.a(libc_a-fstatr.o)
 .debug_abbrev  0x000051f3      0x1ec /usr/lib/gcc/arm-none-eabi/13.2.1/../../../arm-none-eabi/lib/libc.a(libc_a-isattyr.o)
 .debug_abbrev  0x000053df      0x276 /usr/lib/gcc/arm-none-eabi/13.2.1/../../../arm-none-eabi/lib/libc.a(libc_a-fvwrite.o)
 .debug_abbrev  0x00005655       0x62 /usr/lib/gcc/arm-none-eabi/13.2.1/../../../arm-none-eabi/lib/libc.a(libc_a-ctype_.o)
 .debug_abbrev  0x000056b7      0x324 /usr/lib/gcc/arm-none-eabi/13.2.1/../../../arm-none-eabi/lib/libc.a(libc_a-signal.o)
 .debug_abbrev  0x000059db      0x229 /usr/lib/gcc/arm-none-eabi/13.2.1/../../../arm-none-eabi/lib/libc.a(libc_a-signalr.o)
 .debug_abbrev  0x00005c04       0xc3 /usr/lib/gcc/arm-none-eabi/13.2.1/../../../arm-none-eabi/lib/libc.a(libc_a-memmove.o)
 .debug_abbrev  0x00005cc7      0x3f1 /usr/lib/gcc/arm-none-eabi/13.2.1/../../../arm-none-eabi/lib/libc.a(libc_a-vfiprintf.o)
 .debug_abbrev  0x000060b8      0x295 /usr/lib/gcc/arm-none-eabi/13.2.1/../../../arm-none-eabi/lib/libc.a(libc_a-reallocr.o)
 .debug_abbrev  0x0000634d       0x26 /usr/lib/gcc/arm-none-eabi/13.2.1/libgcc.a(_arm_muldf3.o)
 .debug_abbrev  0x00006373       0x28 /usr/lib/gcc/arm-none-eabi/13.2.1/libgcc.a(_udivsi3.o)
 .debug_abbrev  0x0000639b       0x28 /usr/lib/gcc/arm-none-eabi/13.2.1/libgcc.a(_divsi3.o)
 .debug_abbrev  0x000063c3       0x26 /usr/lib/gcc/arm-none-eabi/13.2.1/libgcc.a(_dvmd_tls.o)
 .debug_abbrev  0x000063e9       0x28 /usr/lib/gcc/arm-none-eabi/13.2.1/libgcc.a(_arm_addsubdf3.o)
 .debug_abbrev  0x00006411       0x28 /usr/lib/gcc/arm-none-eabi/13.2.1/libgcc.a(_arm_muldivdf3.o)
 .debug_abbrev  0x00006439       0x28 /usr/lib/gcc/arm-none-eabi/13.2.1/libgcc.a(_arm_cmpdf2.o)
 .debug_abbrev  0x00006461       0x28 /usr/lib/gcc/arm-none-eabi/13.2.1/libgcc.a(_arm_unorddf2.o)
 .debug_abbrev  0x00006489       0x28 /usr/lib/gcc/arm-none-eabi/13.2.1/libgcc.a(_arm_fixdfsi.o)

.debug_aranges  0x00000000      0x6d0
 .debug_aranges
                0x00000000       0x20 /usr/lib/gcc/arm-none-eabi/13.2.1/../../../arm-none-eabi/lib/libc.a(libc_a-errno.o)
 .debug_aranges
                0x00000020       0x18 /usr/lib/gcc/arm-none-eabi/13.2.1/../../../arm-none-eabi/lib/libc.a(libc_a-impure.o)
 .debug_aranges
                0x00000038       0x20 /usr/lib/gcc/arm-none-eabi/13.2.1/../../../arm-none-eabi/lib/libc.a(libc_a-findfp.o)
 .debug_aranges
                0x00000058       0x20 /usr/lib/gcc/arm-none-eabi/13.2.1/../../../arm-none-eabi/lib/libc.a(libc_a-printf.o)
 .debug_aranges
                0x00000078       0x20 /usr/lib/gcc/arm-none-eabi/13.2.1/../../../arm-none-eabi/lib/libc.a(libc_a-memset.o)
 .debug_aranges
                0x00000098       0x20 /usr/lib/gcc/arm-none-eabi/13.2.1/../../../arm-none-eabi/lib/libc.a(libc_a-fwalk.o)
 .debug_aranges
                0x000000b8       0x20 /usr/lib/gcc/arm-none-eabi/13.2.1/../../../arm-none-eabi/lib/libc.a(libc_a-vfprintf.o)
 .debug_aranges
                0x000000d8       0x20 /usr/lib/gcc/arm-none-eabi/13.2.1/../../../arm-none-eabi/lib/libc.a(libc_a-fflush.o)
 .debug_aranges
                0x000000f8       0x20 /usr/lib/gcc/arm-none-eabi/13.2.1/../../../arm-none-eabi/lib/libc.a(libc_a-mallocr.o)
 .debug_aranges
                0x00000118       0x20 /usr/lib/gcc/arm-none-eabi/13.2.1/../../../arm-none-eabi/lib/libc.a(libc_a-dtoa.o)
 .debug_aranges
                0x00000138       0x20 /usr/lib/gcc/arm-none-eabi/13.2.1/../../../arm-none-eabi/lib/libc.a(libc_a-wsetup.o)
 .debug_aranges
                0x00000158       0x20 /usr/lib/gcc/arm-none-eabi/13.2.1/../../../arm-none-eabi/lib/libc.a(libc_a-freer.o)
 .debug_aranges
                0x00000178       0x20 /usr/lib/gcc/arm-none-eabi/13.2.1/../../../arm-none-eabi/lib/libc.a(libc_a-fclose.o)
 .debug_aranges
                0x00000198       0x20 /usr/lib/gcc/arm-none-eabi/13.2.1/../../../arm-none-eabi/lib/libc.a(libc_a-sysconf.o)
 .debug_aranges
                0x000001b8       0x20 /usr/lib/gcc/arm-none-eabi/13.2.1/../../../arm-none-eabi/lib/libc.a(libc_a-stdio.o)
 .debug_aranges
                0x000001d8       0x20 /usr/lib/gcc/arm-none-eabi/13.2.1/../../../arm-none-eabi/lib/libc.a(libc_a-writer.o)
 .debug_aranges
                0x000001f8       0x20 /usr/lib/gcc/arm-none-eabi/13.2.1/../../../arm-none-eabi/lib/libc.a(libc_a-mlock.o)
 .debug_aranges
                0x00000218       0x20 /usr/lib/gcc/arm-none-eabi/13.2.1/../../../arm-none-eabi/lib/libc.a(libc_a-strlen-stub.o)
 .debug_aranges
                0x00000238       0x20 /usr/lib/gcc/arm-none-eabi/13.2.1/../../../arm-none-eabi/lib/libc.a(libc_a-sbrkr.o)
 .debug_aranges
                0x00000258       0x20 /usr/lib/gcc/arm-none-eabi/13.2.1/../../../arm-none-eabi/lib/libc.a(libc_a-closer.o)
 .debug_aranges
                0x00000278       0x20 /usr/lib/gcc/arm-none-eabi/13.2.1/../../../arm-none-eabi/lib/libc.a(libc_a-sprint_r.o)
 .debug_aranges
                0x00000298       0x20 /usr/lib/gcc/arm-none-eabi/13.2.1/../../../arm-none-eabi/lib/libc.a(libc_a-assert.o)
 .debug_aranges
                0x000002b8       0x20 /usr/lib/gcc/arm-none-eabi/13.2.1/../../../arm-none-eabi/lib/libc.a(libc_a-mprec.o)
 .debug_aranges
                0x000002d8       0x20 /usr/lib/gcc/arm-none-eabi/13.2.1/../../../arm-none-eabi/lib/libc.a(libc_a-memchr-stub.o)
 .debug_aranges
                0x000002f8       0x20 /usr/lib/gcc/arm-none-eabi/13.2.1/../../../arm-none-eabi/lib/libc.a(libc_a-localeconv.o)
 .debug_aranges
                0x00000318       0x20 /usr/lib/gcc/arm-none-eabi/13.2.1/../../../arm-none-eabi/lib/libc.a(libc_a-makebuf.o)
 .debug_aranges
                0x00000338       0x20 /usr/lib/gcc/arm-none-eabi/13.2.1/../../../arm-none-eabi/lib/libc.a(libc_a-locale.o)
 .debug_aranges
                0x00000358       0x20 /usr/lib/gcc/arm-none-eabi/13.2.1/../../../arm-none-eabi/lib/libc.a(libc_a-strcmp.o)
 .debug_aranges
                0x00000378       0x20 /usr/lib/gcc/arm-none-eabi/13.2.1/../../../arm-none-eabi/lib/libc.a(libc_a-mbtowc_r.o)
 .debug_aranges
                0x00000398       0x20 /usr/lib/gcc/arm-none-eabi/13.2.1/../../../arm-none-eabi/lib/libc.a(libc_a-abort.o)
 .debug_aranges
                0x000003b8       0x20 /usr/lib/gcc/arm-none-eabi/13.2.1/../../../arm-none-eabi/lib/libc.a(libc_a-callocr.o)
 .debug_aranges
                0x000003d8       0x20 /usr/lib/gcc/arm-none-eabi/13.2.1/../../../arm-none-eabi/lib/libc.a(libc_a-readr.o)
 .debug_aranges
                0x000003f8       0x20 /usr/lib/gcc/arm-none-eabi/13.2.1/../../../arm-none-eabi/lib/libc.a(libc_a-fiprintf.o)
 .debug_aranges
                0x00000418       0x20 /usr/lib/gcc/arm-none-eabi/13.2.1/../../../arm-none-eabi/lib/libc.a(libc_a-memcpy-stub.o)
 .debug_aranges
                0x00000438       0x20 /usr/lib/gcc/arm-none-eabi/13.2.1/../../../arm-none-eabi/lib/libc.a(libc_a-wctomb_r.o)
 .debug_aranges
                0x00000458       0x20 /usr/lib/gcc/arm-none-eabi/13.2.1/../../../arm-none-eabi/lib/libc.a(libc_a-lseekr.o)
 .debug_aranges
                0x00000478       0x20 /usr/lib/gcc/arm-none-eabi/13.2.1/../../../arm-none-eabi/lib/libc.a(libc_a-reent.o)
 .debug_aranges
                0x00000498       0x20 /usr/lib/gcc/arm-none-eabi/13.2.1/../../../arm-none-eabi/lib/libc.a(libc_a-fstatr.o)
 .debug_aranges
                0x000004b8       0x20 /usr/lib/gcc/arm-none-eabi/13.2.1/../../../arm-none-eabi/lib/libc.a(libc_a-isattyr.o)
 .debug_aranges
                0x000004d8       0x20 /usr/lib/gcc/arm-none-eabi/13.2.1/../../../arm-none-eabi/lib/libc.a(libc_a-fvwrite.o)
 .debug_aranges
                0x000004f8       0x18 /usr/lib/gcc/arm-none-eabi/13.2.1/../../../arm-none-eabi/lib/libc.a(libc_a-ctype_.o)
 .debug_aranges
                0x00000510       0x20 /usr/lib/gcc/arm-none-eabi/13.2.1/../../../arm-none-eabi/lib/libc.a(libc_a-signal.o)
 .debug_aranges
                0x00000530       0x20 /usr/lib/gcc/arm-none-eabi/13.2.1/../../../arm-none-eabi/lib/libc.a(libc_a-signalr.o)
 .debug_aranges
                0x00000550       0x20 /usr/lib/gcc/arm-none-eabi/13.2.1/../../../arm-none-eabi/lib/libc.a(libc_a-memmove.o)
 .debug_aranges
                0x00000570       0x20 /usr/lib/gcc/arm-none-eabi/13.2.1/../../../arm-none-eabi/lib/libc.a(libc_a-vfiprintf.o)
 .debug_aranges
                0x00000590       0x20 /usr/lib/gcc/arm-none-eabi/13.2.1/../../../arm-none-eabi/lib/libc.a(libc_a-reallocr.o)
 .debug_aranges
                0x000005b0       0x20 /usr/lib/gcc/arm-none-eabi/13.2.1/libgcc.a(_arm_muldf3.o)
 .debug_aranges
                0x000005d0       0x20 /usr/lib/gcc/arm-none-eabi/13.2.1/libgcc.a(_udivsi3.o)
 .debug_aranges
                0x000005f0       0x20 /usr/lib/gcc/arm-none-eabi/13.2.1/libgcc.a(_divsi3.o)
 .debug_aranges
                0x00000610       0x20 /usr/lib/gcc/arm-none-eabi/13.2.1/libgcc.a(_dvmd_tls.o)
 .debug_aranges
                0x00000630       0x20 /usr/lib/gcc/arm-none-eabi/13.2.1/libgcc.a(_arm_addsubdf3.o)
 .debug_aranges
                0x00000650       0x20 /usr/lib/gcc/arm-none-eabi/13.2.1/libgcc.a(_arm_muldivdf3.o)
 .debug_aranges
                0x00000670       0x20 /usr/lib/gcc/arm-none-eabi/13.2.1/libgcc.a(_arm_cmpdf2.o)
 .debug_aranges
                0x00000690       0x20 /usr/lib/gcc/arm-none-eabi/13.2.1/libgcc.a(_arm_unorddf2.o)
 .debug_aranges
                0x000006b0       0x20 /usr/lib/gcc/arm-none-eabi/13.2.1/libgcc.a(_arm_fixdfsi.o)

.debug_line     0x00000000     0xbe27
 .debug_line    0x00000000      0x103 /usr/lib/gcc/arm-none-eabi/13.2.1/../../../arm-none-eabi/lib/libc.a(libc_a-errno.o)
 .debug_line    0x00000103       0xde /usr/lib/gcc/arm-none-eabi/13.2.1/../../../arm-none-eabi/lib/libc.a(libc_a-impure.o)
 .debug_line    0x000001e1      0x572 /usr/lib/gcc/arm-none-eabi/13.2.1/../../../arm-none-eabi/lib/libc.a(libc_a-findfp.o)
 .debug_line    0x00000753      0x1ae /usr/lib/gcc/arm-none-eabi/13.2.1/../../../arm-none-eabi/lib/libc.a(libc_a-printf.o)
 .debug_line    0x00000901      0x1b9 /usr/lib/gcc/arm-none-eabi/13.2.1/../../../arm-none-eabi/lib/libc.a(libc_a-memset.o)
 .debug_line    0x00000aba      0x1c0 /usr/lib/gcc/arm-none-eabi/13.2.1/../../../arm-none-eabi/lib/libc.a(libc_a-fwalk.o)
 .debug_line    0x00000c7a     0x1bb3 /usr/lib/gcc/arm-none-eabi/13.2.1/../../../arm-none-eabi/lib/libc.a(libc_a-vfprintf.o)
 .debug_line    0x0000282d      0x458 /usr/lib/gcc/arm-none-eabi/13.2.1/../../../arm-none-eabi/lib/libc.a(libc_a-fflush.o)
 .debug_line    0x00002c85      0x8aa /usr/lib/gcc/arm-none-eabi/13.2.1/../../../arm-none-eabi/lib/libc.a(libc_a-mallocr.o)
 .debug_line    0x0000352f     0x13c6 /usr/lib/gcc/arm-none-eabi/13.2.1/../../../arm-none-eabi/lib/libc.a(libc_a-dtoa.o)
 .debug_line    0x000048f5      0x2a4 /usr/lib/gcc/arm-none-eabi/13.2.1/../../../arm-none-eabi/lib/libc.a(libc_a-wsetup.o)
 .debug_line    0x00004b99      0x545 /usr/lib/gcc/arm-none-eabi/13.2.1/../../../arm-none-eabi/lib/libc.a(libc_a-freer.o)
 .debug_line    0x000050de      0x249 /usr/lib/gcc/arm-none-eabi/13.2.1/../../../arm-none-eabi/lib/libc.a(libc_a-fclose.o)
 .debug_line    0x00005327       0xea /usr/lib/gcc/arm-none-eabi/13.2.1/../../../arm-none-eabi/lib/libc.a(libc_a-sysconf.o)
 .debug_line    0x00005411      0x220 /usr/lib/gcc/arm-none-eabi/13.2.1/../../../arm-none-eabi/lib/libc.a(libc_a-stdio.o)
 .debug_line    0x00005631      0x187 /usr/lib/gcc/arm-none-eabi/13.2.1/../../../arm-none-eabi/lib/libc.a(libc_a-writer.o)
 .debug_line    0x000057b8      0x14a /usr/lib/gcc/arm-none-eabi/13.2.1/../../../arm-none-eabi/lib/libc.a(libc_a-mlock.o)
 .debug_line    0x00005902       0xeb /usr/lib/gcc/arm-none-eabi/13.2.1/../../../arm-none-eabi/lib/libc.a(libc_a-strlen-stub.o)
 .debug_line    0x000059ed      0x18e /usr/lib/gcc/arm-none-eabi/13.2.1/../../../arm-none-eabi/lib/libc.a(libc_a-sbrkr.o)
 .debug_line    0x00005b7b      0x18a /usr/lib/gcc/arm-none-eabi/13.2.1/../../../arm-none-eabi/lib/libc.a(libc_a-closer.o)
 .debug_line    0x00005d05      0x17e /usr/lib/gcc/arm-none-eabi/13.2.1/../../../arm-none-eabi/lib/libc.a(libc_a-sprint_r.o)
 .debug_line    0x00005e83      0x19f /usr/lib/gcc/arm-none-eabi/13.2.1/../../../arm-none-eabi/lib/libc.a(libc_a-assert.o)
 .debug_line    0x00006022     0x13e7 /usr/lib/gcc/arm-none-eabi/13.2.1/../../../arm-none-eabi/lib/libc.a(libc_a-mprec.o)
 .debug_line    0x00007409      0x1cf /usr/lib/gcc/arm-none-eabi/13.2.1/../../../arm-none-eabi/lib/libc.a(libc_a-memchr-stub.o)
 .debug_line    0x000075d8      0x175 /usr/lib/gcc/arm-none-eabi/13.2.1/../../../arm-none-eabi/lib/libc.a(libc_a-localeconv.o)
 .debug_line    0x0000774d      0x389 /usr/lib/gcc/arm-none-eabi/13.2.1/../../../arm-none-eabi/lib/libc.a(libc_a-makebuf.o)
 .debug_line    0x00007ad6      0x262 /usr/lib/gcc/arm-none-eabi/13.2.1/../../../arm-none-eabi/lib/libc.a(libc_a-locale.o)
 .debug_line    0x00007d38       0xda /usr/lib/gcc/arm-none-eabi/13.2.1/../../../arm-none-eabi/lib/libc.a(libc_a-strcmp.o)
 .debug_line    0x00007e12      0x1fd /usr/lib/gcc/arm-none-eabi/13.2.1/../../../arm-none-eabi/lib/libc.a(libc_a-mbtowc_r.o)
 .debug_line    0x0000800f      0x10c /usr/lib/gcc/arm-none-eabi/13.2.1/../../../arm-none-eabi/lib/libc.a(libc_a-abort.o)
 .debug_line    0x0000811b      0x235 /usr/lib/gcc/arm-none-eabi/13.2.1/../../../arm-none-eabi/lib/libc.a(libc_a-callocr.o)
 .debug_line    0x00008350      0x186 /usr/lib/gcc/arm-none-eabi/13.2.1/../../../arm-none-eabi/lib/libc.a(libc_a-readr.o)
 .debug_line    0x000084d6      0x19f /usr/lib/gcc/arm-none-eabi/13.2.1/../../../arm-none-eabi/lib/libc.a(libc_a-fiprintf.o)
 .debug_line    0x00008675      0x1ed /usr/lib/gcc/arm-none-eabi/13.2.1/../../../arm-none-eabi/lib/libc.a(libc_a-memcpy-stub.o)
 .debug_line    0x00008862      0x202 /usr/lib/gcc/arm-none-eabi/13.2.1/../../../arm-none-eabi/lib/libc.a(libc_a-wctomb_r.o)
 .debug_line    0x00008a64      0x187 /usr/lib/gcc/arm-none-eabi/13.2.1/../../../arm-none-eabi/lib/libc.a(libc_a-lseekr.o)
 .debug_line    0x00008beb      0x1ea /usr/lib/gcc/arm-none-eabi/13.2.1/../../../arm-none-eabi/lib/libc.a(libc_a-reent.o)
 .debug_line    0x00008dd5      0x20c /usr/lib/gcc/arm-none-eabi/13.2.1/../../../arm-none-eabi/lib/libc.a(libc_a-fstatr.o)
 .debug_line    0x00008fe1      0x18b /usr/lib/gcc/arm-none-eabi/13.2.1/../../../arm-none-eabi/lib/libc.a(libc_a-isattyr.o)
 .debug_line    0x0000916c      0x609 /usr/lib/gcc/arm-none-eabi/13.2.1/../../../arm-none-eabi/lib/libc.a(libc_a-fvwrite.o)
 .debug_line    0x00009775       0x8e /usr/lib/gcc/arm-none-eabi/13.2.1/../../../arm-none-eabi/lib/libc.a(libc_a-ctype_.o)
 .debug_line    0x00009803      0x61e /usr/lib/gcc/arm-none-eabi/13.2.1/../../../arm-none-eabi/lib/libc.a(libc_a-signal.o)
 .debug_line    0x00009e21      0x1ba /usr/lib/gcc/arm-none-eabi/13.2.1/../../../arm-none-eabi/lib/libc.a(libc_a-signalr.o)
 .debug_line    0x00009fdb      0x1fe /usr/lib/gcc/arm-none-eabi/13.2.1/../../../arm-none-eabi/lib/libc.a(libc_a-memmove.o)
 .debug_line    0x0000a1d9     0x100b /usr/lib/gcc/arm-none-eabi/13.2.1/../../../arm-none-eabi/lib/libc.a(libc_a-vfiprintf.o)
 .debug_line    0x0000b1e4      0x62b /usr/lib/gcc/arm-none-eabi/13.2.1/../../../arm-none-eabi/lib/libc.a(libc_a-reallocr.o)
 .debug_line    0x0000b80f       0xe4 /usr/lib/gcc/arm-none-eabi/13.2.1/libgcc.a(_arm_muldf3.o)
 .debug_line    0x0000b8f3       0x67 /usr/lib/gcc/arm-none-eabi/13.2.1/libgcc.a(_udivsi3.o)
 .debug_line    0x0000b95a       0x73 /usr/lib/gcc/arm-none-eabi/13.2.1/libgcc.a(_divsi3.o)
 .debug_line    0x0000b9cd       0x4a /usr/lib/gcc/arm-none-eabi/13.2.1/libgcc.a(_dvmd_tls.o)
 .debug_line    0x0000ba17      0x158 /usr/lib/gcc/arm-none-eabi/13.2.1/libgcc.a(_arm_addsubdf3.o)
 .debug_line    0x0000bb6f      0x167 /usr/lib/gcc/arm-none-eabi/13.2.1/libgcc.a(_arm_muldivdf3.o)
 .debug_line    0x0000bcd6       0x9a /usr/lib/gcc/arm-none-eabi/13.2.1/libgcc.a(_arm_cmpdf2.o)
 .debug_line    0x0000bd70       0x57 /usr/lib/gcc/arm-none-eabi/13.2.1/libgcc.a(_arm_unorddf2.o)
 .debug_line    0x0000bdc7       0x60 /usr/lib/gcc/arm-none-eabi/13.2.1/libgcc.a(_arm_fixdfsi.o)

.debug_str      0x00000000     0x1b1a
 .debug_str     0x00000000     0x1b1a /usr/lib/gcc/arm-none-eabi/13.2.1/../../../arm-none-eabi/lib/libc.a(libc_a-errno.o)
                                0x47b (size before relaxing)
 .debug_str     0x00001b1a      0x486 /usr/lib/gcc/arm-none-eabi/13.2.1/../../../arm-none-eabi/lib/libc.a(libc_a-impure.o)
 .debug_str     0x00001b1a      0x689 /usr/lib/gcc/arm-none-eabi/13.2.1/../../../arm-none-eabi/lib/libc.a(libc_a-findfp.o)
 .debug_str     0x00001b1a      0x4bc /usr/lib/gcc/arm-none-eabi/13.2.1/../../../arm-none-eabi/lib/libc.a(libc_a-printf.o)
 .debug_str     0x00001b1a      0x182 /usr/lib/gcc/arm-none-eabi/13.2.1/../../../arm-none-eabi/lib/libc.a(libc_a-memset.o)
 .debug_str     0x00001b1a      0x491 /usr/lib/gcc/arm-none-eabi/13.2.1/../../../arm-none-eabi/lib/libc.a(libc_a-fwalk.o)
 .debug_str     0x00001b1a      0x8f8 /usr/lib/gcc/arm-none-eabi/13.2.1/../../../arm-none-eabi/lib/libc.a(libc_a-vfprintf.o)
 .debug_str     0x00001b1a      0x508 /usr/lib/gcc/arm-none-eabi/13.2.1/../../../arm-none-eabi/lib/libc.a(libc_a-fflush.o)
 .debug_str     0x00001b1a      0x6a9 /usr/lib/gcc/arm-none-eabi/13.2.1/../../../arm-none-eabi/lib/libc.a(libc_a-mallocr.o)
 .debug_str     0x00001b1a      0x867 /usr/lib/gcc/arm-none-eabi/13.2.1/../../../arm-none-eabi/lib/libc.a(libc_a-dtoa.o)
 .debug_str     0x00001b1a      0x4b2 /usr/lib/gcc/arm-none-eabi/13.2.1/../../../arm-none-eabi/lib/libc.a(libc_a-wsetup.o)
 .debug_str     0x00001b1a      0x5ff /usr/lib/gcc/arm-none-eabi/13.2.1/../../../arm-none-eabi/lib/libc.a(libc_a-freer.o)
 .debug_str     0x00001b1a      0x4e0 /usr/lib/gcc/arm-none-eabi/13.2.1/../../../arm-none-eabi/lib/libc.a(libc_a-fclose.o)
 .debug_str     0x00001b1a      0x177 /usr/lib/gcc/arm-none-eabi/13.2.1/../../../arm-none-eabi/lib/libc.a(libc_a-sysconf.o)
 .debug_str     0x00001b1a      0x4ee /usr/lib/gcc/arm-none-eabi/13.2.1/../../../arm-none-eabi/lib/libc.a(libc_a-stdio.o)
 .debug_str     0x00001b1a      0x487 /usr/lib/gcc/arm-none-eabi/13.2.1/../../../arm-none-eabi/lib/libc.a(libc_a-writer.o)
 .debug_str     0x00001b1a      0x49f /usr/lib/gcc/arm-none-eabi/13.2.1/../../../arm-none-eabi/lib/libc.a(libc_a-mlock.o)
 .debug_str     0x00001b1a      0x178 /usr/lib/gcc/arm-none-eabi/13.2.1/../../../arm-none-eabi/lib/libc.a(libc_a-strlen-stub.o)
 .debug_str     0x00001b1a      0x48a /usr/lib/gcc/arm-none-eabi/13.2.1/../../../arm-none-eabi/lib/libc.a(libc_a-sbrkr.o)
 .debug_str     0x00001b1a      0x477 /usr/lib/gcc/arm-none-eabi/13.2.1/../../../arm-none-eabi/lib/libc.a(libc_a-closer.o)
 .debug_str     0x00001b1a      0x4ca /usr/lib/gcc/arm-none-eabi/13.2.1/../../../arm-none-eabi/lib/libc.a(libc_a-sprint_r.o)
 .debug_str     0x00001b1a      0x4ba /usr/lib/gcc/arm-none-eabi/13.2.1/../../../arm-none-eabi/lib/libc.a(libc_a-assert.o)
 .debug_str     0x00001b1a      0x797 /usr/lib/gcc/arm-none-eabi/13.2.1/../../../arm-none-eabi/lib/libc.a(libc_a-mprec.o)
 .debug_str     0x00001b1a      0x192 /usr/lib/gcc/arm-none-eabi/13.2.1/../../../arm-none-eabi/lib/libc.a(libc_a-memchr-stub.o)
 .debug_str     0x00001b1a      0x6c7 /usr/lib/gcc/arm-none-eabi/13.2.1/../../../arm-none-eabi/lib/libc.a(libc_a-localeconv.o)
 .debug_str     0x00001b1a      0x614 /usr/lib/gcc/arm-none-eabi/13.2.1/../../../arm-none-eabi/lib/libc.a(libc_a-makebuf.o)
 .debug_str     0x00001b1a      0x700 /usr/lib/gcc/arm-none-eabi/13.2.1/../../../arm-none-eabi/lib/libc.a(libc_a-locale.o)
 .debug_str     0x00001b1a       0x89 /usr/lib/gcc/arm-none-eabi/13.2.1/../../../arm-none-eabi/lib/libc.a(libc_a-strcmp.o)
 .debug_str     0x00001b1a      0x6a7 /usr/lib/gcc/arm-none-eabi/13.2.1/../../../arm-none-eabi/lib/libc.a(libc_a-mbtowc_r.o)
 .debug_str     0x00001b1a      0x171 /usr/lib/gcc/arm-none-eabi/13.2.1/../../../arm-none-eabi/lib/libc.a(libc_a-abort.o)
 .debug_str     0x00001b1a      0x4d3 /usr/lib/gcc/arm-none-eabi/13.2.1/../../../arm-none-eabi/lib/libc.a(libc_a-callocr.o)
 .debug_str     0x00001b1a      0x485 /usr/lib/gcc/arm-none-eabi/13.2.1/../../../arm-none-eabi/lib/libc.a(libc_a-readr.o)
 .debug_str     0x00001b1a      0x4c3 /usr/lib/gcc/arm-none-eabi/13.2.1/../../../arm-none-eabi/lib/libc.a(libc_a-fiprintf.o)
 .debug_str     0x00001b1a      0x19f /usr/lib/gcc/arm-none-eabi/13.2.1/../../../arm-none-eabi/lib/libc.a(libc_a-memcpy-stub.o)
 .debug_str     0x00001b1a      0x6ae /usr/lib/gcc/arm-none-eabi/13.2.1/../../../arm-none-eabi/lib/libc.a(libc_a-wctomb_r.o)
 .debug_str     0x00001b1a      0x485 /usr/lib/gcc/arm-none-eabi/13.2.1/../../../arm-none-eabi/lib/libc.a(libc_a-lseekr.o)
 .debug_str     0x00001b1a      0x4a0 /usr/lib/gcc/arm-none-eabi/13.2.1/../../../arm-none-eabi/lib/libc.a(libc_a-reent.o)
 .debug_str     0x00001b1a      0x5c9 /usr/lib/gcc/arm-none-eabi/13.2.1/../../../arm-none-eabi/lib/libc.a(libc_a-fstatr.o)
 .debug_str     0x00001b1a      0x481 /usr/lib/gcc/arm-none-eabi/13.2.1/../../../arm-none-eabi/lib/libc.a(libc_a-isattyr.o)
 .debug_str     0x00001b1a      0x535 /usr/lib/gcc/arm-none-eabi/13.2.1/../../../arm-none-eabi/lib/libc.a(libc_a-fvwrite.o)
 .debug_str     0x00001b1a      0x167 /usr/lib/gcc/arm-none-eabi/13.2.1/../../../arm-none-eabi/lib/libc.a(libc_a-ctype_.o)
 .debug_str     0x00001b1a      0x508 /usr/lib/gcc/arm-none-eabi/13.2.1/../../../arm-none-eabi/lib/libc.a(libc_a-signal.o)
 .debug_str     0x00001b1a      0x49d /usr/lib/gcc/arm-none-eabi/13.2.1/../../../arm-none-eabi/lib/libc.a(libc_a-signalr.o)
 .debug_str     0x00001b1a      0x1a1 /usr/lib/gcc/arm-none-eabi/13.2.1/../../../arm-none-eabi/lib/libc.a(libc_a-memmove.o)
 .debug_str     0x00001b1a      0x80e /usr/lib/gcc/arm-none-eabi/13.2.1/../../../arm-none-eabi/lib/libc.a(libc_a-vfiprintf.o)
 .debug_str     0x00001b1a      0x574 /usr/lib/gcc/arm-none-eabi/13.2.1/../../../arm-none-eabi/lib/libc.a(libc_a-reallocr.o)
 .debug_str     0x00001b1a       0xa1 /usr/lib/gcc/arm-none-eabi/13.2.1/libgcc.a(_arm_muldf3.o)
 .debug_str     0x00001b1a       0xa5 /usr/lib/gcc/arm-none-eabi/13.2.1/libgcc.a(_udivsi3.o)
 .debug_str     0x00001b1a       0xa3 /usr/lib/gcc/arm-none-eabi/13.2.1/libgcc.a(_divsi3.o)
 .debug_str     0x00001b1a       0xa6 /usr/lib/gcc/arm-none-eabi/13.2.1/libgcc.a(_dvmd_tls.o)
 .debug_str     0x00001b1a      0x137 /usr/lib/gcc/arm-none-eabi/13.2.1/libgcc.a(_arm_addsubdf3.o)
 .debug_str     0x00001b1a       0xb7 /usr/lib/gcc/arm-none-eabi/13.2.1/libgcc.a(_arm_muldivdf3.o)
 .debug_str     0x00001b1a      0x140 /usr/lib/gcc/arm-none-eabi/13.2.1/libgcc.a(_arm_cmpdf2.o)
 .debug_str     0x00001b1a       0xa5 /usr/lib/gcc/arm-none-eabi/13.2.1/libgcc.a(_arm_unorddf2.o)
 .debug_str     0x00001b1a       0xa2 /usr/lib/gcc/arm-none-eabi/13.2.1/libgcc.a(_arm_fixdfsi.o)

.debug_frame    0x00000000     0x14dc
 .debug_frame   0x00000000       0x20 /usr/lib/gcc/arm-none-eabi/13.2.1/../../../arm-none-eabi/lib/libc.a(libc_a-errno.o)
 .debug_frame   0x00000020      0x12c /usr/lib/gcc/arm-none-eabi/13.2.1/../../../arm-none-eabi/lib/libc.a(libc_a-findfp.o)
 .debug_frame   0x0000014c       0x74 /usr/lib/gcc/arm-none-eabi/13.2.1/../../../arm-none-eabi/lib/libc.a(libc_a-printf.o)
 .debug_frame   0x000001c0       0x34 /usr/lib/gcc/arm-none-eabi/13.2.1/../../../arm-none-eabi/lib/libc.a(libc_a-memset.o)
 .debug_frame   0x000001f4       0x40 /usr/lib/gcc/arm-none-eabi/13.2.1/../../../arm-none-eabi/lib/libc.a(libc_a-fwalk.o)
 .debug_frame   0x00000234       0xb0 /usr/lib/gcc/arm-none-eabi/13.2.1/../../../arm-none-eabi/lib/libc.a(libc_a-vfprintf.o)
 .debug_frame   0x000002e4       0xb0 /usr/lib/gcc/arm-none-eabi/13.2.1/../../../arm-none-eabi/lib/libc.a(libc_a-fflush.o)
 .debug_frame   0x00000394       0x60 /usr/lib/gcc/arm-none-eabi/13.2.1/../../../arm-none-eabi/lib/libc.a(libc_a-mallocr.o)
 .debug_frame   0x000003f4       0xac /usr/lib/gcc/arm-none-eabi/13.2.1/../../../arm-none-eabi/lib/libc.a(libc_a-dtoa.o)
 .debug_frame   0x000004a0       0x38 /usr/lib/gcc/arm-none-eabi/13.2.1/../../../arm-none-eabi/lib/libc.a(libc_a-wsetup.o)
 .debug_frame   0x000004d8       0x70 /usr/lib/gcc/arm-none-eabi/13.2.1/../../../arm-none-eabi/lib/libc.a(libc_a-freer.o)
 .debug_frame   0x00000548       0x50 /usr/lib/gcc/arm-none-eabi/13.2.1/../../../arm-none-eabi/lib/libc.a(libc_a-fclose.o)
 .debug_frame   0x00000598       0x2c /usr/lib/gcc/arm-none-eabi/13.2.1/../../../arm-none-eabi/lib/libc.a(libc_a-sysconf.o)
 .debug_frame   0x000005c4       0xa0 /usr/lib/gcc/arm-none-eabi/13.2.1/../../../arm-none-eabi/lib/libc.a(libc_a-stdio.o)
 .debug_frame   0x00000664       0x34 /usr/lib/gcc/arm-none-eabi/13.2.1/../../../arm-none-eabi/lib/libc.a(libc_a-writer.o)
 .debug_frame   0x00000698       0x30 /usr/lib/gcc/arm-none-eabi/13.2.1/../../../arm-none-eabi/lib/libc.a(libc_a-mlock.o)
 .debug_frame   0x000006c8       0x20 /usr/lib/gcc/arm-none-eabi/13.2.1/../../../arm-none-eabi/lib/libc.a(libc_a-strlen-stub.o)
 .debug_frame   0x000006e8       0x3c /usr/lib/gcc/arm-none-eabi/13.2.1/../../../arm-none-eabi/lib/libc.a(libc_a-sbrkr.o)
 .debug_frame   0x00000724       0x34 /usr/lib/gcc/arm-none-eabi/13.2.1/../../../arm-none-eabi/lib/libc.a(libc_a-closer.o)
 .debug_frame   0x00000758       0x2c /usr/lib/gcc/arm-none-eabi/13.2.1/../../../arm-none-eabi/lib/libc.a(libc_a-sprint_r.o)
 .debug_frame   0x00000784       0x40 /usr/lib/gcc/arm-none-eabi/13.2.1/../../../arm-none-eabi/lib/libc.a(libc_a-assert.o)
 .debug_frame   0x000007c4      0x2f0 /usr/lib/gcc/arm-none-eabi/13.2.1/../../../arm-none-eabi/lib/libc.a(libc_a-mprec.o)
 .debug_frame   0x00000ab4       0x44 /usr/lib/gcc/arm-none-eabi/13.2.1/../../../arm-none-eabi/lib/libc.a(libc_a-memchr-stub.o)
 .debug_frame   0x00000af8       0x40 /usr/lib/gcc/arm-none-eabi/13.2.1/../../../arm-none-eabi/lib/libc.a(libc_a-localeconv.o)
 .debug_frame   0x00000b38       0x7c /usr/lib/gcc/arm-none-eabi/13.2.1/../../../arm-none-eabi/lib/libc.a(libc_a-makebuf.o)
 .debug_frame   0x00000bb4       0x60 /usr/lib/gcc/arm-none-eabi/13.2.1/../../../arm-none-eabi/lib/libc.a(libc_a-locale.o)
 .debug_frame   0x00000c14       0x40 /usr/lib/gcc/arm-none-eabi/13.2.1/../../../arm-none-eabi/lib/libc.a(libc_a-strcmp.o)
 .debug_frame   0x00000c54       0x48 /usr/lib/gcc/arm-none-eabi/13.2.1/../../../arm-none-eabi/lib/libc.a(libc_a-mbtowc_r.o)
 .debug_frame   0x00000c9c       0x28 /usr/lib/gcc/arm-none-eabi/13.2.1/../../../arm-none-eabi/lib/libc.a(libc_a-abort.o)
 .debug_frame   0x00000cc4       0x48 /usr/lib/gcc/arm-none-eabi/13.2.1/../../../arm-none-eabi/lib/libc.a(libc_a-callocr.o)
 .debug_frame   0x00000d0c       0x34 /usr/lib/gcc/arm-none-eabi/13.2.1/../../../arm-none-eabi/lib/libc.a(libc_a-readr.o)
 .debug_frame   0x00000d40       0x6c /usr/lib/gcc/arm-none-eabi/13.2.1/../../../arm-none-eabi/lib/libc.a(libc_a-fiprintf.o)
 .debug_frame   0x00000dac       0x3c /usr/lib/gcc/arm-none-eabi/13.2.1/../../../arm-none-eabi/lib/libc.a(libc_a-memcpy-stub.o)
 .debug_frame   0x00000de8       0x3c /usr/lib/gcc/arm-none-eabi/13.2.1/../../../arm-none-eabi/lib/libc.a(libc_a-wctomb_r.o)
 .debug_frame   0x00000e24       0x34 /usr/lib/gcc/arm-none-eabi/13.2.1/../../../arm-none-eabi/lib/libc.a(libc_a-lseekr.o)
 .debug_frame   0x00000e58       0x40 /usr/lib/gcc/arm-none-eabi/13.2.1/../../../arm-none-eabi/lib/libc.a(libc_a-reent.o)
 .debug_frame   0x00000e98       0x34 /usr/lib/gcc/arm-none-eabi/13.2.1/../../../arm-none-eabi/lib/libc.a(libc_a-fstatr.o)
 .debug_frame   0x00000ecc       0x34 /usr/lib/gcc/arm-none-eabi/13.2.1/../../../arm-none-eabi/lib/libc.a(libc_a-isattyr.o)
 .debug_frame   0x00000f00       0x70 /usr/lib/gcc/arm-none-eabi/13.2.1/../../../arm-none-eabi/lib/libc.a(libc_a-fvwrite.o)
 .debug_frame   0x00000f70      0x15c /usr/lib/gcc/arm-none-eabi/13.2.1/../../../arm-none-eabi/lib/libc.a(libc_a-signal.o)
 .debug_frame   0x000010cc       0x50 /usr/lib/gcc/arm-none-eabi/13.2.1/../../../arm-none-eabi/lib/libc.a(libc_a-signalr.o)
 .debug_frame   0x0000111c       0x34 /usr/lib/gcc/arm-none-eabi/13.2.1/../../../arm-none-eabi/lib/libc.a(libc_a-memmove.o)
 .debug_frame   0x00001150       0xb0 /usr/lib/gcc/arm-none-eabi/13.2.1/../../../arm-none-eabi/lib/libc.a(libc_a-vfiprintf.o)
 .debug_frame   0x00001200       0x68 /usr/lib/gcc/arm-none-eabi/13.2.1/../../../arm-none-eabi/lib/libc.a(libc_a-reallocr.o)
 .debug_frame   0x00001268       0x30 /usr/lib/gcc/arm-none-eabi/13.2.1/libgcc.a(_arm_muldf3.o)
 .debug_frame   0x00001298       0x20 /usr/lib/gcc/arm-none-eabi/13.2.1/libgcc.a(_udivsi3.o)
 .debug_frame   0x000012b8       0x20 /usr/lib/gcc/arm-none-eabi/13.2.1/libgcc.a(_divsi3.o)
 .debug_frame   0x000012d8       0xac /usr/lib/gcc/arm-none-eabi/13.2.1/libgcc.a(_arm_addsubdf3.o)
 .debug_frame   0x00001384       0x50 /usr/lib/gcc/arm-none-eabi/13.2.1/libgcc.a(_arm_muldivdf3.o)
 .debug_frame   0x000013d4       0xc4 /usr/lib/gcc/arm-none-eabi/13.2.1/libgcc.a(_arm_cmpdf2.o)
 .debug_frame   0x00001498       0x20 /usr/lib/gcc/arm-none-eabi/13.2.1/libgcc.a(_arm_unorddf2.o)
 .debug_frame   0x000014b8       0x24 /usr/lib/gcc/arm-none-eabi/13.2.1/libgcc.a(_arm_fixdfsi.o)

.debug_loclists
                0x00000000     0xbc53
 .debug_loclists
                0x00000000      0x1da /usr/lib/gcc/arm-none-eabi/13.2.1/../../../arm-none-eabi/lib/libc.a(libc_a-findfp.o)
 .debug_loclists
                0x000001da       0x3c /usr/lib/gcc/arm-none-eabi/13.2.1/../../../arm-none-eabi/lib/libc.a(libc_a-printf.o)
 .debug_loclists
                0x00000216      0x1c9 /usr/lib/gcc/arm-none-eabi/13.2.1/../../../arm-none-eabi/lib/libc.a(libc_a-memset.o)
 .debug_loclists
                0x000003df       0x90 /usr/lib/gcc/arm-none-eabi/13.2.1/../../../arm-none-eabi/lib/libc.a(libc_a-fwalk.o)
 .debug_loclists
                0x0000046f     0x21f9 /usr/lib/gcc/arm-none-eabi/13.2.1/../../../arm-none-eabi/lib/libc.a(libc_a-vfprintf.o)
 .debug_loclists
                0x00002668      0x343 /usr/lib/gcc/arm-none-eabi/13.2.1/../../../arm-none-eabi/lib/libc.a(libc_a-fflush.o)
 .debug_loclists
                0x000029ab      0x8d0 /usr/lib/gcc/arm-none-eabi/13.2.1/../../../arm-none-eabi/lib/libc.a(libc_a-mallocr.o)
 .debug_loclists
                0x0000327b     0x216a /usr/lib/gcc/arm-none-eabi/13.2.1/../../../arm-none-eabi/lib/libc.a(libc_a-dtoa.o)
 .debug_loclists
                0x000053e5       0x8f /usr/lib/gcc/arm-none-eabi/13.2.1/../../../arm-none-eabi/lib/libc.a(libc_a-wsetup.o)
 .debug_loclists
                0x00005474      0x449 /usr/lib/gcc/arm-none-eabi/13.2.1/../../../arm-none-eabi/lib/libc.a(libc_a-freer.o)
 .debug_loclists
                0x000058bd      0x13f /usr/lib/gcc/arm-none-eabi/13.2.1/../../../arm-none-eabi/lib/libc.a(libc_a-fclose.o)
 .debug_loclists
                0x000059fc       0x3b /usr/lib/gcc/arm-none-eabi/13.2.1/../../../arm-none-eabi/lib/libc.a(libc_a-sysconf.o)
 .debug_loclists
                0x00005a37      0x29f /usr/lib/gcc/arm-none-eabi/13.2.1/../../../arm-none-eabi/lib/libc.a(libc_a-stdio.o)
 .debug_loclists
                0x00005cd6       0x89 /usr/lib/gcc/arm-none-eabi/13.2.1/../../../arm-none-eabi/lib/libc.a(libc_a-writer.o)
 .debug_loclists
                0x00005d5f       0x29 /usr/lib/gcc/arm-none-eabi/13.2.1/../../../arm-none-eabi/lib/libc.a(libc_a-strlen-stub.o)
 .debug_loclists
                0x00005d88       0x62 /usr/lib/gcc/arm-none-eabi/13.2.1/../../../arm-none-eabi/lib/libc.a(libc_a-sbrkr.o)
 .debug_loclists
                0x00005dea       0x4b /usr/lib/gcc/arm-none-eabi/13.2.1/../../../arm-none-eabi/lib/libc.a(libc_a-closer.o)
 .debug_loclists
                0x00005e35       0x6b /usr/lib/gcc/arm-none-eabi/13.2.1/../../../arm-none-eabi/lib/libc.a(libc_a-sprint_r.o)
 .debug_loclists
                0x00005ea0       0xd8 /usr/lib/gcc/arm-none-eabi/13.2.1/../../../arm-none-eabi/lib/libc.a(libc_a-assert.o)
 .debug_loclists
                0x00005f78     0x2b46 /usr/lib/gcc/arm-none-eabi/13.2.1/../../../arm-none-eabi/lib/libc.a(libc_a-mprec.o)
 .debug_loclists
                0x00008abe      0x123 /usr/lib/gcc/arm-none-eabi/13.2.1/../../../arm-none-eabi/lib/libc.a(libc_a-memchr-stub.o)
 .debug_loclists
                0x00008be1       0x48 /usr/lib/gcc/arm-none-eabi/13.2.1/../../../arm-none-eabi/lib/libc.a(libc_a-localeconv.o)
 .debug_loclists
                0x00008c29      0x248 /usr/lib/gcc/arm-none-eabi/13.2.1/../../../arm-none-eabi/lib/libc.a(libc_a-makebuf.o)
 .debug_loclists
                0x00008e71      0x104 /usr/lib/gcc/arm-none-eabi/13.2.1/../../../arm-none-eabi/lib/libc.a(libc_a-locale.o)
 .debug_loclists
                0x00008f75       0xf0 /usr/lib/gcc/arm-none-eabi/13.2.1/../../../arm-none-eabi/lib/libc.a(libc_a-mbtowc_r.o)
 .debug_loclists
                0x00009065      0x1f7 /usr/lib/gcc/arm-none-eabi/13.2.1/../../../arm-none-eabi/lib/libc.a(libc_a-callocr.o)
 .debug_loclists
                0x0000925c       0x89 /usr/lib/gcc/arm-none-eabi/13.2.1/../../../arm-none-eabi/lib/libc.a(libc_a-readr.o)
 .debug_loclists
                0x000092e5       0x6b /usr/lib/gcc/arm-none-eabi/13.2.1/../../../arm-none-eabi/lib/libc.a(libc_a-fiprintf.o)
 .debug_loclists
                0x00009350      0x166 /usr/lib/gcc/arm-none-eabi/13.2.1/../../../arm-none-eabi/lib/libc.a(libc_a-memcpy-stub.o)
 .debug_loclists
                0x000094b6       0xdf /usr/lib/gcc/arm-none-eabi/13.2.1/../../../arm-none-eabi/lib/libc.a(libc_a-wctomb_r.o)
 .debug_loclists
                0x00009595       0x89 /usr/lib/gcc/arm-none-eabi/13.2.1/../../../arm-none-eabi/lib/libc.a(libc_a-lseekr.o)
 .debug_loclists
                0x0000961e       0x86 /usr/lib/gcc/arm-none-eabi/13.2.1/../../../arm-none-eabi/lib/libc.a(libc_a-reent.o)
 .debug_loclists
                0x000096a4       0x6a /usr/lib/gcc/arm-none-eabi/13.2.1/../../../arm-none-eabi/lib/libc.a(libc_a-fstatr.o)
 .debug_loclists
                0x0000970e       0x4b /usr/lib/gcc/arm-none-eabi/13.2.1/../../../arm-none-eabi/lib/libc.a(libc_a-isattyr.o)
 .debug_loclists
                0x00009759      0x476 /usr/lib/gcc/arm-none-eabi/13.2.1/../../../arm-none-eabi/lib/libc.a(libc_a-fvwrite.o)
 .debug_loclists
                0x00009bcf      0x4f7 /usr/lib/gcc/arm-none-eabi/13.2.1/../../../arm-none-eabi/lib/libc.a(libc_a-signal.o)
 .debug_loclists
                0x0000a0c6       0x8a /usr/lib/gcc/arm-none-eabi/13.2.1/../../../arm-none-eabi/lib/libc.a(libc_a-signalr.o)
 .debug_loclists
                0x0000a150      0x19d /usr/lib/gcc/arm-none-eabi/13.2.1/../../../arm-none-eabi/lib/libc.a(libc_a-memmove.o)
 .debug_loclists
                0x0000a2ed      0xfa1 /usr/lib/gcc/arm-none-eabi/13.2.1/../../../arm-none-eabi/lib/libc.a(libc_a-vfiprintf.o)
 .debug_loclists
                0x0000b28e      0x9c5 /usr/lib/gcc/arm-none-eabi/13.2.1/../../../arm-none-eabi/lib/libc.a(libc_a-reallocr.o)

.debug_rnglists
                0x00000000      0x44c
 .debug_rnglists
                0x00000000       0x70 /usr/lib/gcc/arm-none-eabi/13.2.1/../../../arm-none-eabi/lib/libc.a(libc_a-findfp.o)
 .debug_rnglists
                0x00000070       0xd7 /usr/lib/gcc/arm-none-eabi/13.2.1/../../../arm-none-eabi/lib/libc.a(libc_a-vfprintf.o)
 .debug_rnglists
                0x00000147       0x59 /usr/lib/gcc/arm-none-eabi/13.2.1/../../../arm-none-eabi/lib/libc.a(libc_a-fflush.o)
 .debug_rnglists
                0x000001a0       0x1c /usr/lib/gcc/arm-none-eabi/13.2.1/../../../arm-none-eabi/lib/libc.a(libc_a-mallocr.o)