D:/MicroControllers/STM32F407VGT6/STM32F407VGT6/chip_headers/CMSIS/Include/core_cm4.h:1684:22:__NVIC_EnableIRQ	16	static,ignoring_inline_asm
../Src/uart.c:34:5:__io_putchar	16	static
../Src/uart.c:41:6:uart2_rxtx_init	8	static
../Src/uart.c:91:6:uart2_read	4	static
../Src/uart.c:100:6:uart2_tx_init	8	static
../Src/uart.c:129:6:uart2_write	16	static
../Src/uart.c:139:13:uart_set_baudrate	24	static
../Src/uart.c:148:17:compute_uart_bd	16	static
../Src/uart.c:155:6:uart2_rx_interrupt_init	8	static
